Archive member included because of file (symbol)

c:/program files/microsemi/softconsole v3.3/sourcery-g++/bin/../lib/gcc/arm-none-eabi/4.4.1/../../../../arm-none-eabi/lib/thumb2\libc.a(lib_a-errno.o)
                              ./CMSIS/startup_gcc/newlib_stubs.o (__errno)
c:/program files/microsemi/softconsole v3.3/sourcery-g++/bin/../lib/gcc/arm-none-eabi/4.4.1/../../../../arm-none-eabi/lib/thumb2\libc.a(lib_a-impure.o)
                              c:/program files/microsemi/softconsole v3.3/sourcery-g++/bin/../lib/gcc/arm-none-eabi/4.4.1/../../../../arm-none-eabi/lib/thumb2\libc.a(lib_a-errno.o) (_impure_ptr)
c:/program files/microsemi/softconsole v3.3/sourcery-g++/bin/../lib/gcc/arm-none-eabi/4.4.1/../../../../arm-none-eabi/lib/thumb2\libc.a(lib_a-init.o)
                              ./CMSIS/startup_gcc/startup_a2fxxxm3.o (__libc_init_array)

Allocating common symbols
Common symbol       size              file

motors              0x4               ./main.o
g_mss_uart1         0x28              ./drivers/mss_uart/mss_uart.o
servos              0x4               ./main.o
g_mss_uart0         0x28              ./drivers/mss_uart/mss_uart.o

Memory Configuration

Name             Origin             Length             Attributes
ram              0x20000000         0x00010000         xrw
*default*        0x00000000         0xffffffff

Linker script and memory map

LOAD c:/program files/microsemi/softconsole v3.3/sourcery-g++/bin/../lib/gcc/arm-none-eabi/4.4.1/thumb2/crti.o
LOAD c:/program files/microsemi/softconsole v3.3/sourcery-g++/bin/../lib/gcc/arm-none-eabi/4.4.1/thumb2/crtbegin.o
LOAD ./core_pwm.o
LOAD ./main.o
LOAD ./hal/CortexM3/cortex_nvic.o
LOAD ./hal/CortexM3/GNU/hal.o
LOAD ./hal/CortexM3/GNU/hal_assert.o
LOAD ./hal/CortexM3/GNU/hw_reg_access.o
LOAD ./drivers/mss_uart/mss_uart.o
LOAD ./drivers/mss_gpio/mss_gpio.o
LOAD ./CMSIS/brownout_isr.o
LOAD ./CMSIS/core_cm3.o
LOAD ./CMSIS/system_a2fxxxm3.o
LOAD ./CMSIS/startup_gcc/newlib_stubs.o
LOAD ./CMSIS/startup_gcc/startup_a2fxxxm3.o
START GROUP
LOAD c:/program files/microsemi/softconsole v3.3/sourcery-g++/bin/../lib/gcc/arm-none-eabi/4.4.1/thumb2\libgcc.a
LOAD c:/program files/microsemi/softconsole v3.3/sourcery-g++/bin/../lib/gcc/arm-none-eabi/4.4.1/../../../../arm-none-eabi/lib/thumb2\libc.a
LOAD c:/program files/microsemi/softconsole v3.3/sourcery-g++/bin/../lib/gcc/arm-none-eabi/4.4.1/thumb2\libgcc.a
END GROUP
LOAD c:/program files/microsemi/softconsole v3.3/sourcery-g++/bin/../lib/gcc/arm-none-eabi/4.4.1/thumb2/crtend.o
LOAD c:/program files/microsemi/softconsole v3.3/sourcery-g++/bin/../lib/gcc/arm-none-eabi/4.4.1/thumb2/crtn.o
START GROUP
LOAD c:/program files/microsemi/softconsole v3.3/sourcery-g++/bin/../lib/gcc/arm-none-eabi/4.4.1/../../../../arm-none-eabi/lib/thumb2\libc.a
LOAD c:/program files/microsemi/softconsole v3.3/sourcery-g++/bin/../lib/gcc/arm-none-eabi/4.4.1/thumb2\libgcc.a
LOAD c:/program files/microsemi/softconsole v3.3/sourcery-g++/bin/../lib/gcc/arm-none-eabi/4.4.1/../../../../arm-none-eabi/lib/thumb2\libm.a
END GROUP
                0x00000000                __DYNAMIC = 0x0
                0x20000000                RAM_START_ADDRESS = 0x20000000
                0x00010000                RAM_SIZE = 0x10000
                0x00002000                MAIN_STACK_SIZE = 0x2000
                0x00001000                PROCESS_STACK_SIZE = 0x1000
                0x20010000                PROVIDE (__main_stack_start, (RAM_START_ADDRESS + RAM_SIZE))
                0x2000e000                PROVIDE (__process_stack_start, (__main_stack_start - MAIN_STACK_SIZE))
                0x20010000                PROVIDE (_estack, __main_stack_start)
                0x00000000                PROVIDE (__mirrored_nvm, 0x0)

.text           0x20000000     0x3a74
 CREATE_OBJECT_SYMBOLS
                0x20000000                __text_load = LOADADDR (.text)
                0x20000000                __text_start = .
 *(.isr_vector)
 .isr_vector    0x20000000      0x470 ./CMSIS/startup_gcc/startup_a2fxxxm3.o
                0x20000000                g_pfnVectors
                0x20000298                Reset_Handler
                0x20000308                NMI_Handler
                0x2000030a                HardFault_Handler
                0x2000030c                MemManage_Handler
                0x2000030e                BusFault_Handler
                0x20000310                UsageFault_Handler
                0x20000312                SVC_Handler
                0x20000314                DebugMon_Handler
                0x20000316                PendSV_Handler
                0x20000318                SysTick_Handler
                0x2000031a                WdogWakeup_IRQHandler
                0x2000031e                BrownOut_3_3V_IRQHandler
                0x20000320                RTC_Match_IRQHandler
                0x20000322                RTCIF_Pub_IRQHandler
                0x20000324                EthernetMAC_IRQHandler
                0x20000326                IAP_IRQHandler
                0x20000328                ENVM0_IRQHandler
                0x2000032a                ENVM1_IRQHandler
                0x2000032c                DMA_IRQHandler
                0x20000332                SPI0_IRQHandler
                0x20000334                SPI1_IRQHandler
                0x20000336                I2C0_IRQHandler
                0x20000338                I2C0_SMBAlert_IRQHandler
                0x2000033a                I2C0_SMBus_IRQHandler
                0x2000033c                I2C1_IRQHandler
                0x2000033e                I2C1_SMBAlert_IRQHandler
                0x20000340                I2C1_SMBus_IRQHandler
                0x20000342                Timer1_IRQHandler
                0x20000344                Timer2_IRQHandler
                0x20000346                PLL_Lock_IRQHandler
                0x20000348                PLL_LockLost_IRQHandler
                0x2000034a                CommError_IRQHandler
                0x2000034c                Fabric_IRQHandler
                0x2000034e                GPIO0_IRQHandler
                0x20000350                GPIO1_IRQHandler
                0x20000352                GPIO2_IRQHandler
                0x20000354                GPIO3_IRQHandler
                0x20000356                GPIO4_IRQHandler
                0x20000358                GPIO5_IRQHandler
                0x2000035a                GPIO6_IRQHandler
                0x2000035c                GPIO7_IRQHandler
                0x2000035e                GPIO8_IRQHandler
                0x20000360                GPIO9_IRQHandler
                0x20000362                GPIO10_IRQHandler
                0x20000364                GPIO11_IRQHandler
                0x20000366                GPIO12_IRQHandler
                0x20000368                GPIO13_IRQHandler
                0x2000036a                GPIO14_IRQHandler
                0x2000036c                GPIO15_IRQHandler
                0x2000036e                GPIO16_IRQHandler
                0x20000370                GPIO17_IRQHandler
                0x20000372                GPIO18_IRQHandler
                0x20000374                GPIO19_IRQHandler
                0x20000376                GPIO20_IRQHandler
                0x20000378                GPIO21_IRQHandler
                0x2000037a                GPIO22_IRQHandler
                0x2000037c                GPIO23_IRQHandler
                0x2000037e                GPIO24_IRQHandler
                0x20000380                GPIO25_IRQHandler
                0x20000382                GPIO26_IRQHandler
                0x20000384                GPIO27_IRQHandler
                0x20000386                GPIO28_IRQHandler
                0x20000388                GPIO29_IRQHandler
                0x2000038a                GPIO30_IRQHandler
                0x2000038c                GPIO31_IRQHandler
                0x2000038e                ACE_PC0_Flag0_IRQHandler
                0x20000390                ACE_PC0_Flag1_IRQHandler
                0x20000392                ACE_PC0_Flag2_IRQHandler
                0x20000394                ACE_PC0_Flag3_IRQHandler
                0x20000396                ACE_PC1_Flag0_IRQHandler
                0x20000398                ACE_PC1_Flag1_IRQHandler
                0x2000039a                ACE_PC1_Flag2_IRQHandler
                0x2000039c                ACE_PC1_Flag3_IRQHandler
                0x2000039e                ACE_PC2_Flag0_IRQHandler
                0x200003a0                ACE_PC2_Flag1_IRQHandler
                0x200003a2                ACE_PC2_Flag2_IRQHandler
                0x200003a4                ACE_PC2_Flag3_IRQHandler
                0x200003a6                ACE_ADC0_DataValid_IRQHandler
                0x200003a8                ACE_ADC1_DataValid_IRQHandler
                0x200003aa                ACE_ADC2_DataValid_IRQHandler
                0x200003ac                ACE_ADC0_CalDone_IRQHandler
                0x200003ae                ACE_ADC1_CalDone_IRQHandler
                0x200003b0                ACE_ADC2_CalDone_IRQHandler
                0x200003b2                ACE_ADC0_CalStart_IRQHandler
                0x200003b4                ACE_ADC1_CalStart_IRQHandler
                0x200003b6                ACE_ADC2_CalStart_IRQHandler
                0x200003b8                ACE_Comp0_Fall_IRQHandler
                0x200003ba                ACE_Comp1_Fall_IRQHandler
                0x200003bc                ACE_Comp2_Fall_IRQHandler
                0x200003be                ACE_Comp3_Fall_IRQHandler
                0x200003c0                ACE_Comp4_Fall_IRQHandler
                0x200003c2                ACE_Comp5_Fall_IRQHandler
                0x200003c4                ACE_Comp6_Fall_IRQHandler
                0x200003c6                ACE_Comp7_Fall_IRQHandler
                0x200003c8                ACE_Comp8_Fall_IRQHandler
                0x200003ca                ACE_Comp9_Fall_IRQHandler
                0x200003cc                ACE_Comp10_Fall_IRQHandler
                0x200003ce                ACE_Comp11_Fall_IRQHandler
                0x200003d0                ACE_Comp0_Rise_IRQHandler
                0x200003d2                ACE_Comp1_Rise_IRQHandler
                0x200003d4                ACE_Comp2_Rise_IRQHandler
                0x200003d6                ACE_Comp3_Rise_IRQHandler
                0x200003d8                ACE_Comp4_Rise_IRQHandler
                0x200003da                ACE_Comp5_Rise_IRQHandler
                0x200003dc                ACE_Comp6_Rise_IRQHandler
                0x200003de                ACE_Comp7_Rise_IRQHandler
                0x200003e0                ACE_Comp8_Rise_IRQHandler
                0x200003e2                ACE_Comp9_Rise_IRQHandler
                0x200003e4                ACE_Comp10_Rise_IRQHandler
                0x200003e6                ACE_Comp11_Rise_IRQHandler
                0x200003e8                ACE_ADC0_FifoFull_IRQHandler
                0x200003ea                ACE_ADC0_FifoAFull_IRQHandler
                0x200003ec                ACE_ADC0_FifoEmpty_IRQHandler
                0x200003ee                ACE_ADC1_FifoFull_IRQHandler
                0x200003f0                ACE_ADC1_FifoAFull_IRQHandler
                0x200003f2                ACE_ADC1_FifoEmpty_IRQHandler
                0x200003f4                ACE_ADC2_FifoFull_IRQHandler
                0x200003f6                ACE_ADC2_FifoAFull_IRQHandler
                0x200003f8                ACE_ADC2_FifoEmpty_IRQHandler
                0x200003fa                ACE_PPE_Flag0_IRQHandler
                0x200003fc                ACE_PPE_Flag1_IRQHandler
                0x200003fe                ACE_PPE_Flag2_IRQHandler
                0x20000400                ACE_PPE_Flag3_IRQHandler
                0x20000402                ACE_PPE_Flag4_IRQHandler
                0x20000404                ACE_PPE_Flag5_IRQHandler
                0x20000406                ACE_PPE_Flag6_IRQHandler
                0x20000408                ACE_PPE_Flag7_IRQHandler
                0x2000040a                ACE_PPE_Flag8_IRQHandler
                0x2000040c                ACE_PPE_Flag9_IRQHandler
                0x2000040e                ACE_PPE_Flag10_IRQHandler
                0x20000410                ACE_PPE_Flag11_IRQHandler
                0x20000412                ACE_PPE_Flag12_IRQHandler
                0x20000414                ACE_PPE_Flag13_IRQHandler
                0x20000416                ACE_PPE_Flag14_IRQHandler
                0x20000418                ACE_PPE_Flag15_IRQHandler
                0x2000041a                ACE_PPE_Flag16_IRQHandler
                0x2000041c                ACE_PPE_Flag17_IRQHandler
                0x2000041e                ACE_PPE_Flag18_IRQHandler
                0x20000420                ACE_PPE_Flag19_IRQHandler
                0x20000422                ACE_PPE_Flag20_IRQHandler
                0x20000424                ACE_PPE_Flag21_IRQHandler
                0x20000426                ACE_PPE_Flag22_IRQHandler
                0x20000428                ACE_PPE_Flag23_IRQHandler
                0x2000042a                ACE_PPE_Flag24_IRQHandler
                0x2000042c                ACE_PPE_Flag25_IRQHandler
                0x2000042e                ACE_PPE_Flag26_IRQHandler
                0x20000430                ACE_PPE_Flag27_IRQHandler
                0x20000432                ACE_PPE_Flag28_IRQHandler
                0x20000434                ACE_PPE_Flag29_IRQHandler
                0x20000436                ACE_PPE_Flag30_IRQHandler
                0x20000438                ACE_PPE_Flag31_IRQHandler
 *(.text .text.* .gnu.linkonce.t.*)
 .text          0x20000470        0x0 c:/program files/microsemi/softconsole v3.3/sourcery-g++/bin/../lib/gcc/arm-none-eabi/4.4.1/thumb2/crti.o
 .text          0x20000470       0x30 c:/program files/microsemi/softconsole v3.3/sourcery-g++/bin/../lib/gcc/arm-none-eabi/4.4.1/thumb2/crtbegin.o
 .text          0x200004a0     0x13cc ./core_pwm.o
                0x200004a0                PWM_init
                0x20000648                PWM_enable
                0x20000744                PWM_disable
                0x2000084c                PWM_enable_synch_update
                0x200008a8                PWM_disable_synch_update
                0x20000904                PWM_set_duty_cycle
                0x20000a64                PWM_set_edges
                0x20000c2c                PWM_get_duty_cycle
                0x20000d88                PWM_generate_aligned_wave
                0x20000fc0                PWM_enable_stretch_pulse
                0x200010b0                PWM_disable_stretch_pulse
                0x200011a8                PWM_tach_init
                0x20001244                PWM_tach_set_mode
                0x20001350                PWM_tach_read_value
                0x200013ec                PWM_tach_clear_status
                0x20001484                PWM_tach_read_status
                0x20001530                PWM_tach_get_irq_source
                0x200015ec                PWM_tach_enable_irq
                0x200016dc                PWM_tach_disable_irq
                0x200017d4                PWM_tach_clear_irq
 .text          0x2000186c      0x398 ./main.o
                0x2000186c                start_gun
                0x20001880                stop_gun
                0x20001894                pwm_init
                0x200018d8                gun_angle_servo_pwm
                0x200018ec                wheel1
                0x2000199c                wheel2
                0x20001a4c                wheel3
                0x20001afc                wheel4
                0x20001bac                set_gun_angle
                0x20001bd8                main
 .text          0x20001c04       0x78 ./hal/CortexM3/cortex_nvic.o
                0x20001c04                NVIC_init
                0x20001c10                NVIC_set_handler
                0x20001c28                NVIC_set_priority
                0x20001c40                NVIC_enable_interrupt
                0x20001c54                NVIC_disable_interrupt
                0x20001c68                NVIC_clear_interrupt
 .text          0x20001c7c        0xe ./hal/CortexM3/GNU/hal.o
                0x20001c7c                HAL_disable_interrupts
                0x20001c84                HAL_restore_interrupts
 *fill*         0x20001c8a        0x2 00
 .text          0x20001c8c       0x28 ./hal/CortexM3/GNU/hal_assert.o
                0x20001c8c                HAL_assert_fail
 .text          0x20001cb4       0x90 ./hal/CortexM3/GNU/hw_reg_access.o
                0x20001cb4                HW_set_32bit_reg
                0x20001cb8                HW_get_32bit_reg
                0x20001cbc                HW_set_32bit_reg_field
                0x20001cd8                HW_get_32bit_reg_field
                0x20001ce4                HW_set_16bit_reg
                0x20001ce8                HW_get_16bit_reg
                0x20001cec                HW_set_16bit_reg_field
                0x20001d08                HW_get_16bit_reg_field
                0x20001d14                HW_set_8bit_reg
                0x20001d18                HW_get_8bit_reg
                0x20001d1c                HW_set_8bit_reg_field
                0x20001d38                HW_get_8bit_reg_field
 .text          0x20001d44      0xee4 ./drivers/mss_uart/mss_uart.o
                0x20001df4                MSS_UART_init
                0x20001ff8                MSS_UART_polled_tx
                0x200020dc                MSS_UART_polled_tx_string
                0x200021ac                MSS_UART_irq_tx
                0x2000225c                MSS_UART_tx_complete
                0x200022ec                MSS_UART_get_rx
                0x200023c8                MSS_UART_enable_irq
                0x20002444                MSS_UART_disable_irq
                0x200026f0                MSS_UART_set_rx_handler
                0x20002798                MSS_UART_set_loopback
                0x20002808                UART0_IRQHandler
                0x20002834                UART1_IRQHandler
                0x20002860                MSS_UART_set_rxstatus_handler
                0x200028e4                MSS_UART_set_tx_handler
                0x20002978                MSS_UART_set_modemstatus_handler
                0x200029fc                MSS_UART_fill_tx_fifo
                0x20002ad0                MSS_UART_get_rx_status
                0x20002b50                MSS_UART_get_modem_status
                0x20002bb0                MSS_UART_get_tx_status
 .text          0x20002c28      0x388 ./drivers/mss_gpio/mss_gpio.o
                0x20002c9c                MSS_GPIO_init
                0x20002d08                MSS_GPIO_config
                0x20002d44                MSS_GPIO_set_output
                0x20002d84                MSS_GPIO_drive_inout
                0x20002eac                MSS_GPIO_enable_irq
                0x20002f10                MSS_GPIO_disable_irq
                0x20002f60                MSS_GPIO_clear_irq
 .text          0x20002fb0       0xb0 ./CMSIS/brownout_isr.o
                0x20002fb0                BrownOut_1_5V_IRQHandler
 .text          0x20003060      0x28c ./CMSIS/core_cm3.o
                0x20003060                __get_PSP
                0x20003070                __set_PSP
                0x20003078                __get_MSP
                0x20003088                __set_MSP
                0x20003090                __get_BASEPRI
                0x200030b0                __set_BASEPRI
                0x200030c8                __get_PRIMASK
                0x200030e8                __set_PRIMASK
                0x20003100                __get_FAULTMASK
                0x20003120                __set_FAULTMASK
                0x20003138                __get_CONTROL
                0x20003158                __set_CONTROL
                0x20003170                __REV
                0x20003194                __REV16
                0x200031b8                __REVSH
                0x200031dc                __RBIT
                0x20003200                __LDREXB
                0x20003224                __LDREXH
                0x20003248                __LDREXW
                0x2000326c                __STREXB
                0x20003298                __STREXH
                0x200032c4                __STREXW
 .text          0x200032ec      0x244 ./CMSIS/system_a2fxxxm3.o
                0x200032ec                SystemInit
                0x200032f8                SystemCoreClockUpdate
 .text          0x20003530      0x2c0 ./CMSIS/startup_gcc/newlib_stubs.o
                0x20003530                _close
                0x20003548                _execve
                0x20003570                _exit
                0x2000357c                _fork
                0x20003594                _fstat
                0x200035b8                _getpid
                0x200035c8                _isatty
                0x200035e0                _kill
                0x20003604                _link
                0x20003628                _lseek
                0x20003644                _open
                0x20003660                _read
                0x2000367c                _write_r
                0x200036d8                _sbrk
                0x2000376c                _stat
                0x20003790                _times
                0x200037a8                _unlink
                0x200037cc                _wait
 .text          0x200037f0        0x0 ./CMSIS/startup_gcc/startup_a2fxxxm3.o
 .text          0x200037f0        0xc c:/program files/microsemi/softconsole v3.3/sourcery-g++/bin/../lib/gcc/arm-none-eabi/4.4.1/../../../../arm-none-eabi/lib/thumb2\libc.a(lib_a-errno.o)
                0x200037f0                __errno
 .text          0x200037fc        0x0 c:/program files/microsemi/softconsole v3.3/sourcery-g++/bin/../lib/gcc/arm-none-eabi/4.4.1/../../../../arm-none-eabi/lib/thumb2\libc.a(lib_a-impure.o)
 .text          0x200037fc       0x50 c:/program files/microsemi/softconsole v3.3/sourcery-g++/bin/../lib/gcc/arm-none-eabi/4.4.1/../../../../arm-none-eabi/lib/thumb2\libc.a(lib_a-init.o)
                0x200037fc                __libc_init_array
 .text          0x2000384c        0x0 c:/program files/microsemi/softconsole v3.3/sourcery-g++/bin/../lib/gcc/arm-none-eabi/4.4.1/thumb2/crtend.o
 .text          0x2000384c        0x0 c:/program files/microsemi/softconsole v3.3/sourcery-g++/bin/../lib/gcc/arm-none-eabi/4.4.1/thumb2/crtn.o
 *(.plt)
 *(.gnu.warning)
 *(.glue_7t)
 .glue_7t       0x00000000        0x0 linker stubs
 *(.glue_7)
 .glue_7        0x00000000        0x0 linker stubs
 *(.vfp11_veneer)
 .vfp11_veneer  0x00000000        0x0 linker stubs
                0x2000384c                . = ALIGN (0x4)
 *crtbegin.o(.ctors)
 *(EXCLUDE_FILE(*crtend.o) .ctors)
 *(SORT(.ctors.*))
 *crtend.o(.ctors)
 *crtbegin.o(.dtors)
 *(EXCLUDE_FILE(*crtend.o) .dtors)
 *(SORT(.dtors.*))
 *crtend.o(.dtors)
 *(.rodata .rodata.* .gnu.linkonce.r.*)
 .rodata        0x2000384c      0x114 ./core_pwm.o
 .rodata        0x20003960       0xc0 ./drivers/mss_gpio/mss_gpio.o
 .rodata        0x20003a20       0x10 ./CMSIS/system_a2fxxxm3.o
 .rodata        0x20003a30       0x1c ./CMSIS/startup_gcc/newlib_stubs.o
 .rodata        0x20003a4c        0x4 c:/program files/microsemi/softconsole v3.3/sourcery-g++/bin/../lib/gcc/arm-none-eabi/4.4.1/../../../../arm-none-eabi/lib/thumb2\libc.a(lib_a-impure.o)
                0x20003a4c                _global_impure_ptr
 .rodata.str1.4
                0x20003a50        0x4 c:/program files/microsemi/softconsole v3.3/sourcery-g++/bin/../lib/gcc/arm-none-eabi/4.4.1/../../../../arm-none-eabi/lib/thumb2\libc.a(lib_a-impure.o)
 *(.ARM.extab* .gnu.linkonce.armextab.*)
 *(.gcc_except_table)
 *(.eh_frame_hdr)
 *(.eh_frame)
 *(.init)
 .init          0x20003a54        0x4 c:/program files/microsemi/softconsole v3.3/sourcery-g++/bin/../lib/gcc/arm-none-eabi/4.4.1/thumb2/crti.o
                0x20003a54                _init
 .init          0x20003a58        0x8 c:/program files/microsemi/softconsole v3.3/sourcery-g++/bin/../lib/gcc/arm-none-eabi/4.4.1/thumb2/crtn.o
 *(.fini)
 .fini          0x20003a60        0x4 c:/program files/microsemi/softconsole v3.3/sourcery-g++/bin/../lib/gcc/arm-none-eabi/4.4.1/thumb2/crti.o
                0x20003a60                _fini
 .fini          0x20003a64        0x8 c:/program files/microsemi/softconsole v3.3/sourcery-g++/bin/../lib/gcc/arm-none-eabi/4.4.1/thumb2/crtn.o
                0x20003a6c                PROVIDE (__preinit_array_start, .)
 *(.preinit_array)
                0x20003a6c                PROVIDE (__preinit_array_end, .)
                0x20003a6c                PROVIDE (__init_array_start, .)
 *(SORT(.init_array.*))
 *(.init_array)
 .init_array    0x20003a6c        0x4 c:/program files/microsemi/softconsole v3.3/sourcery-g++/bin/../lib/gcc/arm-none-eabi/4.4.1/thumb2/crtbegin.o
                0x20003a70                PROVIDE (__init_array_end, .)
                0x20003a70                PROVIDE (__fini_array_start, .)
 *(.fini_array)
 .fini_array    0x20003a70        0x4 c:/program files/microsemi/softconsole v3.3/sourcery-g++/bin/../lib/gcc/arm-none-eabi/4.4.1/thumb2/crtbegin.o
 *(SORT(.fini_array.*))
                0x20003a74                PROVIDE (__fini_array_end, .)
                0x20003a74                __exidx_start = .

.v4_bx          0x20003a74        0x0
 .v4_bx         0x00000000        0x0 linker stubs

.ARM.exidx
 *(.ARM.exidx* .gnu.linkonce.armexidx.*)
                0x20003a74                __exidx_end = .
                0x20003a74                _etext = .
                0x20003a74                PROVIDE (__text_end, .)

.data           0x20003a74      0x118
                0x20003a74                __data_load = LOADADDR (.data)
                0x20003a74                _sidata = LOADADDR (.data)
                0x20003a74                __data_start = .
                0x20003a74                _sdata = .
 *(.jcr)
 .jcr           0x20003a74        0x0 c:/program files/microsemi/softconsole v3.3/sourcery-g++/bin/../lib/gcc/arm-none-eabi/4.4.1/thumb2/crtbegin.o
 .jcr           0x20003a74        0x4 c:/program files/microsemi/softconsole v3.3/sourcery-g++/bin/../lib/gcc/arm-none-eabi/4.4.1/thumb2/crtend.o
 *(.got.plt)
 *(.got)
 *(.shdata)
 *(.data .data.* .gnu.linkonce.d.*)
 .data          0x20003a78        0x0 c:/program files/microsemi/softconsole v3.3/sourcery-g++/bin/../lib/gcc/arm-none-eabi/4.4.1/thumb2/crti.o
 .data          0x20003a78        0x4 c:/program files/microsemi/softconsole v3.3/sourcery-g++/bin/../lib/gcc/arm-none-eabi/4.4.1/thumb2/crtbegin.o
                0x20003a78                __dso_handle
 .data          0x20003a7c        0x0 ./core_pwm.o
 .data          0x20003a7c        0x0 ./main.o
 .data          0x20003a7c        0x0 ./hal/CortexM3/cortex_nvic.o
 .data          0x20003a7c        0x0 ./hal/CortexM3/GNU/hal.o
 .data          0x20003a7c        0x0 ./hal/CortexM3/GNU/hal_assert.o
 .data          0x20003a7c        0x0 ./hal/CortexM3/GNU/hw_reg_access.o
 .data          0x20003a7c        0x0 ./drivers/mss_uart/mss_uart.o
 .data          0x20003a7c        0x0 ./drivers/mss_gpio/mss_gpio.o
 .data          0x20003a7c        0x0 ./CMSIS/brownout_isr.o
 .data          0x20003a7c        0x0 ./CMSIS/core_cm3.o
 .data          0x20003a7c       0x18 ./CMSIS/system_a2fxxxm3.o
                0x20003a7c                SystemFrequency
                0x20003a80                SystemCoreClock
                0x20003a84                g_FrequencyPCLK0
                0x20003a88                g_FrequencyPCLK1
                0x20003a8c                g_FrequencyACE
                0x20003a90                g_FrequencyFPGA
 .data          0x20003a94        0x4 ./CMSIS/startup_gcc/newlib_stubs.o
                0x20003a94                environ
 .data          0x20003a98        0x0 ./CMSIS/startup_gcc/startup_a2fxxxm3.o
 .data          0x20003a98        0x0 c:/program files/microsemi/softconsole v3.3/sourcery-g++/bin/../lib/gcc/arm-none-eabi/4.4.1/../../../../arm-none-eabi/lib/thumb2\libc.a(lib_a-errno.o)
 .data          0x20003a98       0xf4 c:/program files/microsemi/softconsole v3.3/sourcery-g++/bin/../lib/gcc/arm-none-eabi/4.4.1/../../../../arm-none-eabi/lib/thumb2\libc.a(lib_a-impure.o)
                0x20003a98                _impure_ptr
 .data          0x20003b8c        0x0 c:/program files/microsemi/softconsole v3.3/sourcery-g++/bin/../lib/gcc/arm-none-eabi/4.4.1/../../../../arm-none-eabi/lib/thumb2\libc.a(lib_a-init.o)
 .data          0x20003b8c        0x0 c:/program files/microsemi/softconsole v3.3/sourcery-g++/bin/../lib/gcc/arm-none-eabi/4.4.1/thumb2/crtend.o
 .data          0x20003b8c        0x0 c:/program files/microsemi/softconsole v3.3/sourcery-g++/bin/../lib/gcc/arm-none-eabi/4.4.1/thumb2/crtn.o
                0x20003b8c                . = ALIGN (0x4)
                0x20003b8c                _edata = .

.bss            0x20003b8c       0x6c
                0x20003b8c                __bss_start__ = .
                0x20003b8c                _sbss = .
 *(.shbss)
 *(.bss .bss.* .gnu.linkonce.b.*)
 .bss           0x20003b8c        0x0 c:/program files/microsemi/softconsole v3.3/sourcery-g++/bin/../lib/gcc/arm-none-eabi/4.4.1/thumb2/crti.o
 .bss           0x20003b8c        0x1 c:/program files/microsemi/softconsole v3.3/sourcery-g++/bin/../lib/gcc/arm-none-eabi/4.4.1/thumb2/crtbegin.o
 .bss           0x20003b8d        0x0 ./core_pwm.o
 .bss           0x20003b8d        0x0 ./main.o
 .bss           0x20003b8d        0x0 ./hal/CortexM3/cortex_nvic.o
 .bss           0x20003b8d        0x0 ./hal/CortexM3/GNU/hal.o
 .bss           0x20003b8d        0x0 ./hal/CortexM3/GNU/hal_assert.o
 .bss           0x20003b8d        0x0 ./hal/CortexM3/GNU/hw_reg_access.o
 .bss           0x20003b8d        0x0 ./drivers/mss_uart/mss_uart.o
 .bss           0x20003b8d        0x0 ./drivers/mss_gpio/mss_gpio.o
 .bss           0x20003b8d        0x0 ./CMSIS/brownout_isr.o
 .bss           0x20003b8d        0x0 ./CMSIS/core_cm3.o
 .bss           0x20003b8d        0x0 ./CMSIS/system_a2fxxxm3.o
 *fill*         0x20003b8d        0x3 00
 .bss           0x20003b90        0xc ./CMSIS/startup_gcc/newlib_stubs.o
                0x20003b94                __env
 .bss           0x20003b9c        0x0 ./CMSIS/startup_gcc/startup_a2fxxxm3.o
 .bss           0x20003b9c        0x0 c:/program files/microsemi/softconsole v3.3/sourcery-g++/bin/../lib/gcc/arm-none-eabi/4.4.1/../../../../arm-none-eabi/lib/thumb2\libc.a(lib_a-errno.o)
 .bss           0x20003b9c        0x0 c:/program files/microsemi/softconsole v3.3/sourcery-g++/bin/../lib/gcc/arm-none-eabi/4.4.1/../../../../arm-none-eabi/lib/thumb2\libc.a(lib_a-impure.o)
 .bss           0x20003b9c        0x0 c:/program files/microsemi/softconsole v3.3/sourcery-g++/bin/../lib/gcc/arm-none-eabi/4.4.1/../../../../arm-none-eabi/lib/thumb2\libc.a(lib_a-init.o)
 .bss           0x20003b9c        0x0 c:/program files/microsemi/softconsole v3.3/sourcery-g++/bin/../lib/gcc/arm-none-eabi/4.4.1/thumb2/crtend.o
 .bss           0x20003b9c        0x0 c:/program files/microsemi/softconsole v3.3/sourcery-g++/bin/../lib/gcc/arm-none-eabi/4.4.1/thumb2/crtn.o
 *(COMMON)
 COMMON         0x20003b9c        0x8 ./main.o
                0x20003b9c                motors
                0x20003ba0                servos
 COMMON         0x20003ba4       0x50 ./drivers/mss_uart/mss_uart.o
                0x20003ba4                g_mss_uart1
                0x20003bcc                g_mss_uart0
                0x20003bf8                . = ALIGN (0x8)
 *fill*         0x20003bf4        0x4 00
                0x20003bf8                __bss_end__ = .
                0x20003bf8                _end = .
                0x20003bf8                __end = _end
                0x20003bf8                _ebss = .
                0x20003bf8                PROVIDE (end, .)

.stack          0x20003bf8     0x3000
                0x20003bf8                . = ALIGN (0x4)
                0x20004bf8                . = (. + PROCESS_STACK_SIZE)
 *fill*         0x20003bf8     0x1000 00
                0x20004bf8                . = ALIGN (0x4)
                0x20006bf8                . = (. + MAIN_STACK_SIZE)
 *fill*         0x20004bf8     0x2000 00
                0x20006bf8                . = ALIGN (0x4)

.stab
 *(.stab)

.stabstr
 *(.stabstr)

.debug
 *(.debug)

.line
 *(.line)

.debug_srcinfo
 *(.debug_srcinfo)

.debug_sfnames
 *(.debug_sfnames)

.comment        0x00000000      0x1ae
 .comment       0x00000000       0x2b ./core_pwm.o
 .comment       0x0000002b       0x2b ./main.o
 .comment       0x00000056       0x2b ./hal/CortexM3/cortex_nvic.o
 .comment       0x00000081       0x2b ./hal/CortexM3/GNU/hal_assert.o
 .comment       0x000000ac       0x2b ./drivers/mss_uart/mss_uart.o
 .comment       0x000000d7       0x2b ./drivers/mss_gpio/mss_gpio.o
 .comment       0x00000102       0x2b ./CMSIS/brownout_isr.o
 .comment       0x0000012d       0x2b ./CMSIS/core_cm3.o
 .comment       0x00000158       0x2b ./CMSIS/system_a2fxxxm3.o
 .comment       0x00000183       0x2b ./CMSIS/startup_gcc/newlib_stubs.o

.debug_aranges  0x00000000      0x140
 *(.debug_aranges)
 .debug_aranges
                0x00000000       0x20 ./core_pwm.o
 .debug_aranges
                0x00000020       0x20 ./main.o
 .debug_aranges
                0x00000040       0x20 ./hal/CortexM3/cortex_nvic.o
 .debug_aranges
                0x00000060       0x20 ./hal/CortexM3/GNU/hal_assert.o
 .debug_aranges
                0x00000080       0x20 ./drivers/mss_uart/mss_uart.o
 .debug_aranges
                0x000000a0       0x20 ./drivers/mss_gpio/mss_gpio.o
 .debug_aranges
                0x000000c0       0x20 ./CMSIS/brownout_isr.o
 .debug_aranges
                0x000000e0       0x20 ./CMSIS/core_cm3.o
 .debug_aranges
                0x00000100       0x20 ./CMSIS/system_a2fxxxm3.o
 .debug_aranges
                0x00000120       0x20 ./CMSIS/startup_gcc/newlib_stubs.o

.debug_pubnames
                0x00000000      0x949
 *(.debug_pubnames)
 .debug_pubnames
                0x00000000      0x1e7 ./core_pwm.o
 .debug_pubnames
                0x000001e7       0xaf ./main.o
 .debug_pubnames
                0x00000296       0x99 ./hal/CortexM3/cortex_nvic.o
 .debug_pubnames
                0x0000032f       0x26 ./hal/CortexM3/GNU/hal_assert.o
 .debug_pubnames
                0x00000355      0x21c ./drivers/mss_uart/mss_uart.o
 .debug_pubnames
                0x00000571       0xb1 ./drivers/mss_gpio/mss_gpio.o
 .debug_pubnames
                0x00000622       0x2f ./CMSIS/brownout_isr.o
 .debug_pubnames
                0x00000651      0x159 ./CMSIS/core_cm3.o
 .debug_pubnames
                0x000007aa       0xb4 ./CMSIS/system_a2fxxxm3.o
 .debug_pubnames
                0x0000085e       0xeb ./CMSIS/startup_gcc/newlib_stubs.o

.debug_info     0x00000000     0x5d72
 *(.debug_info .gnu.linkonce.wi.*)
 .debug_info    0x00000000     0x103d ./core_pwm.o
 .debug_info    0x0000103d      0x35f ./main.o
 .debug_info    0x0000139c      0x18e ./hal/CortexM3/cortex_nvic.o
 .debug_info    0x0000152a      0x12a ./hal/CortexM3/GNU/hal_assert.o
 .debug_info    0x00001654     0x15a0 ./drivers/mss_uart/mss_uart.o
 .debug_info    0x00002bf4     0x1110 ./drivers/mss_gpio/mss_gpio.o
 .debug_info    0x00003d04      0x502 ./CMSIS/brownout_isr.o
 .debug_info    0x00004206      0x548 ./CMSIS/core_cm3.o
 .debug_info    0x0000474e      0x538 ./CMSIS/system_a2fxxxm3.o
 .debug_info    0x00004c86     0x10ec ./CMSIS/startup_gcc/newlib_stubs.o

.debug_abbrev   0x00000000      0xc20
 *(.debug_abbrev)
 .debug_abbrev  0x00000000      0x167 ./core_pwm.o
 .debug_abbrev  0x00000167      0x118 ./main.o
 .debug_abbrev  0x0000027f       0x99 ./hal/CortexM3/cortex_nvic.o
 .debug_abbrev  0x00000318       0x8e ./hal/CortexM3/GNU/hal_assert.o
 .debug_abbrev  0x000003a6      0x243 ./drivers/mss_uart/mss_uart.o
 .debug_abbrev  0x000005e9      0x17f ./drivers/mss_gpio/mss_gpio.o
 .debug_abbrev  0x00000768       0xe0 ./CMSIS/brownout_isr.o
 .debug_abbrev  0x00000848       0xd7 ./CMSIS/core_cm3.o
 .debug_abbrev  0x0000091f      0x10f ./CMSIS/system_a2fxxxm3.o
 .debug_abbrev  0x00000a2e      0x1f2 ./CMSIS/startup_gcc/newlib_stubs.o

.debug_line     0x00000000     0x1b70
 *(.debug_line)
 .debug_line    0x00000000      0x2d4 ./core_pwm.o
 .debug_line    0x000002d4      0x42f ./main.o
 .debug_line    0x00000703      0x276 ./hal/CortexM3/cortex_nvic.o
 .debug_line    0x00000979      0x153 ./hal/CortexM3/GNU/hal_assert.o
 .debug_line    0x00000acc      0x481 ./drivers/mss_uart/mss_uart.o
 .debug_line    0x00000f4d      0x2e9 ./drivers/mss_gpio/mss_gpio.o
 .debug_line    0x00001236      0x10f ./CMSIS/brownout_isr.o
 .debug_line    0x00001345      0x159 ./CMSIS/core_cm3.o
 .debug_line    0x0000149e      0x289 ./CMSIS/system_a2fxxxm3.o
 .debug_line    0x00001727      0x449 ./CMSIS/startup_gcc/newlib_stubs.o

.debug_frame    0x00000000      0xdf8
 *(.debug_frame)
 .debug_frame   0x00000000      0x290 ./core_pwm.o
 .debug_frame   0x00000290      0x140 ./main.o
 .debug_frame   0x000003d0       0xb4 ./hal/CortexM3/cortex_nvic.o
 .debug_frame   0x00000484       0x2c ./hal/CortexM3/GNU/hal_assert.o
 .debug_frame   0x000004b0      0x2e4 ./drivers/mss_uart/mss_uart.o
 .debug_frame   0x00000794      0x118 ./drivers/mss_gpio/mss_gpio.o
 .debug_frame   0x000008ac       0x34 ./CMSIS/brownout_isr.o
 .debug_frame   0x000008e0      0x248 ./CMSIS/core_cm3.o
 .debug_frame   0x00000b28       0x64 ./CMSIS/system_a2fxxxm3.o
 .debug_frame   0x00000b8c      0x220 ./CMSIS/startup_gcc/newlib_stubs.o
 .debug_frame   0x00000dac       0x20 c:/program files/microsemi/softconsole v3.3/sourcery-g++/bin/../lib/gcc/arm-none-eabi/4.4.1/../../../../arm-none-eabi/lib/thumb2\libc.a(lib_a-errno.o)
 .debug_frame   0x00000dcc       0x2c c:/program files/microsemi/softconsole v3.3/sourcery-g++/bin/../lib/gcc/arm-none-eabi/4.4.1/../../../../arm-none-eabi/lib/thumb2\libc.a(lib_a-init.o)

.debug_str      0x00000000     0x24c8
 *(.debug_str)
 .debug_str     0x00000000      0x6c9 ./core_pwm.o
                                0x73e (size before relaxing)
 .debug_str     0x000006c9      0x20d ./main.o
                                0x364 (size before relaxing)
 .debug_str     0x000008d6       0xc1 ./hal/CortexM3/cortex_nvic.o
                                0x18f (size before relaxing)
 .debug_str     0x00000997       0x59 ./hal/CortexM3/GNU/hal_assert.o
                                0x134 (size before relaxing)
 .debug_str     0x000009f0     0x1332 ./drivers/mss_uart/mss_uart.o
                               0x1476 (size before relaxing)
 .debug_str     0x00001d22      0x2df ./drivers/mss_gpio/mss_gpio.o
                               0x124e (size before relaxing)
 .debug_str     0x00002001       0x92 ./CMSIS/brownout_isr.o
                                0x37e (size before relaxing)
 .debug_str     0x00002093      0x142 ./CMSIS/core_cm3.o
                                0x22c (size before relaxing)
 .debug_str     0x000021d5       0xf7 ./CMSIS/system_a2fxxxm3.o
                                0x419 (size before relaxing)
 .debug_str     0x000022cc      0x1fc ./CMSIS/startup_gcc/newlib_stubs.o
                               0x1065 (size before relaxing)

.debug_loc      0x00000000     0x1748
 *(.debug_loc)
 .debug_loc     0x00000000      0x45e ./core_pwm.o
 .debug_loc     0x0000045e      0x202 ./main.o
 .debug_loc     0x00000660      0x13e ./hal/CortexM3/cortex_nvic.o
 .debug_loc     0x0000079e       0x37 ./hal/CortexM3/GNU/hal_assert.o
 .debug_loc     0x000007d5      0x510 ./drivers/mss_uart/mss_uart.o
 .debug_loc     0x00000ce5      0x1ef ./drivers/mss_gpio/mss_gpio.o
 .debug_loc     0x00000ed4       0x37 ./CMSIS/brownout_isr.o
 .debug_loc     0x00000f0b      0x3de ./CMSIS/core_cm3.o
 .debug_loc     0x000012e9       0x99 ./CMSIS/system_a2fxxxm3.o
 .debug_loc     0x00001382      0x3c6 ./CMSIS/startup_gcc/newlib_stubs.o

.debug_macinfo  0x00000000    0x314cf
 *(.debug_macinfo)
 .debug_macinfo
                0x00000000     0x25c3 ./core_pwm.o
 .debug_macinfo
                0x000025c3     0x9aa5 ./main.o
 .debug_macinfo
                0x0000c068     0x1959 ./hal/CortexM3/cortex_nvic.o
 .debug_macinfo
                0x0000d9c1     0x1cfc ./hal/CortexM3/GNU/hal_assert.o
 .debug_macinfo
                0x0000f6bd     0x63e4 ./drivers/mss_uart/mss_uart.o
 .debug_macinfo
                0x00015aa1     0x5cfb ./drivers/mss_gpio/mss_gpio.o
 .debug_macinfo
                0x0001b79c     0x5409 ./CMSIS/brownout_isr.o
 .debug_macinfo
                0x00020ba5     0x152c ./CMSIS/core_cm3.o
 .debug_macinfo
                0x000220d1     0x5a99 ./CMSIS/system_a2fxxxm3.o
 .debug_macinfo
                0x00027b6a     0x9965 ./CMSIS/startup_gcc/newlib_stubs.o

.debug_weaknames
 *(.debug_weaknames)

.debug_funcnames
 *(.debug_funcnames)

.debug_typenames
 *(.debug_typenames)

.debug_varnames
 *(.debug_varnames)

.note.gnu.arm.ident
 *(.note.gnu.arm.ident)

.ARM.attributes
                0x00000000       0x25
 *(.ARM.attributes)
 .ARM.attributes
                0x00000000       0x19 c:/program files/microsemi/softconsole v3.3/sourcery-g++/bin/../lib/gcc/arm-none-eabi/4.4.1/thumb2/crti.o
 .ARM.attributes
                0x00000019       0x29 c:/program files/microsemi/softconsole v3.3/sourcery-g++/bin/../lib/gcc/arm-none-eabi/4.4.1/thumb2/crtbegin.o
 .ARM.attributes
                0x00000042       0x31 ./core_pwm.o
 .ARM.attributes
                0x00000073       0x31 ./main.o
 .ARM.attributes
                0x000000a4       0x31 ./hal/CortexM3/cortex_nvic.o
 .ARM.attributes
                0x000000d5       0x21 ./hal/CortexM3/GNU/hal.o
 .ARM.attributes
                0x000000f6       0x31 ./hal/CortexM3/GNU/hal_assert.o
 .ARM.attributes
                0x00000127       0x21 ./hal/CortexM3/GNU/hw_reg_access.o
 .ARM.attributes
                0x00000148       0x31 ./drivers/mss_uart/mss_uart.o
 .ARM.attributes
                0x00000179       0x31 ./drivers/mss_gpio/mss_gpio.o
 .ARM.attributes
                0x000001aa       0x31 ./CMSIS/brownout_isr.o
 .ARM.attributes
                0x000001db       0x31 ./CMSIS/core_cm3.o
 .ARM.attributes
                0x0000020c       0x31 ./CMSIS/system_a2fxxxm3.o
 .ARM.attributes
                0x0000023d       0x31 ./CMSIS/startup_gcc/newlib_stubs.o
 .ARM.attributes
                0x0000026e       0x21 ./CMSIS/startup_gcc/startup_a2fxxxm3.o
 .ARM.attributes
                0x0000028f       0x29 c:/program files/microsemi/softconsole v3.3/sourcery-g++/bin/../lib/gcc/arm-none-eabi/4.4.1/../../../../arm-none-eabi/lib/thumb2\libc.a(lib_a-errno.o)
 .ARM.attributes
                0x000002b8       0x29 c:/program files/microsemi/softconsole v3.3/sourcery-g++/bin/../lib/gcc/arm-none-eabi/4.4.1/../../../../arm-none-eabi/lib/thumb2\libc.a(lib_a-impure.o)
 .ARM.attributes
                0x000002e1       0x29 c:/program files/microsemi/softconsole v3.3/sourcery-g++/bin/../lib/gcc/arm-none-eabi/4.4.1/../../../../arm-none-eabi/lib/thumb2\libc.a(lib_a-init.o)
 .ARM.attributes
                0x0000030a       0x29 c:/program files/microsemi/softconsole v3.3/sourcery-g++/bin/../lib/gcc/arm-none-eabi/4.4.1/thumb2/crtend.o
 .ARM.attributes
                0x00000333       0x19 c:/program files/microsemi/softconsole v3.3/sourcery-g++/bin/../lib/gcc/arm-none-eabi/4.4.1/thumb2/crtn.o

/DISCARD/
 *(.note.GNU-stack)
 *(.isr_vector)
OUTPUT(final elf32-littlearm)
