Archive member included because of file (symbol)

c:/actel/libero_v9.1/softconsole/sourcery-g++/bin/../lib/gcc/arm-none-eabi/4.4.1/thumb2\libgcc.a(_arm_addsubdf3.o)
                              ./main.o (__aeabi_ui2d)
c:/actel/libero_v9.1/softconsole/sourcery-g++/bin/../lib/gcc/arm-none-eabi/4.4.1/thumb2\libgcc.a(_arm_muldivdf3.o)
                              ./main.o (__aeabi_dmul)
c:/actel/libero_v9.1/softconsole/sourcery-g++/bin/../lib/gcc/arm-none-eabi/4.4.1/thumb2\libgcc.a(_arm_fixdfsi.o)
                              ./main.o (__aeabi_d2iz)
c:/actel/libero_v9.1/softconsole/sourcery-g++/bin/../lib/gcc/arm-none-eabi/4.4.1/../../../../arm-none-eabi/lib/thumb2\libc.a(lib_a-errno.o)
                              ./CMSIS/startup_gcc/newlib_stubs.o (__errno)
c:/actel/libero_v9.1/softconsole/sourcery-g++/bin/../lib/gcc/arm-none-eabi/4.4.1/../../../../arm-none-eabi/lib/thumb2\libc.a(lib_a-impure.o)
                              c:/actel/libero_v9.1/softconsole/sourcery-g++/bin/../lib/gcc/arm-none-eabi/4.4.1/../../../../arm-none-eabi/lib/thumb2\libc.a(lib_a-errno.o) (_impure_ptr)
c:/actel/libero_v9.1/softconsole/sourcery-g++/bin/../lib/gcc/arm-none-eabi/4.4.1/../../../../arm-none-eabi/lib/thumb2\libc.a(lib_a-init.o)
                              ./CMSIS/startup_gcc/startup_a2fxxxm3.o (__libc_init_array)
c:/actel/libero_v9.1/softconsole/sourcery-g++/bin/../lib/gcc/arm-none-eabi/4.4.1/../../../../arm-none-eabi/lib/thumb2\libc.a(lib_a-printf.o)
                              ./main.o (printf)
c:/actel/libero_v9.1/softconsole/sourcery-g++/bin/../lib/gcc/arm-none-eabi/4.4.1/../../../../arm-none-eabi/lib/thumb2\libc.a(lib_a-strncmp.o)
                              ./drivers/mss_ace/ace_sse.o (strncmp)
c:/actel/libero_v9.1/softconsole/sourcery-g++/bin/../lib/gcc/arm-none-eabi/4.4.1/../../../../arm-none-eabi/lib/thumb2\libc.a(lib_a-vfprintf.o)
                              c:/actel/libero_v9.1/softconsole/sourcery-g++/bin/../lib/gcc/arm-none-eabi/4.4.1/../../../../arm-none-eabi/lib/thumb2\libc.a(lib_a-printf.o) (_vfprintf_r)
c:/actel/libero_v9.1/softconsole/sourcery-g++/bin/../lib/gcc/arm-none-eabi/4.4.1/../../../../arm-none-eabi/lib/thumb2\libc.a(lib_a-wsetup.o)
                              c:/actel/libero_v9.1/softconsole/sourcery-g++/bin/../lib/gcc/arm-none-eabi/4.4.1/../../../../arm-none-eabi/lib/thumb2\libc.a(lib_a-vfprintf.o) (__swsetup_r)
c:/actel/libero_v9.1/softconsole/sourcery-g++/bin/../lib/gcc/arm-none-eabi/4.4.1/../../../../arm-none-eabi/lib/thumb2\libc.a(lib_a-dtoa.o)
                              c:/actel/libero_v9.1/softconsole/sourcery-g++/bin/../lib/gcc/arm-none-eabi/4.4.1/../../../../arm-none-eabi/lib/thumb2\libc.a(lib_a-vfprintf.o) (_dtoa_r)
c:/actel/libero_v9.1/softconsole/sourcery-g++/bin/../lib/gcc/arm-none-eabi/4.4.1/../../../../arm-none-eabi/lib/thumb2\libc.a(lib_a-fflush.o)
                              c:/actel/libero_v9.1/softconsole/sourcery-g++/bin/../lib/gcc/arm-none-eabi/4.4.1/../../../../arm-none-eabi/lib/thumb2\libc.a(lib_a-vfprintf.o) (_fflush_r)
c:/actel/libero_v9.1/softconsole/sourcery-g++/bin/../lib/gcc/arm-none-eabi/4.4.1/../../../../arm-none-eabi/lib/thumb2\libc.a(lib_a-findfp.o)
                              c:/actel/libero_v9.1/softconsole/sourcery-g++/bin/../lib/gcc/arm-none-eabi/4.4.1/../../../../arm-none-eabi/lib/thumb2\libc.a(lib_a-printf.o) (__sinit)
c:/actel/libero_v9.1/softconsole/sourcery-g++/bin/../lib/gcc/arm-none-eabi/4.4.1/../../../../arm-none-eabi/lib/thumb2\libc.a(lib_a-freer.o)
                              c:/actel/libero_v9.1/softconsole/sourcery-g++/bin/../lib/gcc/arm-none-eabi/4.4.1/../../../../arm-none-eabi/lib/thumb2\libc.a(lib_a-wsetup.o) (_free_r)
c:/actel/libero_v9.1/softconsole/sourcery-g++/bin/../lib/gcc/arm-none-eabi/4.4.1/../../../../arm-none-eabi/lib/thumb2\libc.a(lib_a-fvwrite.o)
                              c:/actel/libero_v9.1/softconsole/sourcery-g++/bin/../lib/gcc/arm-none-eabi/4.4.1/../../../../arm-none-eabi/lib/thumb2\libc.a(lib_a-vfprintf.o) (__sfvwrite_r)
c:/actel/libero_v9.1/softconsole/sourcery-g++/bin/../lib/gcc/arm-none-eabi/4.4.1/../../../../arm-none-eabi/lib/thumb2\libc.a(lib_a-fwalk.o)
                              c:/actel/libero_v9.1/softconsole/sourcery-g++/bin/../lib/gcc/arm-none-eabi/4.4.1/../../../../arm-none-eabi/lib/thumb2\libc.a(lib_a-fflush.o) (_fwalk_reent)
c:/actel/libero_v9.1/softconsole/sourcery-g++/bin/../lib/gcc/arm-none-eabi/4.4.1/../../../../arm-none-eabi/lib/thumb2\libc.a(lib_a-locale.o)
                              c:/actel/libero_v9.1/softconsole/sourcery-g++/bin/../lib/gcc/arm-none-eabi/4.4.1/../../../../arm-none-eabi/lib/thumb2\libc.a(lib_a-vfprintf.o) (_localeconv_r)
c:/actel/libero_v9.1/softconsole/sourcery-g++/bin/../lib/gcc/arm-none-eabi/4.4.1/../../../../arm-none-eabi/lib/thumb2\libc.a(lib_a-makebuf.o)
[...]
Memory Configuration

Name             Origin             Length             Attributes
rom              0x60000000         0x00040000         xr
romMirror        0x00000000         0x00040000         xr
ram              0x20000000         0x00010000         xrw
*default*        0x00000000         0xffffffff

Linker script and memory map

LOAD c:/actel/libero_v9.1/softconsole/sourcery-g++/bin/../lib/gcc/arm-none-eabi/4.4.1/thumb2/crti.o
LOAD c:/actel/libero_v9.1/softconsole/sourcery-g++/bin/../lib/gcc/arm-none-eabi/4.4.1/thumb2/crtbegin.o
LOAD ./core_pwm.o
LOAD ./main.o
LOAD ./hal/CortexM3/cortex_nvic.o
LOAD ./hal/CortexM3/GNU/hal.o
LOAD ./hal/CortexM3/GNU/hal_assert.o
LOAD ./hal/CortexM3/GNU/hw_reg_access.o
LOAD ./drivers_config/mss_ace/ace_config.o
LOAD ./drivers/mss_uart/mss_uart.o
LOAD ./drivers/mss_gpio/mss_gpio.o
LOAD ./drivers/mss_ace/ace_convert.o
LOAD ./drivers/mss_ace/ace_flags.o
LOAD ./drivers/mss_ace/ace_sse.o
LOAD ./drivers/mss_ace/ace_transform.o
LOAD ./drivers/mss_ace/mss_ace.o
LOAD ./drivers/CoreUARTapb/core_uart_apb.o
LOAD ./CMSIS/brownout_isr.o
LOAD ./CMSIS/core_cm3.o
LOAD ./CMSIS/system_a2fxxxm3.o
LOAD ./CMSIS/startup_gcc/newlib_stubs.o
LOAD ./CMSIS/startup_gcc/startup_a2fxxxm3.o
START GROUP
LOAD c:/actel/libero_v9.1/softconsole/sourcery-g++/bin/../lib/gcc/arm-none-eabi/4.4.1/thumb2\libgcc.a
LOAD c:/actel/libero_v9.1/softconsole/sourcery-g++/bin/../lib/gcc/arm-none-eabi/4.4.1/../../../../arm-none-eabi/lib/thumb2\libc.a
LOAD c:/actel/libero_v9.1/softconsole/sourcery-g++/bin/../lib/gcc/arm-none-eabi/4.4.1/thumb2\libgcc.a
END GROUP
LOAD c:/actel/libero_v9.1/softconsole/sourcery-g++/bin/../lib/gcc/arm-none-eabi/4.4.1/thumb2/crtend.o
LOAD c:/actel/libero_v9.1/softconsole/sourcery-g++/bin/../lib/gcc/arm-none-eabi/4.4.1/thumb2/crtn.o
START GROUP
LOAD c:/actel/libero_v9.1/softconsole/sourcery-g++/bin/../lib/gcc/arm-none-eabi/4.4.1/../../../../arm-none-eabi/lib/thumb2\libc.a
LOAD c:/actel/libero_v9.1/softconsole/sourcery-g++/bin/../lib/gcc/arm-none-eabi/4.4.1/thumb2\libgcc.a
LOAD c:/actel/libero_v9.1/softconsole/sourcery-g++/bin/../lib/gcc/arm-none-eabi/4.4.1/../../../../arm-none-eabi/lib/thumb2\libm.a
END GROUP
                0x00000000                __DYNAMIC = 0x0
                0x20000000                RAM_START_ADDRESS = 0x20000000
                0x00010000                RAM_SIZE = 0x10000
                0x00002000                MAIN_STACK_SIZE = 0x2000
                0x00001000                PROCESS_STACK_SIZE = 0x1000
                0x20010000                PROVIDE (__main_stack_start, (RAM_START_ADDRESS + RAM_SIZE))
                0x2000e000                PROVIDE (__process_stack_start, (__main_stack_start - MAIN_STACK_SIZE))
                0x20010000                PROVIDE (_estack, __main_stack_start)
                0x00000001                PROVIDE (__mirrored_nvm, 0x1)

.init           0x00000000      0x470 load address 0x60000000
 *(.isr_vector)
 .isr_vector    0x00000000      0x470 ./CMSIS/startup_gcc/startup_a2fxxxm3.o
                0x00000000                g_pfnVectors
                0x00000298                Reset_Handler
                0x00000308                NMI_Handler
                0x0000030a                HardFault_Handler
                0x0000030c                MemManage_Handler
                0x0000030e                BusFault_Handler
                0x00000310                UsageFault_Handler
                0x00000312                SVC_Handler
                0x00000314                DebugMon_Handler
                0x00000316                PendSV_Handler
                0x00000318                SysTick_Handler
                0x0000031a                WdogWakeup_IRQHandler
                0x0000031e                BrownOut_3_3V_IRQHandler
                0x00000320                RTC_Match_IRQHandler
                0x00000322                RTCIF_Pub_IRQHandler
                0x00000324                EthernetMAC_IRQHandler
                0x00000326                IAP_IRQHandler
                0x00000328                ENVM0_IRQHandler
                0x0000032a                ENVM1_IRQHandler
                0x0000032c                DMA_IRQHandler
                0x00000332                SPI0_IRQHandler
                0x00000334                SPI1_IRQHandler
                0x00000336                I2C0_IRQHandler
                0x00000338                I2C0_SMBAlert_IRQHandler
                0x0000033a                I2C0_SMBus_IRQHandler
                0x0000033c                I2C1_IRQHandler
                0x0000033e                I2C1_SMBAlert_IRQHandler
                0x00000340                I2C1_SMBus_IRQHandler
                0x00000342                Timer1_IRQHandler
                0x00000344                Timer2_IRQHandler
                0x00000346                PLL_Lock_IRQHandler
                0x00000348                PLL_LockLost_IRQHandler
                0x0000034a                CommError_IRQHandler
                0x0000034c                Fabric_IRQHandler
                0x0000034e                GPIO0_IRQHandler
                0x00000350                GPIO1_IRQHandler
                0x00000352                GPIO2_IRQHandler
                0x00000354                GPIO3_IRQHandler
                0x00000356                GPIO4_IRQHandler
                0x00000358                GPIO5_IRQHandler
                0x0000035a                GPIO6_IRQHandler
                0x0000035c                GPIO7_IRQHandler
                0x0000035e                GPIO8_IRQHandler
                0x00000360                GPIO9_IRQHandler
                0x00000362                GPIO10_IRQHandler
                0x00000364                GPIO11_IRQHandler
                0x00000366                GPIO12_IRQHandler
                0x00000368                GPIO13_IRQHandler
                0x0000036a                GPIO14_IRQHandler
                0x0000036c                GPIO15_IRQHandler
                0x0000036e                GPIO16_IRQHandler
                0x00000370                GPIO17_IRQHandler
                0x00000372                GPIO18_IRQHandler
                0x00000374                GPIO19_IRQHandler
                0x00000376                GPIO20_IRQHandler
                0x00000378                GPIO21_IRQHandler
                0x0000037a                GPIO22_IRQHandler
                0x0000037c                GPIO23_IRQHandler
                0x0000037e                GPIO24_IRQHandler
                0x00000380                GPIO25_IRQHandler
                0x00000382                GPIO26_IRQHandler
                0x00000384                GPIO27_IRQHandler
                0x00000386                GPIO28_IRQHandler
                0x00000388                GPIO29_IRQHandler
                0x0000038a                GPIO30_IRQHandler
                0x0000038c                GPIO31_IRQHandler
                0x0000038e                ACE_PC0_Flag0_IRQHandler
                0x00000390                ACE_PC0_Flag1_IRQHandler
                0x00000392                ACE_PC0_Flag2_IRQHandler
                0x00000394                ACE_PC0_Flag3_IRQHandler
                0x00000396                ACE_PC1_Flag0_IRQHandler
                0x00000398                ACE_PC1_Flag1_IRQHandler
                0x0000039a                ACE_PC1_Flag2_IRQHandler
                0x0000039c                ACE_PC1_Flag3_IRQHandler
                0x0000039e                ACE_PC2_Flag0_IRQHandler
                0x000003a0                ACE_PC2_Flag1_IRQHandler
                0x000003a2                ACE_PC2_Flag2_IRQHandler
                0x000003a4                ACE_PC2_Flag3_IRQHandler
                0x000003a6                ACE_ADC0_DataValid_IRQHandler
                0x000003a8                ACE_ADC1_DataValid_IRQHandler
                0x000003aa                ACE_ADC2_DataValid_IRQHandler
                0x000003ac                ACE_ADC0_CalDone_IRQHandler
                0x000003ae                ACE_ADC1_CalDone_IRQHandler
                0x000003b0                ACE_ADC2_CalDone_IRQHandler
                0x000003b2                ACE_ADC0_CalStart_IRQHandler
                0x000003b4                ACE_ADC1_CalStart_IRQHandler
                0x000003b6                ACE_ADC2_CalStart_IRQHandler
                0x000003b8                ACE_Comp0_Fall_IRQHandler
                0x000003ba                ACE_Comp1_Fall_IRQHandler
                0x000003bc                ACE_Comp2_Fall_IRQHandler
                0x000003be                ACE_Comp3_Fall_IRQHandler
                0x000003c0                ACE_Comp4_Fall_IRQHandler
                0x000003c2                ACE_Comp5_Fall_IRQHandler
                0x000003c4                ACE_Comp6_Fall_IRQHandler
                0x000003c6                ACE_Comp7_Fall_IRQHandler
                0x000003c8                ACE_Comp8_Fall_IRQHandler
                0x000003ca                ACE_Comp9_Fall_IRQHandler
                0x000003cc                ACE_Comp10_Fall_IRQHandler
                0x000003ce                ACE_Comp11_Fall_IRQHandler
                0x000003d0                ACE_Comp0_Rise_IRQHandler
                0x000003d2                ACE_Comp1_Rise_IRQHandler
                0x000003d4                ACE_Comp2_Rise_IRQHandler
                0x000003d6                ACE_Comp3_Rise_IRQHandler
                0x000003d8                ACE_Comp4_Rise_IRQHandler
                0x000003da                ACE_Comp5_Rise_IRQHandler
                0x000003dc                ACE_Comp6_Rise_IRQHandler
                0x000003de                ACE_Comp7_Rise_IRQHandler
                0x000003e0                ACE_Comp8_Rise_IRQHandler
                0x000003e2                ACE_Comp9_Rise_IRQHandler
                0x000003e4                ACE_Comp10_Rise_IRQHandler
                0x000003e6                ACE_Comp11_Rise_IRQHandler
                0x000003e8                ACE_ADC0_FifoFull_IRQHandler
                0x000003ea                ACE_ADC0_FifoAFull_IRQHandler
                0x000003ec                ACE_ADC0_FifoEmpty_IRQHandler
                0x000003ee                ACE_ADC1_FifoFull_IRQHandler
                0x000003f0                ACE_ADC1_FifoAFull_IRQHandler
                0x000003f2                ACE_ADC1_FifoEmpty_IRQHandler
                0x000003f4                ACE_ADC2_FifoFull_IRQHandler
                0x000003f6                ACE_ADC2_FifoAFull_IRQHandler
                0x000003f8                ACE_ADC2_FifoEmpty_IRQHandler
 *sys_boot.o(.text)
                0x00000470                . = ALIGN (0x4)

.text           0x00000470     0xd818 load address 0x60000470
 CREATE_OBJECT_SYMBOLS
                0x60000470                __text_load = LOADADDR (.text)
                0x00000470                __text_start = .
 *(.text .text.* .gnu.linkonce.t.*)
 .text          0x00000470        0x0 c:/actel/libero_v9.1/softconsole/sourcery-g++/bin/../lib/gcc/arm-none-eabi/4.4.1/thumb2/crti.o
 .text          0x00000470       0x30 c:/actel/libero_v9.1/softconsole/sourcery-g++/bin/../lib/gcc/arm-none-eabi/4.4.1/thumb2/crtbegin.o
 .text          0x000004a0     0x13cc ./core_pwm.o
                0x000004a0                PWM_init
                0x00000648                PWM_enable
                0x00000744                PWM_disable
                0x0000084c                PWM_enable_synch_update
                0x000008a8                PWM_disable_synch_update
                0x00000904                PWM_set_duty_cycle
                0x00000a64                PWM_set_edges
                0x00000c2c                PWM_get_duty_cycle
                0x00000d88                PWM_generate_aligned_wave
                0x00000fc0                PWM_enable_stretch_pulse
                0x000010b0                PWM_disable_stretch_pulse
                0x000011a8                PWM_tach_init
                0x00001244                PWM_tach_set_mode
                0x00001350                PWM_tach_read_value
                0x000013ec                PWM_tach_clear_status
                0x00001484                PWM_tach_read_status
                0x00001530                PWM_tach_get_irq_source
                0x000015ec                PWM_tach_enable_irq
                0x000016dc                PWM_tach_disable_irq
                0x000017d4                PWM_tach_clear_irq
 *fill*         0x0000186c        0x4 00
 .text          0x00001870      0x5d8 ./main.o
                0x00001870                start_gun
                0x000018a0                stop_gun
                0x000018c0                pwm_init
                0x00001904                wheel1
                0x000019b4                wheel2
                0x00001a64                wheel3
                0x00001b14                wheel4
                0x00001bc4                set_gun_angle
                0x00001bf0                range_init
                0x00001c14                wait
                0x00001c38                get_range
                0x00001d18                main
 .text          0x00001e48       0x78 ./hal/CortexM3/cortex_nvic.o
                0x00001e48                NVIC_init
                0x00001e54                NVIC_set_handler
                0x00001e6c                NVIC_set_priority
                0x00001e84                NVIC_enable_interrupt
                0x00001e98                NVIC_disable_interrupt
                0x00001eac                NVIC_clear_interrupt
 .text          0x00001ec0        0xe ./hal/CortexM3/GNU/hal.o
                0x00001ec0                HAL_disable_interrupts
                0x00001ec8                HAL_restore_interrupts
 *fill*         0x00001ece        0x2 00
 .text          0x00001ed0       0x28 ./hal/CortexM3/GNU/hal_assert.o
                0x00001ed0                HAL_assert_fail
 .text          0x00001ef8       0x90 ./hal/CortexM3/GNU/hw_reg_access.o
                0x00001ef8                HW_set_32bit_reg
                0x00001efc                HW_get_32bit_reg
                0x00001f00                HW_set_32bit_reg_field
                0x00001f1c                HW_get_32bit_reg_field
                0x00001f28                HW_set_16bit_reg
                0x00001f2c                HW_get_16bit_reg
                0x00001f30                HW_set_16bit_reg_field
                0x00001f4c                HW_get_16bit_reg_field
                0x00001f58                HW_set_8bit_reg
                0x00001f5c                HW_get_8bit_reg
                0x00001f60                HW_set_8bit_reg_field
                0x00001f7c                HW_get_8bit_reg_field
 .text          0x00001f88        0x0 ./drivers_config/mss_ace/ace_config.o
 .text          0x00001f88      0xee4 ./drivers/mss_uart/mss_uart.o
                0x00002038                MSS_UART_init
                0x0000223c                MSS_UART_polled_tx
                0x00002320                MSS_UART_polled_tx_string
                0x000023f0                MSS_UART_irq_tx
                0x000024a0                MSS_UART_tx_complete
                0x00002530                MSS_UART_get_rx
                0x0000260c                MSS_UART_enable_irq
                0x00002688                MSS_UART_disable_irq
                0x00002934                MSS_UART_set_rx_handler
                0x000029dc                MSS_UART_set_loopback
                0x00002a4c                UART0_IRQHandler
                0x00002a78                UART1_IRQHandler
                0x00002aa4                MSS_UART_set_rxstatus_handler
                0x00002b28                MSS_UART_set_tx_handler
                0x00002bbc                MSS_UART_set_modemstatus_handler
                0x00002c40                MSS_UART_fill_tx_fifo
                0x00002d14                MSS_UART_get_rx_status
                0x00002d94                MSS_UART_get_modem_status
                0x00002df4                MSS_UART_get_tx_status
 .text          0x00002e6c      0x388 ./drivers/mss_gpio/mss_gpio.o
                0x00002ee0                MSS_GPIO_init
                0x00002f4c                MSS_GPIO_config
                0x00002f88                MSS_GPIO_set_output
                0x00002fc8                MSS_GPIO_drive_inout
                0x000030f0                MSS_GPIO_enable_irq
                0x00003154                MSS_GPIO_disable_irq
                0x000031a4                MSS_GPIO_clear_irq
 .text          0x000031f4      0xac8 ./drivers/mss_ace/ace_convert.o
                0x000031f4                ACE_get_channel_type
                0x00003238                ACE_convert_adc_input_to_mV
                0x0000329c                ace_init_convert
                0x00003450                ACE_convert_to_mV
                0x00003550                ACE_convert_to_mA
                0x00003604                ACE_convert_to_uA
                0x000036b4                ACE_convert_to_Kelvin
                0x00003700                ACE_convert_to_Celsius
                0x0000373c                ACE_convert_to_Fahrenheit
                0x00003794                ACE_get_channel_name
                0x000037cc                ACE_convert_mV_to_adc_value
                0x000038e8                ACE_convert_from_mV
                0x000039f8                ACE_convert_from_mA
                0x00003abc                ACE_convert_from_uA
                0x00003b80                ACE_convert_from_Kelvin
                0x00003bd8                ACE_convert_from_Celsius
                0x00003c24                ACE_convert_from_Fahrenheit
                0x00003c88                ACE_translate_pdma_value
 .text          0x00003cbc      0x7ac ./drivers/mss_ace/ace_flags.o
                0x00003cf8                ace_init_flags
                0x00003d04                ACE_is_hysteresis_flag
                0x00003d24                ACE_is_under_flag
                0x00003d44                ACE_set_flag_threshold
                0x00003d5c                ACE_set_flag_assertion
                0x00003d74                ACE_set_flag_deassertion
                0x00003d8c                ACE_set_flag_hysteresis
                0x00003da4                ACE_set_channel_hysteresis
                0x00003dbc                ACE_get_flag_handle
                0x00003dd8                ACE_get_flag_status
                0x00003df8                ACE_get_flag_name
                0x00003e18                ACE_get_flag_channel
                0x00003e38                ACE_get_channel_flag_count
                0x00003e58                ACE_get_channel_first_flag
                0x00003e78                ACE_get_channel_next_flag
                0x00003e98                ACE_enable_channel_flags_irq
                0x00003eac                ACE_disable_channel_flags_irq
                0x00003ec0                ACE_clear_channel_flags_irq
                0x00003ed4                ACE_enable_flag_irq
                0x00003ee8                ACE_disable_flag_irq
                0x00003efc                ACE_clear_flag_irq
                0x00003f10                ACE_register_flag_isr
                0x00003f28                ACE_register_channel_flags_isr
                0x00003f40                ACE_register_global_flags_isr
                0x00003f68                ACE_PPE_Flag0_IRQHandler
                0x00003f90                ACE_PPE_Flag1_IRQHandler
                0x00003fb8                ACE_PPE_Flag2_IRQHandler
                0x00003fe0                ACE_PPE_Flag3_IRQHandler
                0x00004008                ACE_PPE_Flag4_IRQHandler
                0x00004030                ACE_PPE_Flag5_IRQHandler
                0x00004058                ACE_PPE_Flag6_IRQHandler
                0x00004080                ACE_PPE_Flag7_IRQHandler
                0x000040a8                ACE_PPE_Flag8_IRQHandler
                0x000040d0                ACE_PPE_Flag9_IRQHandler
                0x000040f8                ACE_PPE_Flag10_IRQHandler
                0x00004120                ACE_PPE_Flag11_IRQHandler
                0x00004148                ACE_PPE_Flag12_IRQHandler
                0x00004170                ACE_PPE_Flag13_IRQHandler
                0x00004198                ACE_PPE_Flag14_IRQHandler
                0x000041c0                ACE_PPE_Flag15_IRQHandler
                0x000041e8                ACE_PPE_Flag16_IRQHandler
                0x00004210                ACE_PPE_Flag17_IRQHandler
                0x00004238                ACE_PPE_Flag18_IRQHandler
                0x00004260                ACE_PPE_Flag19_IRQHandler
                0x00004288                ACE_PPE_Flag20_IRQHandler
                0x000042b0                ACE_PPE_Flag21_IRQHandler
                0x000042d8                ACE_PPE_Flag22_IRQHandler
                0x00004300                ACE_PPE_Flag23_IRQHandler
                0x00004328                ACE_PPE_Flag24_IRQHandler
                0x00004350                ACE_PPE_Flag25_IRQHandler
                0x00004378                ACE_PPE_Flag26_IRQHandler
                0x000043a0                ACE_PPE_Flag27_IRQHandler
                0x000043c8                ACE_PPE_Flag28_IRQHandler
                0x000043f0                ACE_PPE_Flag29_IRQHandler
                0x00004418                ACE_PPE_Flag30_IRQHandler
                0x00004440                ACE_PPE_Flag31_IRQHandler
 .text          0x00004468      0x750 ./drivers/mss_ace/ace_sse.o
                0x00004468                ACE_get_sse_seq_handle
                0x000044ec                ACE_load_sse
                0x0000461c                ACE_start_sse
                0x0000475c                ACE_restart_sse
                0x00004880                ACE_stop_sse
                0x000048d4                ACE_resume_sse
                0x00004928                ACE_enable_sse_irq
                0x00004970                ACE_disable_sse_irq
                0x000049d4                ACE_clear_sse_irq
                0x00004a40                ACE_clear_sample_pipeline
 .text          0x00004bb8      0x73c ./drivers/mss_ace/ace_transform.o
                0x00004bb8                ACE_get_default_m_factor
                0x00004be8                ACE_get_default_c_offset
                0x00004c1c                ACE_set_linear_transform
                0x00004d98                extend_sign
                0x00004dc8                adjust_to_24bit_ace_format
                0x00004e48                adjust_to_16bit_ace_format
                0x00004ec8                get_calibration
                0x00005248                write_transform_coefficients
 .text          0x000052f4      0xca8 ./drivers/mss_ace/mss_ace.o
                0x000052f4                ACE_init
                0x00005304                ACE_start_adc
                0x00005330                ACE_get_adc_result
                0x00005394                ACE_configure_sdd
                0x00005534                ACE_enable_sdd
                0x0000557c                ACE_disable_sdd
                0x000055c4                ACE_set_sdd_value
                0x00005610                ACE_set_sdd_value_sync
                0x000056e0                ACE_set_comp_reference
                0x00005894                ACE_set_comp_hysteresis
                0x000059bc                ACE_enable_comp
                0x00005ab8                ACE_disable_comp
                0x00005bb0                ACE_enable_comp_rise_irq
                0x00005c00                ACE_disable_comp_rise_irq
                0x00005c70                ACE_clear_comp_rise_irq
                0x00005cdc                ACE_enable_comp_fall_irq
                0x00005d2c                ACE_disable_comp_fall_irq
                0x00005d9c                ACE_clear_comp_fall_irq
                0x00005e08                ACE_get_comp_status
                0x00005e28                ACE_get_channel_count
                0x00005e38                ACE_get_first_channel
                0x00005e54                ACE_get_next_channel
                0x00005e80                ACE_get_channel_handle
                0x00005ef4                ACE_get_input_channel_handle
                0x00005f48                ACE_get_ppe_sample
 .text          0x00005f9c      0x8cc ./drivers/CoreUARTapb/core_uart_apb.o
                0x00005f9c                UART_init
                0x0000623c                UART_send
                0x00006398                UART_fill_tx_fifo
                0x00006518                UART_get_rx
                0x000066d0                UART_polled_tx_string
                0x000067dc                UART_get_rx_status
 .text          0x00006868       0xb0 ./CMSIS/brownout_isr.o
                0x00006868                BrownOut_1_5V_IRQHandler
 .text          0x00006918      0x28c ./CMSIS/core_cm3.o
                0x00006918                __get_PSP
                0x00006928                __set_PSP
                0x00006930                __get_MSP
                0x00006940                __set_MSP
                0x00006948                __get_BASEPRI
                0x00006968                __set_BASEPRI
                0x00006980                __get_PRIMASK
                0x000069a0                __set_PRIMASK
                0x000069b8                __get_FAULTMASK
                0x000069d8                __set_FAULTMASK
                0x000069f0                __get_CONTROL
                0x00006a10                __set_CONTROL
                0x00006a28                __REV
                0x00006a4c                __REV16
                0x00006a70                __REVSH
                0x00006a94                __RBIT
                0x00006ab8                __LDREXB
                0x00006adc                __LDREXH
                0x00006b00                __LDREXW
                0x00006b24                __STREXB
                0x00006b50                __STREXH
                0x00006b7c                __STREXW
 .text          0x00006ba4      0x244 ./CMSIS/system_a2fxxxm3.o
                0x00006ba4                SystemInit
                0x00006bb0                SystemCoreClockUpdate
 .text          0x00006de8      0x2c0 ./CMSIS/startup_gcc/newlib_stubs.o
                0x00006de8                _close
                0x00006e00                _execve
                0x00006e28                _exit
                0x00006e34                _fork
                0x00006e4c                _fstat
                0x00006e70                _getpid
                0x00006e80                _isatty
                0x00006e98                _kill
                0x00006ebc                _link
                0x00006ee0                _lseek
                0x00006efc                _open
                0x00006f18                _read
                0x00006f34                _write_r
                0x00006f90                _sbrk
                0x00007024                _stat
                0x00007048                _times
                0x00007060                _unlink
                0x00007084                _wait
 .text          0x000070a8        0x0 ./CMSIS/startup_gcc/startup_a2fxxxm3.o
 .text          0x000070a8      0x370 c:/actel/libero_v9.1/softconsole/sourcery-g++/bin/../lib/gcc/arm-none-eabi/4.4.1/thumb2\libgcc.a(_arm_addsubdf3.o)
                0x000070a8                __aeabi_drsub
                0x000070b0                __aeabi_dsub
                0x000070b0                __subdf3
                0x000070b4                __aeabi_dadd
                0x000070b4                __adddf3
                0x0000732c                __floatunsidf
                0x0000732c                __aeabi_ui2d
                0x0000734c                __floatsidf
                0x0000734c                __aeabi_i2d
                0x00007370                __aeabi_f2d
                0x00007370                __extendsfdf2
                0x000073ac                __floatundidf
                0x000073ac                __aeabi_ul2d
                0x000073bc                __floatdidf
                0x000073bc                __aeabi_l2d
 .text          0x00007418      0x424 c:/actel/libero_v9.1/softconsole/sourcery-g++/bin/../lib/gcc/arm-none-eabi/4.4.1/thumb2\libgcc.a(_arm_muldivdf3.o)
                0x00007418                __aeabi_dmul
                0x00007418                __muldf3
                0x0000766c                __divdf3
                0x0000766c                __aeabi_ddiv
 .text          0x0000783c       0x50 c:/actel/libero_v9.1/softconsole/sourcery-g++/bin/../lib/gcc/arm-none-eabi/4.4.1/thumb2\libgcc.a(_arm_fixdfsi.o)
                0x0000783c                __aeabi_d2iz
                0x0000783c                __fixdfsi
 .text          0x0000788c        0xc c:/actel/libero_v9.1/softconsole/sourcery-g++/bin/../lib/gcc/arm-none-eabi/4.4.1/../../../../arm-none-eabi/lib/thumb2\libc.a(lib_a-errno.o)
                0x0000788c                __errno
 .text          0x00007898        0x0 c:/actel/libero_v9.1/softconsole/sourcery-g++/bin/../lib/gcc/arm-none-eabi/4.4.1/../../../../arm-none-eabi/lib/thumb2\libc.a(lib_a-impure.o)
 .text          0x00007898       0x50 c:/actel/libero_v9.1/softconsole/sourcery-g++/bin/../lib/gcc/arm-none-eabi/4.4.1/../../../../arm-none-eabi/lib/thumb2\libc.a(lib_a-init.o)
                0x00007898                __libc_init_array
 .text          0x000078e8       0x64 c:/actel/libero_v9.1/softconsole/sourcery-g++/bin/../lib/gcc/arm-none-eabi/4.4.1/../../../../arm-none-eabi/lib/thumb2\libc.a(lib_a-printf.o)
                0x000078e8                printf
                0x00007920                _printf_r
 .text          0x0000794c       0xa8 c:/actel/libero_v9.1/softconsole/sourcery-g++/bin/../lib/gcc/arm-none-eabi/4.4.1/../../../../arm-none-eabi/lib/thumb2\libc.a(lib_a-strncmp.o)
                0x0000794c                strncmp
 .text          0x000079f4     0x1940 c:/actel/libero_v9.1/softconsole/sourcery-g++/bin/../lib/gcc/arm-none-eabi/4.4.1/../../../../arm-none-eabi/lib/thumb2\libc.a(lib_a-vfprintf.o)
                0x00007a10                _vfprintf_r
                0x00009318                vfprintf
 .text          0x00009334      0x104 c:/actel/libero_v9.1/softconsole/sourcery-g++/bin/../lib/gcc/arm-none-eabi/4.4.1/../../../../arm-none-eabi/lib/thumb2\libc.a(lib_a-wsetup.o)
                0x00009334                __swsetup_r
 .text          0x00009438      0xfb8 c:/actel/libero_v9.1/softconsole/sourcery-g++/bin/../lib/gcc/arm-none-eabi/4.4.1/../../../../arm-none-eabi/lib/thumb2\libc.a(lib_a-dtoa.o)
                0x00009558                _dtoa_r
 .text          0x0000a3f0      0x178 c:/actel/libero_v9.1/softconsole/sourcery-g++/bin/../lib/gcc/arm-none-eabi/4.4.1/../../../../arm-none-eabi/lib/thumb2\libc.a(lib_a-fflush.o)
                0x0000a3f0                _fflush_r
                0x0000a540                fflush
 .text          0x0000a568      0x1c8 c:/actel/libero_v9.1/softconsole/sourcery-g++/bin/../lib/gcc/arm-none-eabi/4.4.1/../../../../arm-none-eabi/lib/thumb2\libc.a(lib_a-findfp.o)
                0x0000a568                __sfp_lock_acquire
                0x0000a56c                __sfp_lock_release
                0x0000a570                __sinit_lock_acquire
                0x0000a574                __sinit_lock_release
                0x0000a580                __fp_unlock_all
                0x0000a598                __fp_lock_all
                0x0000a5b0                _cleanup_r
                0x0000a5bc                _cleanup
                0x0000a618                __sfmoreglue
                0x0000a648                __sfp
                0x0000a6d0                __sinit
 .text          0x0000a730      0x268 c:/actel/libero_v9.1/softconsole/sourcery-g++/bin/../lib/gcc/arm-none-eabi/4.4.1/../../../../arm-none-eabi/lib/thumb2\libc.a(lib_a-freer.o)
                0x0000a730                _malloc_trim_r
                0x0000a7d8                _free_r
 .text          0x0000a998      0x334 c:/actel/libero_v9.1/softconsole/sourcery-g++/bin/../lib/gcc/arm-none-eabi/4.4.1/../../../../arm-none-eabi/lib/thumb2\libc.a(lib_a-fvwrite.o)
                0x0000a998                __sfvwrite_r
 .text          0x0000accc       0xa0 c:/actel/libero_v9.1/softconsole/sourcery-g++/bin/../lib/gcc/arm-none-eabi/4.4.1/../../../../arm-none-eabi/lib/thumb2\libc.a(lib_a-fwalk.o)
                0x0000accc                _fwalk_reent
                0x0000ad20                _fwalk
 .text          0x0000ad6c       0x74 c:/actel/libero_v9.1/softconsole/sourcery-g++/bin/../lib/gcc/arm-none-eabi/4.4.1/../../../../arm-none-eabi/lib/thumb2\libc.a(lib_a-locale.o)
                0x0000ad6c                __locale_charset
                0x0000ad78                _localeconv_r
                0x0000ad80                localeconv
                0x0000ad88                _setlocale_r
                0x0000add0                setlocale
 .text          0x0000ade0       0xdc c:/actel/libero_v9.1/softconsole/sourcery-g++/bin/../lib/gcc/arm-none-eabi/4.4.1/../../../../arm-none-eabi/lib/thumb2\libc.a(lib_a-makebuf.o)
                0x0000ade0                __smakebuf_r
 .text          0x0000aebc       0x20 c:/actel/libero_v9.1/softconsole/sourcery-g++/bin/../lib/gcc/arm-none-eabi/4.4.1/../../../../arm-none-eabi/lib/thumb2\libc.a(lib_a-malloc.o)
                0x0000aebc                free
                0x0000aecc                malloc
 .text          0x0000aedc      0x5a4 c:/actel/libero_v9.1/softconsole/sourcery-g++/bin/../lib/gcc/arm-none-eabi/4.4.1/../../../../arm-none-eabi/lib/thumb2\libc.a(lib_a-mallocr.o)
                0x0000aedc                _malloc_r
 .text          0x0000b480       0x74 c:/actel/libero_v9.1/softconsole/sourcery-g++/bin/../lib/gcc/arm-none-eabi/4.4.1/../../../../arm-none-eabi/lib/thumb2\libc.a(lib_a-memchr.o)
                0x0000b480                memchr
 .text          0x0000b4f4      0x190 c:/actel/libero_v9.1/softconsole/sourcery-g++/bin/../lib/gcc/arm-none-eabi/4.4.1/../../../../arm-none-eabi/lib/thumb2\libc.a(lib_a-memcpy.o)
                0x0000b4f4                memcpy
 .text          0x0000b684       0xb8 c:/actel/libero_v9.1/softconsole/sourcery-g++/bin/../lib/gcc/arm-none-eabi/4.4.1/../../../../arm-none-eabi/lib/thumb2\libc.a(lib_a-memmove.o)
                0x0000b684                memmove
 .text          0x0000b73c       0xd4 c:/actel/libero_v9.1/softconsole/sourcery-g++/bin/../lib/gcc/arm-none-eabi/4.4.1/../../../../arm-none-eabi/lib/thumb2\libc.a(lib_a-memset.o)
                0x0000b73c                memset
 .text          0x0000b810        0x8 c:/actel/libero_v9.1/softconsole/sourcery-g++/bin/../lib/gcc/arm-none-eabi/4.4.1/../../../../arm-none-eabi/lib/thumb2\libc.a(lib_a-mlock.o)
                0x0000b810                __malloc_lock
                0x0000b814                __malloc_unlock
 .text          0x0000b818      0x958 c:/actel/libero_v9.1/softconsole/sourcery-g++/bin/../lib/gcc/arm-none-eabi/4.4.1/../../../../arm-none-eabi/lib/thumb2\libc.a(lib_a-mprec.o)
                0x0000b818                __hi0bits
                0x0000b858                __lo0bits
                0x0000b8bc                __mcmp
                0x0000b8fc                __ulp
                0x0000b948                __b2d
                0x0000b9f0                __ratio
                0x0000ba50                _mprec_log10
                0x0000ba88                __copybits
                0x0000bad8                __any_on
                0x0000bb30                _Bfree
                0x0000bb68                _Balloc
                0x0000bbd4                __d2b
                0x0000bca4                __mdiff
                0x0000bd9c                __lshift
                0x0000be58                __multiply
                0x0000bf8c                __i2b
                0x0000bfa0                __multadd
                0x0000c028                __pow5mult
                0x0000c0d4                __s2b
 .text          0x0000c170      0x3b4 c:/actel/libero_v9.1/softconsole/sourcery-g++/bin/../lib/gcc/arm-none-eabi/4.4.1/../../../../arm-none-eabi/lib/thumb2\libc.a(lib_a-reallocr.o)
                0x0000c170                _realloc_r
 .text          0x0000c524       0x24 c:/actel/libero_v9.1/softconsole/sourcery-g++/bin/../lib/gcc/arm-none-eabi/4.4.1/../../../../arm-none-eabi/lib/thumb2\libc.a(lib_a-s_isinfd.o)
                0x0000c524                __isinfd
 .text          0x0000c548       0x1c c:/actel/libero_v9.1/softconsole/sourcery-g++/bin/../lib/gcc/arm-none-eabi/4.4.1/../../../../arm-none-eabi/lib/thumb2\libc.a(lib_a-s_isnand.o)
                0x0000c548                __isnand
 .text          0x0000c564       0x28 c:/actel/libero_v9.1/softconsole/sourcery-g++/bin/../lib/gcc/arm-none-eabi/4.4.1/../../../../arm-none-eabi/lib/thumb2\libc.a(lib_a-sbrkr.o)
                0x0000c564                _sbrk_r
 .text          0x0000c58c       0x90 c:/actel/libero_v9.1/softconsole/sourcery-g++/bin/../lib/gcc/arm-none-eabi/4.4.1/../../../../arm-none-eabi/lib/thumb2\libc.a(lib_a-stdio.o)
                0x0000c58c                __sclose
                0x0000c594                __sseek
                0x0000c5bc                __swrite
                0x0000c5f8                __sread
 .text          0x0000c61c      0x1dc c:/actel/libero_v9.1/softconsole/sourcery-g++/bin/../lib/gcc/arm-none-eabi/4.4.1/../../../../arm-none-eabi/lib/thumb2\libc.a(lib_a-strcmp.o)
                0x0000c61c                strcmp
 .text          0x0000c7f8       0x60 c:/actel/libero_v9.1/softconsole/sourcery-g++/bin/../lib/gcc/arm-none-eabi/4.4.1/../../../../arm-none-eabi/lib/thumb2\libc.a(lib_a-strlen.o)
                0x0000c7f8                strlen
 .text          0x0000c858       0x5c c:/actel/libero_v9.1/softconsole/sourcery-g++/bin/../lib/gcc/arm-none-eabi/4.4.1/../../../../arm-none-eabi/lib/thumb2\libc.a(lib_a-callocr.o)
                0x0000c858                _calloc_r
 .text          0x0000c8b4       0x28 c:/actel/libero_v9.1/softconsole/sourcery-g++/bin/../lib/gcc/arm-none-eabi/4.4.1/../../../../arm-none-eabi/lib/thumb2\libc.a(lib_a-closer.o)
                0x0000c8b4                _close_r
 .text          0x0000c8dc       0xcc c:/actel/libero_v9.1/softconsole/sourcery-g++/bin/../lib/gcc/arm-none-eabi/4.4.1/../../../../arm-none-eabi/lib/thumb2\libc.a(lib_a-fclose.o)
                0x0000c8dc                _fclose_r
                0x0000c998                fclose
 .text          0x0000c9a8       0x2c c:/actel/libero_v9.1/softconsole/sourcery-g++/bin/../lib/gcc/arm-none-eabi/4.4.1/../../../../arm-none-eabi/lib/thumb2\libc.a(lib_a-fstatr.o)
                0x0000c9a8                _fstat_r
 .text          0x0000c9d4       0x28 c:/actel/libero_v9.1/softconsole/sourcery-g++/bin/../lib/gcc/arm-none-eabi/4.4.1/../../../../arm-none-eabi/lib/thumb2\libc.a(lib_a-isattyr.o)
                0x0000c9d4                _isatty_r
 .text          0x0000c9fc       0x2c c:/actel/libero_v9.1/softconsole/sourcery-g++/bin/../lib/gcc/arm-none-eabi/4.4.1/../../../../arm-none-eabi/lib/thumb2\libc.a(lib_a-lseekr.o)
                0x0000c9fc                _lseek_r
 .text          0x0000ca28       0x2c c:/actel/libero_v9.1/softconsole/sourcery-g++/bin/../lib/gcc/arm-none-eabi/4.4.1/../../../../arm-none-eabi/lib/thumb2\libc.a(lib_a-readr.o)
                0x0000ca28                _read_r
 .text          0x0000ca54      0x10c c:/actel/libero_v9.1/softconsole/sourcery-g++/bin/../lib/gcc/arm-none-eabi/4.4.1/../../../../arm-none-eabi/lib/thumb2\libc.a(lib_a-reent.o)
                0x0000ca54                _wrapup_reent
                0x0000ca8c                cleanup_glue
                0x0000caa8                _reclaim_reent
 .text          0x0000cb60      0x278 c:/actel/libero_v9.1/softconsole/sourcery-g++/bin/../lib/gcc/arm-none-eabi/4.4.1/thumb2\libgcc.a(_udivsi3.o)
                0x0000cb60                __aeabi_uidiv
                0x0000cb60                __udivsi3
                0x0000cdbc                __aeabi_uidivmod
 .text          0x0000cdd8        0x4 c:/actel/libero_v9.1/softconsole/sourcery-g++/bin/../lib/gcc/arm-none-eabi/4.4.1/thumb2\libgcc.a(_dvmd_tls.o)
                0x0000cdd8                __aeabi_idiv0
                0x0000cdd8                __aeabi_ldiv0
 .text          0x0000cddc      0x110 c:/actel/libero_v9.1/softconsole/sourcery-g++/bin/../lib/gcc/arm-none-eabi/4.4.1/thumb2\libgcc.a(_arm_cmpdf2.o)
                0x0000cddc                __gtdf2
                0x0000cddc                __gedf2
                0x0000cde4                __ltdf2
                0x0000cde4                __ledf2
                0x0000cdec                __nedf2
                0x0000cdec                __eqdf2
                0x0000cdec                __cmpdf2
                0x0000ce68                __aeabi_cdrcmple
                0x0000ce78                __aeabi_cdcmpeq
                0x0000ce78                __aeabi_cdcmple
                0x0000ce88                __aeabi_dcmpeq
                0x0000ce9c                __aeabi_dcmplt
                0x0000ceb0                __aeabi_dcmple
                0x0000cec4                __aeabi_dcmpge
                0x0000ced8                __aeabi_dcmpgt
 .text          0x0000ceec       0x2c c:/actel/libero_v9.1/softconsole/sourcery-g++/bin/../lib/gcc/arm-none-eabi/4.4.1/thumb2\libgcc.a(_aeabi_uldivmod.o)
                0x0000ceec                __aeabi_uldivmod
 .text          0x0000cf18       0x58 c:/actel/libero_v9.1/softconsole/sourcery-g++/bin/../lib/gcc/arm-none-eabi/4.4.1/thumb2\libgcc.a(bpabi.o)
                0x0000cf18                __gnu_uldivmod_helper
                0x0000cf44                __gnu_ldivmod_helper
 .text          0x0000cf70      0x364 c:/actel/libero_v9.1/softconsole/sourcery-g++/bin/../lib/gcc/arm-none-eabi/4.4.1/thumb2\libgcc.a(_divdi3.o)
                0x0000cf70                __divdi3
 .text          0x0000d2d4      0x300 c:/actel/libero_v9.1/softconsole/sourcery-g++/bin/../lib/gcc/arm-none-eabi/4.4.1/thumb2\libgcc.a(_udivdi3.o)
                0x0000d2d4                __udivdi3
 .text          0x0000d5d4        0x0 c:/actel/libero_v9.1/softconsole/sourcery-g++/bin/../lib/gcc/arm-none-eabi/4.4.1/thumb2/crtend.o
 .text          0x0000d5d4        0x0 c:/actel/libero_v9.1/softconsole/sourcery-g++/bin/../lib/gcc/arm-none-eabi/4.4.1/thumb2/crtn.o
 *(.plt)
 *(.gnu.warning)
 *(.glue_7t)
 .glue_7t       0x00000000        0x0 linker stubs
 *(.glue_7)
 .glue_7        0x00000000        0x0 linker stubs
 *(.vfp11_veneer)
 .vfp11_veneer  0x00000000        0x0 linker stubs
                0x0000d5d4                . = ALIGN (0x4)
 *crtbegin.o(.ctors)
 *(EXCLUDE_FILE(*crtend.o) .ctors)
 *(SORT(.ctors.*))
 *crtend.o(.ctors)
 *crtbegin.o(.dtors)
 *(EXCLUDE_FILE(*crtend.o) .dtors)
 *(SORT(.dtors.*))
 *crtend.o(.dtors)
 *(.rodata .rodata.* .gnu.linkonce.r.*)
 .rodata        0x0000d5d4      0x114 ./core_pwm.o
 .rodata        0x0000d6e8       0x18 ./main.o
 .rodata        0x0000d700       0x6c ./drivers_config/mss_ace/ace_config.o
                0x0000d700                g_ace_current_resistors
                0x0000d708                g_ace_external_varef_used
                0x0000d70c                g_ace_channel_0_name
                0x0000d720                g_ace_ppe_transforms_desc_table
                0x0000d728                g_ace_sse_proc_0_name
                0x0000d734                g_ace_sse_proc_0_sequence
                0x0000d73c                g_ace_sse_proc_1_name
                0x0000d748                g_ace_sse_proc_1_sequence
 .rodata        0x0000d76c       0xc0 ./drivers/mss_gpio/mss_gpio.o
 .rodata        0x0000d82c       0xcc ./drivers/mss_ace/ace_convert.o
 .rodata        0x0000d8f8       0x24 ./drivers/mss_ace/ace_sse.o
 .rodata        0x0000d91c       0x5c ./drivers/mss_ace/ace_transform.o
 .rodata        0x0000d978       0x50 ./drivers/mss_ace/mss_ace.o
                0x0000d9b8                comp_id_2_scb_lut
 .rodata        0x0000d9c8       0x28 ./drivers/CoreUARTapb/core_uart_apb.o
 .rodata        0x0000d9f0       0x10 ./CMSIS/system_a2fxxxm3.o
 .rodata        0x0000da00       0x1c ./CMSIS/startup_gcc/newlib_stubs.o
 .rodata        0x0000da1c        0x4 c:/actel/libero_v9.1/softconsole/sourcery-g++/bin/../lib/gcc/arm-none-eabi/4.4.1/../../../../arm-none-eabi/lib/thumb2\libc.a(lib_a-impure.o)
                0x0000da1c                _global_impure_ptr
 .rodata.str1.4
                0x0000da20        0x2 c:/actel/libero_v9.1/softconsole/sourcery-g++/bin/../lib/gcc/arm-none-eabi/4.4.1/../../../../arm-none-eabi/lib/thumb2\libc.a(lib_a-impure.o)
                                  0x4 (size before relaxing)
 *fill*         0x0000da22        0x2 00
 .rodata        0x0000da24       0x20 c:/actel/libero_v9.1/softconsole/sourcery-g++/bin/../lib/gcc/arm-none-eabi/4.4.1/../../../../arm-none-eabi/lib/thumb2\libc.a(lib_a-vfprintf.o)
 .rodata.str1.4
                0x0000da44       0x42 c:/actel/libero_v9.1/softconsole/sourcery-g++/bin/../lib/gcc/arm-none-eabi/4.4.1/../../../../arm-none-eabi/lib/thumb2\libc.a(lib_a-vfprintf.o)
                                 0x44 (size before relaxing)
 *fill*         0x0000da86        0x2 00
 .rodata.str1.4
                0x0000da88       0x10 c:/actel/libero_v9.1/softconsole/sourcery-g++/bin/../lib/gcc/arm-none-eabi/4.4.1/../../../../arm-none-eabi/lib/thumb2\libc.a(lib_a-dtoa.o)
                                 0x14 (size before relaxing)
 .rodata        0x0000da98       0x60 c:/actel/libero_v9.1/softconsole/sourcery-g++/bin/../lib/gcc/arm-none-eabi/4.4.1/../../../../arm-none-eabi/lib/thumb2\libc.a(lib_a-findfp.o)
                0x0000da98                __sf_fake_stdin
                0x0000dab8                __sf_fake_stdout
                0x0000dad8                __sf_fake_stderr
 .rodata        0x0000daf8       0x34 c:/actel/libero_v9.1/softconsole/sourcery-g++/bin/../lib/gcc/arm-none-eabi/4.4.1/../../../../arm-none-eabi/lib/thumb2\libc.a(lib_a-locale.o)
 .rodata.str1.4
                0x0000db2c       0x10 c:/actel/libero_v9.1/softconsole/sourcery-g++/bin/../lib/gcc/arm-none-eabi/4.4.1/../../../../arm-none-eabi/lib/thumb2\libc.a(lib_a-locale.o)
                                 0x18 (size before relaxing)
 *fill*         0x0000db3c        0x4 00
 .rodata        0x0000db40      0x128 c:/actel/libero_v9.1/softconsole/sourcery-g++/bin/../lib/gcc/arm-none-eabi/4.4.1/../../../../arm-none-eabi/lib/thumb2\libc.a(lib_a-mprec.o)
                0x0000db40                __mprec_tens
                0x0000dc18                __mprec_bigtens
                0x0000dc40                __mprec_tinytens
 *(.ARM.extab* .gnu.linkonce.armextab.*)
 .ARM.extab     0x0000dc68        0x0 c:/actel/libero_v9.1/softconsole/sourcery-g++/bin/../lib/gcc/arm-none-eabi/4.4.1/thumb2\libgcc.a(_divdi3.o)
 .ARM.extab     0x0000dc68        0x0 c:/actel/libero_v9.1/softconsole/sourcery-g++/bin/../lib/gcc/arm-none-eabi/4.4.1/thumb2\libgcc.a(_udivdi3.o)
 *(.gcc_except_table)
 *(.eh_frame_hdr)
 *(.eh_frame)
 *(.init)
 .init          0x0000dc68        0x4 c:/actel/libero_v9.1/softconsole/sourcery-g++/bin/../lib/gcc/arm-none-eabi/4.4.1/thumb2/crti.o
                0x0000dc68                _init
 .init          0x0000dc6c        0x8 c:/actel/libero_v9.1/softconsole/sourcery-g++/bin/../lib/gcc/arm-none-eabi/4.4.1/thumb2/crtn.o
 *(.fini)
 .fini          0x0000dc74        0x4 c:/actel/libero_v9.1/softconsole/sourcery-g++/bin/../lib/gcc/arm-none-eabi/4.4.1/thumb2/crti.o
                0x0000dc74                _fini
 .fini          0x0000dc78        0x8 c:/actel/libero_v9.1/softconsole/sourcery-g++/bin/../lib/gcc/arm-none-eabi/4.4.1/thumb2/crtn.o
                0x0000dc80                PROVIDE (__preinit_array_start, .)
 *(.preinit_array)
                0x0000dc80                PROVIDE (__preinit_array_end, .)
                0x0000dc80                PROVIDE (__init_array_start, .)
 *(SORT(.init_array.*))
 *(.init_array)
 .init_array    0x0000dc80        0x4 c:/actel/libero_v9.1/softconsole/sourcery-g++/bin/../lib/gcc/arm-none-eabi/4.4.1/thumb2/crtbegin.o
                0x0000dc84                PROVIDE (__init_array_end, .)
                0x0000dc84                PROVIDE (__fini_array_start, .)
 *(.fini_array)
 .fini_array    0x0000dc84        0x4 c:/actel/libero_v9.1/softconsole/sourcery-g++/bin/../lib/gcc/arm-none-eabi/4.4.1/thumb2/crtbegin.o
 *(SORT(.fini_array.*))
                0x0000dc88                PROVIDE (__fini_array_end, .)
                0x0000dc88                __exidx_start = .

.v4_bx          0x0000dc88        0x0 load address 0x6000dc88
 .v4_bx         0x00000000        0x0 linker stubs

.ARM.exidx      0x20000000        0x8 load address 0x6000dc88
 *(.ARM.exidx* .gnu.linkonce.armexidx.*)
 .ARM.exidx     0x20000000        0x8 c:/actel/libero_v9.1/softconsole/sourcery-g++/bin/../lib/gcc/arm-none-eabi/4.4.1/thumb2\libgcc.a(_divdi3.o)
 .ARM.exidx     0x20000008        0x0 c:/actel/libero_v9.1/softconsole/sourcery-g++/bin/../lib/gcc/arm-none-eabi/4.4.1/thumb2\libgcc.a(_udivdi3.o)
                                  0x8 (size before relaxing)
                0x20000008                __exidx_end = .
                0x20000008                _etext = .

.data           0x20000008      0x578 load address 0x6000dc90
                0x6000dc90                __data_load = LOADADDR (.data)
                0x6000dc90                _sidata = LOADADDR (.data)
                0x20000008                __data_start = .
                0x20000008                _sdata = .
 *(.jcr)
 .jcr           0x20000008        0x0 c:/actel/libero_v9.1/softconsole/sourcery-g++/bin/../lib/gcc/arm-none-eabi/4.4.1/thumb2/crtbegin.o
 .jcr           0x20000008        0x4 c:/actel/libero_v9.1/softconsole/sourcery-g++/bin/../lib/gcc/arm-none-eabi/4.4.1/thumb2/crtend.o
 *(.got.plt)
 *(.got)
 *(.shdata)
 *(.data .data.* .gnu.linkonce.d.*)
 .data          0x2000000c        0x0 c:/actel/libero_v9.1/softconsole/sourcery-g++/bin/../lib/gcc/arm-none-eabi/4.4.1/thumb2/crti.o
 .data          0x2000000c        0x4 c:/actel/libero_v9.1/softconsole/sourcery-g++/bin/../lib/gcc/arm-none-eabi/4.4.1/thumb2/crtbegin.o
                0x2000000c                __dso_handle
 .data          0x20000010        0x0 ./core_pwm.o
 .data          0x20000010        0x0 ./main.o
 .data          0x20000010        0x0 ./hal/CortexM3/cortex_nvic.o
 .data          0x20000010        0x0 ./hal/CortexM3/GNU/hal.o
 .data          0x20000010        0x0 ./hal/CortexM3/GNU/hal_assert.o
 .data          0x20000010        0x0 ./hal/CortexM3/GNU/hw_reg_access.o
 .data          0x20000010       0x40 ./drivers_config/mss_ace/ace_config.o
                0x20000010                g_ace_adc_config
                0x20000018                g_ace_channel_desc_table
                0x20000028                g_sse_sequences_desc_table
 .data          0x20000050        0x0 ./drivers/mss_uart/mss_uart.o
 .data          0x20000050        0x0 ./drivers/mss_gpio/mss_gpio.o
 .data          0x20000050        0x0 ./drivers/mss_ace/ace_convert.o
 .data          0x20000050        0x0 ./drivers/mss_ace/ace_flags.o
 .data          0x20000050        0x0 ./drivers/mss_ace/ace_sse.o
 .data          0x20000050        0x0 ./drivers/mss_ace/ace_transform.o
 .data          0x20000050        0x0 ./drivers/mss_ace/mss_ace.o
 .data          0x20000050        0x0 ./drivers/CoreUARTapb/core_uart_apb.o
 .data          0x20000050        0x0 ./CMSIS/brownout_isr.o
 .data          0x20000050        0x0 ./CMSIS/core_cm3.o
 .data          0x20000050       0x18 ./CMSIS/system_a2fxxxm3.o
                0x20000050                SystemFrequency
                0x20000054                SystemCoreClock
                0x20000058                g_FrequencyPCLK0
                0x2000005c                g_FrequencyPCLK1
                0x20000060                g_FrequencyACE
                0x20000064                g_FrequencyFPGA
 .data          0x20000068        0x4 ./CMSIS/startup_gcc/newlib_stubs.o
                0x20000068                environ
 .data          0x2000006c        0x0 ./CMSIS/startup_gcc/startup_a2fxxxm3.o
 .data          0x2000006c        0x0 c:/actel/libero_v9.1/softconsole/sourcery-g++/bin/../lib/gcc/arm-none-eabi/4.4.1/thumb2\libgcc.a(_arm_addsubdf3.o)
 .data          0x2000006c        0x0 c:/actel/libero_v9.1/softconsole/sourcery-g++/bin/../lib/gcc/arm-none-eabi/4.4.1/thumb2\libgcc.a(_arm_muldivdf3.o)
 .data          0x2000006c        0x0 c:/actel/libero_v9.1/softconsole/sourcery-g++/bin/../lib/gcc/arm-none-eabi/4.4.1/thumb2\libgcc.a(_arm_fixdfsi.o)
 .data          0x2000006c        0x0 c:/actel/libero_v9.1/softconsole/sourcery-g++/bin/../lib/gcc/arm-none-eabi/4.4.1/../../../../arm-none-eabi/lib/thumb2\libc.a(lib_a-errno.o)
 .data          0x2000006c       0xf4 c:/actel/libero_v9.1/softconsole/sourcery-g++/bin/../lib/gcc/arm-none-eabi/4.4.1/../../../../arm-none-eabi/lib/thumb2\libc.a(lib_a-impure.o)
                0x2000006c                _impure_ptr
 .data          0x20000160        0x0 c:/actel/libero_v9.1/softconsole/sourcery-g++/bin/../lib/gcc/arm-none-eabi/4.4.1/../../../../arm-none-eabi/lib/thumb2\libc.a(lib_a-init.o)
 .data          0x20000160        0x0 c:/actel/libero_v9.1/softconsole/sourcery-g++/bin/../lib/gcc/arm-none-eabi/4.4.1/../../../../arm-none-eabi/lib/thumb2\libc.a(lib_a-printf.o)
 .data          0x20000160        0x0 c:/actel/libero_v9.1/softconsole/sourcery-g++/bin/../lib/gcc/arm-none-eabi/4.4.1/../../../../arm-none-eabi/lib/thumb2\libc.a(lib_a-strncmp.o)
 .data          0x20000160        0x0 c:/actel/libero_v9.1/softconsole/sourcery-g++/bin/../lib/gcc/arm-none-eabi/4.4.1/../../../../arm-none-eabi/lib/thumb2\libc.a(lib_a-vfprintf.o)
 .data          0x20000160        0x0 c:/actel/libero_v9.1/softconsole/sourcery-g++/bin/../lib/gcc/arm-none-eabi/4.4.1/../../../../arm-none-eabi/lib/thumb2\libc.a(lib_a-wsetup.o)
 .data          0x20000160        0x0 c:/actel/libero_v9.1/softconsole/sourcery-g++/bin/../lib/gcc/arm-none-eabi/4.4.1/../../../../arm-none-eabi/lib/thumb2\libc.a(lib_a-dtoa.o)
 .data          0x20000160        0x0 c:/actel/libero_v9.1/softconsole/sourcery-g++/bin/../lib/gcc/arm-none-eabi/4.4.1/../../../../arm-none-eabi/lib/thumb2\libc.a(lib_a-fflush.o)
 .data          0x20000160        0x0 c:/actel/libero_v9.1/softconsole/sourcery-g++/bin/../lib/gcc/arm-none-eabi/4.4.1/../../../../arm-none-eabi/lib/thumb2\libc.a(lib_a-findfp.o)
 .data          0x20000160        0x0 c:/actel/libero_v9.1/softconsole/sourcery-g++/bin/../lib/gcc/arm-none-eabi/4.4.1/../../../../arm-none-eabi/lib/thumb2\libc.a(lib_a-freer.o)
 .data          0x20000160        0x0 c:/actel/libero_v9.1/softconsole/sourcery-g++/bin/../lib/gcc/arm-none-eabi/4.4.1/../../../../arm-none-eabi/lib/thumb2\libc.a(lib_a-fvwrite.o)
 .data          0x20000160        0x0 c:/actel/libero_v9.1/softconsole/sourcery-g++/bin/../lib/gcc/arm-none-eabi/4.4.1/../../../../arm-none-eabi/lib/thumb2\libc.a(lib_a-fwalk.o)
 .data          0x20000160       0x10 c:/actel/libero_v9.1/softconsole/sourcery-g++/bin/../lib/gcc/arm-none-eabi/4.4.1/../../../../arm-none-eabi/lib/thumb2\libc.a(lib_a-locale.o)
                0x20000160                __mb_cur_max
                0x20000164                __lc_ctype
 .data          0x20000170        0x0 c:/actel/libero_v9.1/softconsole/sourcery-g++/bin/../lib/gcc/arm-none-eabi/4.4.1/../../../../arm-none-eabi/lib/thumb2\libc.a(lib_a-makebuf.o)
 .data          0x20000170        0x0 c:/actel/libero_v9.1/softconsole/sourcery-g++/bin/../lib/gcc/arm-none-eabi/4.4.1/../../../../arm-none-eabi/lib/thumb2\libc.a(lib_a-malloc.o)
 .data          0x20000170      0x410 c:/actel/libero_v9.1/softconsole/sourcery-g++/bin/../lib/gcc/arm-none-eabi/4.4.1/../../../../arm-none-eabi/lib/thumb2\libc.a(lib_a-mallocr.o)
                0x20000170                __malloc_av_
                0x20000578                __malloc_sbrk_base
                0x2000057c                __malloc_trim_threshold
 .data          0x20000580        0x0 c:/actel/libero_v9.1/softconsole/sourcery-g++/bin/../lib/gcc/arm-none-eabi/4.4.1/../../../../arm-none-eabi/lib/thumb2\libc.a(lib_a-memchr.o)
 .data          0x20000580        0x0 c:/actel/libero_v9.1/softconsole/sourcery-g++/bin/../lib/gcc/arm-none-eabi/4.4.1/../../../../arm-none-eabi/lib/thumb2\libc.a(lib_a-memcpy.o)
 .data          0x20000580        0x0 c:/actel/libero_v9.1/softconsole/sourcery-g++/bin/../lib/gcc/arm-none-eabi/4.4.1/../../../../arm-none-eabi/lib/thumb2\libc.a(lib_a-memmove.o)
 .data          0x20000580        0x0 c:/actel/libero_v9.1/softconsole/sourcery-g++/bin/../lib/gcc/arm-none-eabi/4.4.1/../../../../arm-none-eabi/lib/thumb2\libc.a(lib_a-memset.o)
 .data          0x20000580        0x0 c:/actel/libero_v9.1/softconsole/sourcery-g++/bin/../lib/gcc/arm-none-eabi/4.4.1/../../../../arm-none-eabi/lib/thumb2\libc.a(lib_a-mlock.o)
 .data          0x20000580        0x0 c:/actel/libero_v9.1/softconsole/sourcery-g++/bin/../lib/gcc/arm-none-eabi/4.4.1/../../../../arm-none-eabi/lib/thumb2\libc.a(lib_a-mprec.o)
 .data          0x20000580        0x0 c:/actel/libero_v9.1/softconsole/sourcery-g++/bin/../lib/gcc/arm-none-eabi/4.4.1/../../../../arm-none-eabi/lib/thumb2\libc.a(lib_a-reallocr.o)
 .data          0x20000580        0x0 c:/actel/libero_v9.1/softconsole/sourcery-g++/bin/../lib/gcc/arm-none-eabi/4.4.1/../../../../arm-none-eabi/lib/thumb2\libc.a(lib_a-s_isinfd.o)
 .data          0x20000580        0x0 c:/actel/libero_v9.1/softconsole/sourcery-g++/bin/../lib/gcc/arm-none-eabi/4.4.1/../../../../arm-none-eabi/lib/thumb2\libc.a(lib_a-s_isnand.o)
 .data          0x20000580        0x0 c:/actel/libero_v9.1/softconsole/sourcery-g++/bin/../lib/gcc/arm-none-eabi/4.4.1/../../../../arm-none-eabi/lib/thumb2\libc.a(lib_a-sbrkr.o)
 .data          0x20000580        0x0 c:/actel/libero_v9.1/softconsole/sourcery-g++/bin/../lib/gcc/arm-none-eabi/4.4.1/../../../../arm-none-eabi/lib/thumb2\libc.a(lib_a-stdio.o)
 .data          0x20000580        0x0 c:/actel/libero_v9.1/softconsole/sourcery-g++/bin/../lib/gcc/arm-none-eabi/4.4.1/../../../../arm-none-eabi/lib/thumb2\libc.a(lib_a-strcmp.o)
 .data          0x20000580        0x0 c:/actel/libero_v9.1/softconsole/sourcery-g++/bin/../lib/gcc/arm-none-eabi/4.4.1/../../../../arm-none-eabi/lib/thumb2\libc.a(lib_a-strlen.o)
 .data          0x20000580        0x0 c:/actel/libero_v9.1/softconsole/sourcery-g++/bin/../lib/gcc/arm-none-eabi/4.4.1/../../../../arm-none-eabi/lib/thumb2\libc.a(lib_a-callocr.o)
 .data          0x20000580        0x0 c:/actel/libero_v9.1/softconsole/sourcery-g++/bin/../lib/gcc/arm-none-eabi/4.4.1/../../../../arm-none-eabi/lib/thumb2\libc.a(lib_a-closer.o)
 .data          0x20000580        0x0 c:/actel/libero_v9.1/softconsole/sourcery-g++/bin/../lib/gcc/arm-none-eabi/4.4.1/../../../../arm-none-eabi/lib/thumb2\libc.a(lib_a-fclose.o)
 .data          0x20000580        0x0 c:/actel/libero_v9.1/softconsole/sourcery-g++/bin/../lib/gcc/arm-none-eabi/4.4.1/../../../../arm-none-eabi/lib/thumb2\libc.a(lib_a-fstatr.o)
 .data          0x20000580        0x0 c:/actel/libero_v9.1/softconsole/sourcery-g++/bin/../lib/gcc/arm-none-eabi/4.4.1/../../../../arm-none-eabi/lib/thumb2\libc.a(lib_a-isattyr.o)
 .data          0x20000580        0x0 c:/actel/libero_v9.1/softconsole/sourcery-g++/bin/../lib/gcc/arm-none-eabi/4.4.1/../../../../arm-none-eabi/lib/thumb2\libc.a(lib_a-lseekr.o)
 .data          0x20000580        0x0 c:/actel/libero_v9.1/softconsole/sourcery-g++/bin/../lib/gcc/arm-none-eabi/4.4.1/../../../../arm-none-eabi/lib/thumb2\libc.a(lib_a-readr.o)
 .data          0x20000580        0x0 c:/actel/libero_v9.1/softconsole/sourcery-g++/bin/../lib/gcc/arm-none-eabi/4.4.1/../../../../arm-none-eabi/lib/thumb2\libc.a(lib_a-reent.o)
 .data          0x20000580        0x0 c:/actel/libero_v9.1/softconsole/sourcery-g++/bin/../lib/gcc/arm-none-eabi/4.4.1/thumb2\libgcc.a(_udivsi3.o)
 .data          0x20000580        0x0 c:/actel/libero_v9.1/softconsole/sourcery-g++/bin/../lib/gcc/arm-none-eabi/4.4.1/thumb2\libgcc.a(_dvmd_tls.o)
 .data          0x20000580        0x0 c:/actel/libero_v9.1/softconsole/sourcery-g++/bin/../lib/gcc/arm-none-eabi/4.4.1/thumb2\libgcc.a(_arm_cmpdf2.o)
 .data          0x20000580        0x0 c:/actel/libero_v9.1/softconsole/sourcery-g++/bin/../lib/gcc/arm-none-eabi/4.4.1/thumb2\libgcc.a(_aeabi_uldivmod.o)
 .data          0x20000580        0x0 c:/actel/libero_v9.1/softconsole/sourcery-g++/bin/../lib/gcc/arm-none-eabi/4.4.1/thumb2\libgcc.a(bpabi.o)
 .data          0x20000580        0x0 c:/actel/libero_v9.1/softconsole/sourcery-g++/bin/../lib/gcc/arm-none-eabi/4.4.1/thumb2\libgcc.a(_divdi3.o)
 .data          0x20000580        0x0 c:/actel/libero_v9.1/softconsole/sourcery-g++/bin/../lib/gcc/arm-none-eabi/4.4.1/thumb2\libgcc.a(_udivdi3.o)
 .data          0x20000580        0x0 c:/actel/libero_v9.1/softconsole/sourcery-g++/bin/../lib/gcc/arm-none-eabi/4.4.1/thumb2/crtend.o
 .data          0x20000580        0x0 c:/actel/libero_v9.1/softconsole/sourcery-g++/bin/../lib/gcc/arm-none-eabi/4.4.1/thumb2/crtn.o
                0x20000580                . = ALIGN (0x4)
                0x20000580                _edata = .

.bss            0x20000580       0xd0 load address 0x6000e208
                0x20000580                __bss_start__ = .
                0x20000580                _sbss = .
 *(.shbss)
 *(.bss .bss.* .gnu.linkonce.b.*)
 .bss           0x20000580        0x0 c:/actel/libero_v9.1/softconsole/sourcery-g++/bin/../lib/gcc/arm-none-eabi/4.4.1/thumb2/crti.o
 .bss           0x20000580        0x1 c:/actel/libero_v9.1/softconsole/sourcery-g++/bin/../lib/gcc/arm-none-eabi/4.4.1/thumb2/crtbegin.o
 .bss           0x20000581        0x0 ./core_pwm.o
 .bss           0x20000581        0x0 ./main.o
 .bss           0x20000581        0x0 ./hal/CortexM3/cortex_nvic.o
 .bss           0x20000581        0x0 ./hal/CortexM3/GNU/hal.o
 .bss           0x20000581        0x0 ./hal/CortexM3/GNU/hal_assert.o
 .bss           0x20000581        0x0 ./hal/CortexM3/GNU/hw_reg_access.o
 .bss           0x20000581        0x0 ./drivers_config/mss_ace/ace_config.o
 .bss           0x20000581        0x0 ./drivers/mss_uart/mss_uart.o
 .bss           0x20000581        0x0 ./drivers/mss_gpio/mss_gpio.o
 *fill*         0x20000581        0x3 00
 .bss           0x20000584       0x10 ./drivers/mss_ace/ace_convert.o
 .bss           0x20000594        0x0 ./drivers/mss_ace/ace_flags.o
 .bss           0x20000594        0x0 ./drivers/mss_ace/ace_sse.o
 .bss           0x20000594        0x0 ./drivers/mss_ace/ace_transform.o
 .bss           0x20000594        0x0 ./drivers/mss_ace/mss_ace.o
 .bss           0x20000594        0x0 ./drivers/CoreUARTapb/core_uart_apb.o
 .bss           0x20000594        0x0 ./CMSIS/brownout_isr.o
 .bss           0x20000594        0x0 ./CMSIS/core_cm3.o
 .bss           0x20000594        0x0 ./CMSIS/system_a2fxxxm3.o
 .bss           0x20000594        0xc ./CMSIS/startup_gcc/newlib_stubs.o
                0x20000598                __env
 .bss           0x200005a0        0x0 ./CMSIS/startup_gcc/startup_a2fxxxm3.o
 .bss           0x200005a0        0x0 c:/actel/libero_v9.1/softconsole/sourcery-g++/bin/../lib/gcc/arm-none-eabi/4.4.1/thumb2\libgcc.a(_arm_addsubdf3.o)
 .bss           0x200005a0        0x0 c:/actel/libero_v9.1/softconsole/sourcery-g++/bin/../lib/gcc/arm-none-eabi/4.4.1/thumb2\libgcc.a(_arm_muldivdf3.o)
 .bss           0x200005a0        0x0 c:/actel/libero_v9.1/softconsole/sourcery-g++/bin/../lib/gcc/arm-none-eabi/4.4.1/thumb2\libgcc.a(_arm_fixdfsi.o)
 .bss           0x200005a0        0x0 c:/actel/libero_v9.1/softconsole/sourcery-g++/bin/../lib/gcc/arm-none-eabi/4.4.1/../../../../arm-none-eabi/lib/thumb2\libc.a(lib_a-errno.o)
 .bss           0x200005a0        0x0 c:/actel/libero_v9.1/softconsole/sourcery-g++/bin/../lib/gcc/arm-none-eabi/4.4.1/../../../../arm-none-eabi/lib/thumb2\libc.a(lib_a-impure.o)
 .bss           0x200005a0        0x0 c:/actel/libero_v9.1/softconsole/sourcery-g++/bin/../lib/gcc/arm-none-eabi/4.4.1/../../../../arm-none-eabi/lib/thumb2\libc.a(lib_a-init.o)
 .bss           0x200005a0        0x0 c:/actel/libero_v9.1/softconsole/sourcery-g++/bin/../lib/gcc/arm-none-eabi/4.4.1/../../../../arm-none-eabi/lib/thumb2\libc.a(lib_a-printf.o)
 .bss           0x200005a0        0x0 c:/actel/libero_v9.1/softconsole/sourcery-g++/bin/../lib/gcc/arm-none-eabi/4.4.1/../../../../arm-none-eabi/lib/thumb2\libc.a(lib_a-strncmp.o)
 .bss           0x200005a0        0x0 c:/actel/libero_v9.1/softconsole/sourcery-g++/bin/../lib/gcc/arm-none-eabi/4.4.1/../../../../arm-none-eabi/lib/thumb2\libc.a(lib_a-vfprintf.o)
 .bss           0x200005a0        0x0 c:/actel/libero_v9.1/softconsole/sourcery-g++/bin/../lib/gcc/arm-none-eabi/4.4.1/../../../../arm-none-eabi/lib/thumb2\libc.a(lib_a-wsetup.o)
 .bss           0x200005a0        0x0 c:/actel/libero_v9.1/softconsole/sourcery-g++/bin/../lib/gcc/arm-none-eabi/4.4.1/../../../../arm-none-eabi/lib/thumb2\libc.a(lib_a-dtoa.o)
 .bss           0x200005a0        0x0 c:/actel/libero_v9.1/softconsole/sourcery-g++/bin/../lib/gcc/arm-none-eabi/4.4.1/../../../../arm-none-eabi/lib/thumb2\libc.a(lib_a-fflush.o)
 .bss           0x200005a0        0x0 c:/actel/libero_v9.1/softconsole/sourcery-g++/bin/../lib/gcc/arm-none-eabi/4.4.1/../../../../arm-none-eabi/lib/thumb2\libc.a(lib_a-findfp.o)
 .bss           0x200005a0        0x0 c:/actel/libero_v9.1/softconsole/sourcery-g++/bin/../lib/gcc/arm-none-eabi/4.4.1/../../../../arm-none-eabi/lib/thumb2\libc.a(lib_a-freer.o)
 .bss           0x200005a0        0x0 c:/actel/libero_v9.1/softconsole/sourcery-g++/bin/../lib/gcc/arm-none-eabi/4.4.1/../../../../arm-none-eabi/lib/thumb2\libc.a(lib_a-fvwrite.o)
 .bss           0x200005a0        0x0 c:/actel/libero_v9.1/softconsole/sourcery-g++/bin/../lib/gcc/arm-none-eabi/4.4.1/../../../../arm-none-eabi/lib/thumb2\libc.a(lib_a-fwalk.o)
 .bss           0x200005a0        0xc c:/actel/libero_v9.1/softconsole/sourcery-g++/bin/../lib/gcc/arm-none-eabi/4.4.1/../../../../arm-none-eabi/lib/thumb2\libc.a(lib_a-locale.o)
                0x200005a0                __nlocale_changed
                0x200005a4                __mlocale_changed
                0x200005a8                _PathLocale
 .bss           0x200005ac        0x0 c:/actel/libero_v9.1/softconsole/sourcery-g++/bin/../lib/gcc/arm-none-eabi/4.4.1/../../../../arm-none-eabi/lib/thumb2\libc.a(lib_a-makebuf.o)
 .bss           0x200005ac        0x0 c:/actel/libero_v9.1/softconsole/sourcery-g++/bin/../lib/gcc/arm-none-eabi/4.4.1/../../../../arm-none-eabi/lib/thumb2\libc.a(lib_a-malloc.o)
 .bss           0x200005ac       0x34 c:/actel/libero_v9.1/softconsole/sourcery-g++/bin/../lib/gcc/arm-none-eabi/4.4.1/../../../../arm-none-eabi/lib/thumb2\libc.a(lib_a-mallocr.o)
                0x200005ac                __malloc_top_pad
                0x200005b0                __malloc_current_mallinfo
                0x200005d8                __malloc_max_sbrked_mem
                0x200005dc                __malloc_max_total_mem
 .bss           0x200005e0        0x0 c:/actel/libero_v9.1/softconsole/sourcery-g++/bin/../lib/gcc/arm-none-eabi/4.4.1/../../../../arm-none-eabi/lib/thumb2\libc.a(lib_a-memchr.o)
 .bss           0x200005e0        0x0 c:/actel/libero_v9.1/softconsole/sourcery-g++/bin/../lib/gcc/arm-none-eabi/4.4.1/../../../../arm-none-eabi/lib/thumb2\libc.a(lib_a-memcpy.o)
 .bss           0x200005e0        0x0 c:/actel/libero_v9.1/softconsole/sourcery-g++/bin/../lib/gcc/arm-none-eabi/4.4.1/../../../../arm-none-eabi/lib/thumb2\libc.a(lib_a-memmove.o)
 .bss           0x200005e0        0x0 c:/actel/libero_v9.1/softconsole/sourcery-g++/bin/../lib/gcc/arm-none-eabi/4.4.1/../../../../arm-none-eabi/lib/thumb2\libc.a(lib_a-memset.o)
 .bss           0x200005e0        0x0 c:/actel/libero_v9.1/softconsole/sourcery-g++/bin/../lib/gcc/arm-none-eabi/4.4.1/../../../../arm-none-eabi/lib/thumb2\libc.a(lib_a-mlock.o)
 .bss           0x200005e0        0x0 c:/actel/libero_v9.1/softconsole/sourcery-g++/bin/../lib/gcc/arm-none-eabi/4.4.1/../../../../arm-none-eabi/lib/thumb2\libc.a(lib_a-mprec.o)
 .bss           0x200005e0        0x0 c:/actel/libero_v9.1/softconsole/sourcery-g++/bin/../lib/gcc/arm-none-eabi/4.4.1/../../../../arm-none-eabi/lib/thumb2\libc.a(lib_a-reallocr.o)
 .bss           0x200005e0        0x0 c:/actel/libero_v9.1/softconsole/sourcery-g++/bin/../lib/gcc/arm-none-eabi/4.4.1/../../../../arm-none-eabi/lib/thumb2\libc.a(lib_a-s_isinfd.o)
 .bss           0x200005e0        0x0 c:/actel/libero_v9.1/softconsole/sourcery-g++/bin/../lib/gcc/arm-none-eabi/4.4.1/../../../../arm-none-eabi/lib/thumb2\libc.a(lib_a-s_isnand.o)
 .bss           0x200005e0        0x0 c:/actel/libero_v9.1/softconsole/sourcery-g++/bin/../lib/gcc/arm-none-eabi/4.4.1/../../../../arm-none-eabi/lib/thumb2\libc.a(lib_a-sbrkr.o)
 .bss           0x200005e0        0x0 c:/actel/libero_v9.1/softconsole/sourcery-g++/bin/../lib/gcc/arm-none-eabi/4.4.1/../../../../arm-none-eabi/lib/thumb2\libc.a(lib_a-stdio.o)
 .bss           0x200005e0        0x0 c:/actel/libero_v9.1/softconsole/sourcery-g++/bin/../lib/gcc/arm-none-eabi/4.4.1/../../../../arm-none-eabi/lib/thumb2\libc.a(lib_a-strcmp.o)
 .bss           0x200005e0        0x0 c:/actel/libero_v9.1/softconsole/sourcery-g++/bin/../lib/gcc/arm-none-eabi/4.4.1/../../../../arm-none-eabi/lib/thumb2\libc.a(lib_a-strlen.o)
 .bss           0x200005e0        0x0 c:/actel/libero_v9.1/softconsole/sourcery-g++/bin/../lib/gcc/arm-none-eabi/4.4.1/../../../../arm-none-eabi/lib/thumb2\libc.a(lib_a-callocr.o)
 .bss           0x200005e0        0x0 c:/actel/libero_v9.1/softconsole/sourcery-g++/bin/../lib/gcc/arm-none-eabi/4.4.1/../../../../arm-none-eabi/lib/thumb2\libc.a(lib_a-closer.o)
 .bss           0x200005e0        0x0 c:/actel/libero_v9.1/softconsole/sourcery-g++/bin/../lib/gcc/arm-none-eabi/4.4.1/../../../../arm-none-eabi/lib/thumb2\libc.a(lib_a-fclose.o)
 .bss           0x200005e0        0x0 c:/actel/libero_v9.1/softconsole/sourcery-g++/bin/../lib/gcc/arm-none-eabi/4.4.1/../../../../arm-none-eabi/lib/thumb2\libc.a(lib_a-fstatr.o)
 .bss           0x200005e0        0x0 c:/actel/libero_v9.1/softconsole/sourcery-g++/bin/../lib/gcc/arm-none-eabi/4.4.1/../../../../arm-none-eabi/lib/thumb2\libc.a(lib_a-isattyr.o)
 .bss           0x200005e0        0x0 c:/actel/libero_v9.1/softconsole/sourcery-g++/bin/../lib/gcc/arm-none-eabi/4.4.1/../../../../arm-none-eabi/lib/thumb2\libc.a(lib_a-lseekr.o)
 .bss           0x200005e0        0x0 c:/actel/libero_v9.1/softconsole/sourcery-g++/bin/../lib/gcc/arm-none-eabi/4.4.1/../../../../arm-none-eabi/lib/thumb2\libc.a(lib_a-readr.o)
 .bss           0x200005e0        0x0 c:/actel/libero_v9.1/softconsole/sourcery-g++/bin/../lib/gcc/arm-none-eabi/4.4.1/../../../../arm-none-eabi/lib/thumb2\libc.a(lib_a-reent.o)
 .bss           0x200005e0        0x0 c:/actel/libero_v9.1/softconsole/sourcery-g++/bin/../lib/gcc/arm-none-eabi/4.4.1/thumb2\libgcc.a(_udivsi3.o)
 .bss           0x200005e0        0x0 c:/actel/libero_v9.1/softconsole/sourcery-g++/bin/../lib/gcc/arm-none-eabi/4.4.1/thumb2\libgcc.a(_dvmd_tls.o)
 .bss           0x200005e0        0x0 c:/actel/libero_v9.1/softconsole/sourcery-g++/bin/../lib/gcc/arm-none-eabi/4.4.1/thumb2\libgcc.a(_arm_cmpdf2.o)
 .bss           0x200005e0        0x0 c:/actel/libero_v9.1/softconsole/sourcery-g++/bin/../lib/gcc/arm-none-eabi/4.4.1/thumb2\libgcc.a(_aeabi_uldivmod.o)
 .bss           0x200005e0        0x0 c:/actel/libero_v9.1/softconsole/sourcery-g++/bin/../lib/gcc/arm-none-eabi/4.4.1/thumb2\libgcc.a(bpabi.o)
 .bss           0x200005e0        0x0 c:/actel/libero_v9.1/softconsole/sourcery-g++/bin/../lib/gcc/arm-none-eabi/4.4.1/thumb2\libgcc.a(_divdi3.o)
 .bss           0x200005e0        0x0 c:/actel/libero_v9.1/softconsole/sourcery-g++/bin/../lib/gcc/arm-none-eabi/4.4.1/thumb2\libgcc.a(_udivdi3.o)
 .bss           0x200005e0        0x0 c:/actel/libero_v9.1/softconsole/sourcery-g++/bin/../lib/gcc/arm-none-eabi/4.4.1/thumb2/crtend.o
 .bss           0x200005e0        0x0 c:/actel/libero_v9.1/softconsole/sourcery-g++/bin/../lib/gcc/arm-none-eabi/4.4.1/thumb2/crtn.o
 *(COMMON)
 COMMON         0x200005e0       0x1c ./main.o
                0x200005e0                g_uart
                0x200005e8                motors
                0x200005ec                servos
                0x200005f0                firing
                0x200005f4                adc_handler
                0x200005f8                fire_counter
 COMMON         0x200005fc       0x50 ./drivers/mss_uart/mss_uart.o
                0x200005fc                g_mss_uart1
                0x20000624                g_mss_uart0
 COMMON         0x2000064c        0x4 c:/actel/libero_v9.1/softconsole/sourcery-g++/bin/../lib/gcc/arm-none-eabi/4.4.1/../../../../arm-none-eabi/lib/thumb2\libc.a(lib_a-reent.o)
                0x2000064c                errno
                0x20000650                . = ALIGN (0x8)
                0x20000650                __bss_end__ = .
                0x20000650                _end = .
                0x20000650                __end = _end
                0x20000650                _ebss = .
                0x20000650                PROVIDE (end, .)

.stab
 *(.stab)

.stabstr
 *(.stabstr)

.debug
 *(.debug)

.line
 *(.line)

.debug_srcinfo
 *(.debug_srcinfo)

.debug_sfnames
 *(.debug_sfnames)

.comment        0x00000000      0x2db
 .comment       0x00000000       0x2b ./core_pwm.o
 .comment       0x0000002b       0x2b ./main.o
 .comment       0x00000056       0x2b ./hal/CortexM3/cortex_nvic.o
 .comment       0x00000081       0x2b ./hal/CortexM3/GNU/hal_assert.o
 .comment       0x000000ac       0x2b ./drivers_config/mss_ace/ace_config.o
 .comment       0x000000d7       0x2b ./drivers/mss_uart/mss_uart.o
 .comment       0x00000102       0x2b ./drivers/mss_gpio/mss_gpio.o
 .comment       0x0000012d       0x2b ./drivers/mss_ace/ace_convert.o
 .comment       0x00000158       0x2b ./drivers/mss_ace/ace_flags.o
 .comment       0x00000183       0x2b ./drivers/mss_ace/ace_sse.o
 .comment       0x000001ae       0x2b ./drivers/mss_ace/ace_transform.o
 .comment       0x000001d9       0x2b ./drivers/mss_ace/mss_ace.o
 .comment       0x00000204       0x2b ./drivers/CoreUARTapb/core_uart_apb.o
 .comment       0x0000022f       0x2b ./CMSIS/brownout_isr.o
 .comment       0x0000025a       0x2b ./CMSIS/core_cm3.o
 .comment       0x00000285       0x2b ./CMSIS/system_a2fxxxm3.o
 .comment       0x000002b0       0x2b ./CMSIS/startup_gcc/newlib_stubs.o

.debug_aranges  0x00000000      0x200
 *(.debug_aranges)
 .debug_aranges
                0x00000000       0x20 ./core_pwm.o
 .debug_aranges
                0x00000020       0x20 ./main.o
 .debug_aranges
                0x00000040       0x20 ./hal/CortexM3/cortex_nvic.o
 .debug_aranges
                0x00000060       0x20 ./hal/CortexM3/GNU/hal_assert.o
 .debug_aranges
                0x00000080       0x20 ./drivers/mss_uart/mss_uart.o
 .debug_aranges
                0x000000a0       0x20 ./drivers/mss_gpio/mss_gpio.o
 .debug_aranges
                0x000000c0       0x20 ./drivers/mss_ace/ace_convert.o
 .debug_aranges
                0x000000e0       0x20 ./drivers/mss_ace/ace_flags.o
 .debug_aranges
                0x00000100       0x20 ./drivers/mss_ace/ace_sse.o
 .debug_aranges
                0x00000120       0x20 ./drivers/mss_ace/ace_transform.o
 .debug_aranges
                0x00000140       0x20 ./drivers/mss_ace/mss_ace.o
 .debug_aranges
                0x00000160       0x20 ./drivers/CoreUARTapb/core_uart_apb.o
 .debug_aranges
                0x00000180       0x20 ./CMSIS/brownout_isr.o
 .debug_aranges
                0x000001a0       0x20 ./CMSIS/core_cm3.o
 .debug_aranges
                0x000001c0       0x20 ./CMSIS/system_a2fxxxm3.o
 .debug_aranges
                0x000001e0       0x20 ./CMSIS/startup_gcc/newlib_stubs.o

.debug_pubnames
                0x00000000     0x1811
 *(.debug_pubnames)
 .debug_pubnames
                0x00000000      0x1e7 ./core_pwm.o
 .debug_pubnames
                0x000001e7       0xf4 ./main.o
 .debug_pubnames
                0x000002db       0x99 ./hal/CortexM3/cortex_nvic.o
 .debug_pubnames
                0x00000374       0x26 ./hal/CortexM3/GNU/hal_assert.o
 .debug_pubnames
                0x0000039a      0x14a ./drivers_config/mss_ace/ace_config.o
 .debug_pubnames
                0x000004e4      0x21c ./drivers/mss_uart/mss_uart.o
 .debug_pubnames
                0x00000700       0xb1 ./drivers/mss_gpio/mss_gpio.o
 .debug_pubnames
                0x000007b1      0x1ec ./drivers/mss_ace/ace_convert.o
 .debug_pubnames
                0x0000099d      0x65f ./drivers/mss_ace/ace_flags.o
 .debug_pubnames
                0x00000ffc       0xeb ./drivers/mss_ace/ace_sse.o
 .debug_pubnames
                0x000010e7       0xec ./drivers/mss_ace/ace_transform.o
 .debug_pubnames
                0x000011d3      0x292 ./drivers/mss_ace/mss_ace.o
 .debug_pubnames
                0x00001465       0x85 ./drivers/CoreUARTapb/core_uart_apb.o
 .debug_pubnames
                0x000014ea       0x2f ./CMSIS/brownout_isr.o
 .debug_pubnames
                0x00001519      0x159 ./CMSIS/core_cm3.o
 .debug_pubnames
                0x00001672       0xb4 ./CMSIS/system_a2fxxxm3.o
 .debug_pubnames
                0x00001726       0xeb ./CMSIS/startup_gcc/newlib_stubs.o

.debug_info     0x00000000     0xd773
 *(.debug_info .gnu.linkonce.wi.*)
 .debug_info    0x00000000     0x103d ./core_pwm.o
 .debug_info    0x0000103d      0x579 ./main.o
 .debug_info    0x000015b6      0x18e ./hal/CortexM3/cortex_nvic.o
 .debug_info    0x00001744      0x12a ./hal/CortexM3/GNU/hal_assert.o
 .debug_info    0x0000186e      0x490 ./drivers_config/mss_ace/ace_config.o
 .debug_info    0x00001cfe     0x15a0 ./drivers/mss_uart/mss_uart.o
 .debug_info    0x0000329e     0x1110 ./drivers/mss_gpio/mss_gpio.o
 .debug_info    0x000043ae     0x1a9e ./drivers/mss_ace/ace_convert.o
 .debug_info    0x00005e4c      0xeb3 ./drivers/mss_ace/ace_flags.o
 .debug_info    0x00006cff     0x11f8 ./drivers/mss_ace/ace_sse.o
 .debug_info    0x00007ef7     0x17d4 ./drivers/mss_ace/ace_transform.o
 .debug_info    0x000096cb     0x1af7 ./drivers/mss_ace/mss_ace.o
 .debug_info    0x0000b1c2      0x543 ./drivers/CoreUARTapb/core_uart_apb.o
 .debug_info    0x0000b705      0x502 ./CMSIS/brownout_isr.o
 .debug_info    0x0000bc07      0x548 ./CMSIS/core_cm3.o
 .debug_info    0x0000c14f      0x538 ./CMSIS/system_a2fxxxm3.o
 .debug_info    0x0000c687     0x10ec ./CMSIS/startup_gcc/newlib_stubs.o

.debug_abbrev   0x00000000     0x1732
 *(.debug_abbrev)
 .debug_abbrev  0x00000000      0x167 ./core_pwm.o
 .debug_abbrev  0x00000167      0x16f ./main.o
 .debug_abbrev  0x000002d6       0x99 ./hal/CortexM3/cortex_nvic.o
 .debug_abbrev  0x0000036f       0x8e ./hal/CortexM3/GNU/hal_assert.o
 .debug_abbrev  0x000003fd       0xbd ./drivers_config/mss_ace/ace_config.o
 .debug_abbrev  0x000004ba      0x243 ./drivers/mss_uart/mss_uart.o
 .debug_abbrev  0x000006fd      0x17f ./drivers/mss_gpio/mss_gpio.o
 .debug_abbrev  0x0000087c      0x18f ./drivers/mss_ace/ace_convert.o
 .debug_abbrev  0x00000a0b      0x16a ./drivers/mss_ace/ace_flags.o
 .debug_abbrev  0x00000b75      0x18c ./drivers/mss_ace/ace_sse.o
 .debug_abbrev  0x00000d01      0x238 ./drivers/mss_ace/ace_transform.o
 .debug_abbrev  0x00000f39      0x223 ./drivers/mss_ace/mss_ace.o
 .debug_abbrev  0x0000115c      0x11e ./drivers/CoreUARTapb/core_uart_apb.o
 .debug_abbrev  0x0000127a       0xe0 ./CMSIS/brownout_isr.o
 .debug_abbrev  0x0000135a       0xd7 ./CMSIS/core_cm3.o
 .debug_abbrev  0x00001431      0x10f ./CMSIS/system_a2fxxxm3.o
 .debug_abbrev  0x00001540      0x1f2 ./CMSIS/startup_gcc/newlib_stubs.o

.debug_line     0x00000000     0x3490
 *(.debug_line)
 .debug_line    0x00000000      0x2c9 ./core_pwm.o
 .debug_line    0x000002c9      0x4f0 ./main.o
 .debug_line    0x000007b9      0x255 ./hal/CortexM3/cortex_nvic.o
 .debug_line    0x00000a0e      0x148 ./hal/CortexM3/GNU/hal_assert.o
 .debug_line    0x00000b56      0x1ac ./drivers_config/mss_ace/ace_config.o
 .debug_line    0x00000d02      0x455 ./drivers/mss_uart/mss_uart.o
 .debug_line    0x00001157      0x2c8 ./drivers/mss_gpio/mss_gpio.o
 .debug_line    0x0000141f      0x3f4 ./drivers/mss_ace/ace_convert.o
 .debug_line    0x00001813      0x4fc ./drivers/mss_ace/ace_flags.o
 .debug_line    0x00001d0f      0x411 ./drivers/mss_ace/ace_sse.o
 .debug_line    0x00002120      0x38a ./drivers/mss_ace/ace_transform.o
 .debug_line    0x000024aa      0x4ce ./drivers/mss_ace/mss_ace.o
 .debug_line    0x00002978      0x241 ./drivers/CoreUARTapb/core_uart_apb.o
 .debug_line    0x00002bb9      0x104 ./CMSIS/brownout_isr.o
 .debug_line    0x00002cbd      0x14e ./CMSIS/core_cm3.o
 .debug_line    0x00002e0b      0x268 ./CMSIS/system_a2fxxxm3.o
 .debug_line    0x00003073      0x41d ./CMSIS/startup_gcc/newlib_stubs.o

.debug_frame    0x00000000     0x2994
 *(.debug_frame)
 .debug_frame   0x00000000      0x290 ./core_pwm.o
 .debug_frame   0x00000290      0x17c ./main.o
 .debug_frame   0x0000040c       0xb4 ./hal/CortexM3/cortex_nvic.o
 .debug_frame   0x000004c0       0x2c ./hal/CortexM3/GNU/hal_assert.o
 .debug_frame   0x000004ec      0x2e4 ./drivers/mss_uart/mss_uart.o
 .debug_frame   0x000007d0      0x118 ./drivers/mss_gpio/mss_gpio.o
 .debug_frame   0x000008e8      0x24c ./drivers/mss_ace/ace_convert.o
 .debug_frame   0x00000b34      0x764 ./drivers/mss_ace/ace_flags.o
 .debug_frame   0x00001298      0x12c ./drivers/mss_ace/ace_sse.o
 .debug_frame   0x000013c4      0x104 ./drivers/mss_ace/ace_transform.o
 .debug_frame   0x000014c8      0x2cc ./drivers/mss_ace/mss_ace.o
 .debug_frame   0x00001794       0xd0 ./drivers/CoreUARTapb/core_uart_apb.o
 .debug_frame   0x00001864       0x34 ./CMSIS/brownout_isr.o
 .debug_frame   0x00001898      0x248 ./CMSIS/core_cm3.o
 .debug_frame   0x00001ae0       0x64 ./CMSIS/system_a2fxxxm3.o
 .debug_frame   0x00001b44      0x220 ./CMSIS/startup_gcc/newlib_stubs.o
 .debug_frame   0x00001d64       0x20 c:/actel/libero_v9.1/softconsole/sourcery-g++/bin/../lib/gcc/arm-none-eabi/4.4.1/../../../../arm-none-eabi/lib/thumb2\libc.a(lib_a-errno.o)
 .debug_frame   0x00001d84       0x2c c:/actel/libero_v9.1/softconsole/sourcery-g++/bin/../lib/gcc/arm-none-eabi/4.4.1/../../../../arm-none-eabi/lib/thumb2\libc.a(lib_a-init.o)
 .debug_frame   0x00001db0       0x5c c:/actel/libero_v9.1/softconsole/sourcery-g++/bin/../lib/gcc/arm-none-eabi/4.4.1/../../../../arm-none-eabi/lib/thumb2\libc.a(lib_a-printf.o)
 .debug_frame   0x00001e0c       0x28 c:/actel/libero_v9.1/softconsole/sourcery-g++/bin/../lib/gcc/arm-none-eabi/4.4.1/../../../../arm-none-eabi/lib/thumb2\libc.a(lib_a-strncmp.o)
 .debug_frame   0x00001e34       0x70 c:/actel/libero_v9.1/softconsole/sourcery-g++/bin/../lib/gcc/arm-none-eabi/4.4.1/../../../../arm-none-eabi/lib/thumb2\libc.a(lib_a-vfprintf.o)
 .debug_frame   0x00001ea4       0x2c c:/actel/libero_v9.1/softconsole/sourcery-g++/bin/../lib/gcc/arm-none-eabi/4.4.1/../../../../arm-none-eabi/lib/thumb2\libc.a(lib_a-wsetup.o)
 .debug_frame   0x00001ed0       0x64 c:/actel/libero_v9.1/softconsole/sourcery-g++/bin/../lib/gcc/arm-none-eabi/4.4.1/../../../../arm-none-eabi/lib/thumb2\libc.a(lib_a-dtoa.o)
 .debug_frame   0x00001f34       0x40 c:/actel/libero_v9.1/softconsole/sourcery-g++/bin/../lib/gcc/arm-none-eabi/4.4.1/../../../../arm-none-eabi/lib/thumb2\libc.a(lib_a-fflush.o)
 .debug_frame   0x00001f74      0x11c c:/actel/libero_v9.1/softconsole/sourcery-g++/bin/../lib/gcc/arm-none-eabi/4.4.1/../../../../arm-none-eabi/lib/thumb2\libc.a(lib_a-findfp.o)
 .debug_frame   0x00002090       0x50 c:/actel/libero_v9.1/softconsole/sourcery-g++/bin/../lib/gcc/arm-none-eabi/4.4.1/../../../../arm-none-eabi/lib/thumb2\libc.a(lib_a-freer.o)
 .debug_frame   0x000020e0       0x3c c:/actel/libero_v9.1/softconsole/sourcery-g++/bin/../lib/gcc/arm-none-eabi/4.4.1/../../../../arm-none-eabi/lib/thumb2\libc.a(lib_a-fvwrite.o)
 .debug_frame   0x0000211c       0x54 c:/actel/libero_v9.1/softconsole/sourcery-g++/bin/../lib/gcc/arm-none-eabi/4.4.1/../../../../arm-none-eabi/lib/thumb2\libc.a(lib_a-fwalk.o)
 .debug_frame   0x00002170       0x6c c:/actel/libero_v9.1/softconsole/sourcery-g++/bin/../lib/gcc/arm-none-eabi/4.4.1/../../../../arm-none-eabi/lib/thumb2\libc.a(lib_a-locale.o)
 .debug_frame   0x000021dc       0x34 c:/actel/libero_v9.1/softconsole/sourcery-g++/bin/../lib/gcc/arm-none-eabi/4.4.1/../../../../arm-none-eabi/lib/thumb2\libc.a(lib_a-makebuf.o)
 .debug_frame   0x00002210       0x30 c:/actel/libero_v9.1/softconsole/sourcery-g++/bin/../lib/gcc/arm-none-eabi/4.4.1/../../../../arm-none-eabi/lib/thumb2\libc.a(lib_a-malloc.o)
 .debug_frame   0x00002240       0x3c c:/actel/libero_v9.1/softconsole/sourcery-g++/bin/../lib/gcc/arm-none-eabi/4.4.1/../../../../arm-none-eabi/lib/thumb2\libc.a(lib_a-mallocr.o)
 .debug_frame   0x0000227c       0x28 c:/actel/libero_v9.1/softconsole/sourcery-g++/bin/../lib/gcc/arm-none-eabi/4.4.1/../../../../arm-none-eabi/lib/thumb2\libc.a(lib_a-memchr.o)
 .debug_frame   0x000022a4       0x34 c:/actel/libero_v9.1/softconsole/sourcery-g++/bin/../lib/gcc/arm-none-eabi/4.4.1/../../../../arm-none-eabi/lib/thumb2\libc.a(lib_a-memcpy.o)
 .debug_frame   0x000022d8       0x2c c:/actel/libero_v9.1/softconsole/sourcery-g++/bin/../lib/gcc/arm-none-eabi/4.4.1/../../../../arm-none-eabi/lib/thumb2\libc.a(lib_a-memmove.o)
 .debug_frame   0x00002304       0x28 c:/actel/libero_v9.1/softconsole/sourcery-g++/bin/../lib/gcc/arm-none-eabi/4.4.1/../../../../arm-none-eabi/lib/thumb2\libc.a(lib_a-memset.o)
 .debug_frame   0x0000232c       0x30 c:/actel/libero_v9.1/softconsole/sourcery-g++/bin/../lib/gcc/arm-none-eabi/4.4.1/../../../../arm-none-eabi/lib/thumb2\libc.a(lib_a-mlock.o)
 .debug_frame   0x0000235c      0x240 c:/actel/libero_v9.1/softconsole/sourcery-g++/bin/../lib/gcc/arm-none-eabi/4.4.1/../../../../arm-none-eabi/lib/thumb2\libc.a(lib_a-mprec.o)
 .debug_frame   0x0000259c       0x3c c:/actel/libero_v9.1/softconsole/sourcery-g++/bin/../lib/gcc/arm-none-eabi/4.4.1/../../../../arm-none-eabi/lib/thumb2\libc.a(lib_a-reallocr.o)
 .debug_frame   0x000025d8       0x20 c:/actel/libero_v9.1/softconsole/sourcery-g++/bin/../lib/gcc/arm-none-eabi/4.4.1/../../../../arm-none-eabi/lib/thumb2\libc.a(lib_a-s_isinfd.o)
 .debug_frame   0x000025f8       0x20 c:/actel/libero_v9.1/softconsole/sourcery-g++/bin/../lib/gcc/arm-none-eabi/4.4.1/../../../../arm-none-eabi/lib/thumb2\libc.a(lib_a-s_isnand.o)
 .debug_frame   0x00002618       0x2c c:/actel/libero_v9.1/softconsole/sourcery-g++/bin/../lib/gcc/arm-none-eabi/4.4.1/../../../../arm-none-eabi/lib/thumb2\libc.a(lib_a-sbrkr.o)
 .debug_frame   0x00002644       0x70 c:/actel/libero_v9.1/softconsole/sourcery-g++/bin/../lib/gcc/arm-none-eabi/4.4.1/../../../../arm-none-eabi/lib/thumb2\libc.a(lib_a-stdio.o)
 .debug_frame   0x000026b4       0x30 c:/actel/libero_v9.1/softconsole/sourcery-g++/bin/../lib/gcc/arm-none-eabi/4.4.1/../../../../arm-none-eabi/lib/thumb2\libc.a(lib_a-strcmp.o)
 .debug_frame   0x000026e4       0x20 c:/actel/libero_v9.1/softconsole/sourcery-g++/bin/../lib/gcc/arm-none-eabi/4.4.1/../../../../arm-none-eabi/lib/thumb2\libc.a(lib_a-strlen.o)
 .debug_frame   0x00002704       0x2c c:/actel/libero_v9.1/softconsole/sourcery-g++/bin/../lib/gcc/arm-none-eabi/4.4.1/../../../../arm-none-eabi/lib/thumb2\libc.a(lib_a-callocr.o)
 .debug_frame   0x00002730       0x2c c:/actel/libero_v9.1/softconsole/sourcery-g++/bin/../lib/gcc/arm-none-eabi/4.4.1/../../../../arm-none-eabi/lib/thumb2\libc.a(lib_a-closer.o)
 .debug_frame   0x0000275c       0x3c c:/actel/libero_v9.1/softconsole/sourcery-g++/bin/../lib/gcc/arm-none-eabi/4.4.1/../../../../arm-none-eabi/lib/thumb2\libc.a(lib_a-fclose.o)
 .debug_frame   0x00002798       0x2c c:/actel/libero_v9.1/softconsole/sourcery-g++/bin/../lib/gcc/arm-none-eabi/4.4.1/../../../../arm-none-eabi/lib/thumb2\libc.a(lib_a-fstatr.o)
 .debug_frame   0x000027c4       0x2c c:/actel/libero_v9.1/softconsole/sourcery-g++/bin/../lib/gcc/arm-none-eabi/4.4.1/../../../../arm-none-eabi/lib/thumb2\libc.a(lib_a-isattyr.o)
 .debug_frame   0x000027f0       0x2c c:/actel/libero_v9.1/softconsole/sourcery-g++/bin/../lib/gcc/arm-none-eabi/4.4.1/../../../../arm-none-eabi/lib/thumb2\libc.a(lib_a-lseekr.o)
 .debug_frame   0x0000281c       0x2c c:/actel/libero_v9.1/softconsole/sourcery-g++/bin/../lib/gcc/arm-none-eabi/4.4.1/../../../../arm-none-eabi/lib/thumb2\libc.a(lib_a-readr.o)
 .debug_frame   0x00002848       0x64 c:/actel/libero_v9.1/softconsole/sourcery-g++/bin/../lib/gcc/arm-none-eabi/4.4.1/../../../../arm-none-eabi/lib/thumb2\libc.a(lib_a-reent.o)
 .debug_frame   0x000028ac       0x20 c:/actel/libero_v9.1/softconsole/sourcery-g++/bin/../lib/gcc/arm-none-eabi/4.4.1/thumb2\libgcc.a(_udivsi3.o)
 .debug_frame   0x000028cc       0x50 c:/actel/libero_v9.1/softconsole/sourcery-g++/bin/../lib/gcc/arm-none-eabi/4.4.1/thumb2\libgcc.a(bpabi.o)
 .debug_frame   0x0000291c       0x3c c:/actel/libero_v9.1/softconsole/sourcery-g++/bin/../lib/gcc/arm-none-eabi/4.4.1/thumb2\libgcc.a(_divdi3.o)
 .debug_frame   0x00002958       0x3c c:/actel/libero_v9.1/softconsole/sourcery-g++/bin/../lib/gcc/arm-none-eabi/4.4.1/thumb2\libgcc.a(_udivdi3.o)

.debug_str      0x00000000     0x472b
 *(.debug_str)
 .debug_str     0x00000000      0x6e5 ./core_pwm.o
                                0x762 (size before relaxing)
 .debug_str     0x000006e5      0x2df ./main.o
                                0x490 (size before relaxing)
 .debug_str     0x000009c4       0xc1 ./hal/CortexM3/cortex_nvic.o
                                0x1b3 (size before relaxing)
 .debug_str     0x00000a85       0x59 ./hal/CortexM3/GNU/hal_assert.o
                                0x158 (size before relaxing)
 .debug_str     0x00000ade      0x331 ./drivers_config/mss_ace/ace_config.o
                                0x423 (size before relaxing)
 .debug_str     0x00000e0f     0x1332 ./drivers/mss_uart/mss_uart.o
                               0x149a (size before relaxing)
 .debug_str     0x00002141      0x2df ./drivers/mss_gpio/mss_gpio.o
                               0x1272 (size before relaxing)
 .debug_str     0x00002420      0xbce ./drivers/mss_ace/ace_convert.o
                                0xf95 (size before relaxing)
 .debug_str     0x00002fee      0x68a ./drivers/mss_ace/ace_flags.o
                               0x12e3 (size before relaxing)
 .debug_str     0x00003678      0x2c5 ./drivers/mss_ace/ace_sse.o
                                0xd76 (size before relaxing)
 .debug_str     0x0000393d      0x3f6 ./drivers/mss_ace/ace_transform.o
                               0x10c6 (size before relaxing)
 .debug_str     0x00003d33      0x4d0 ./drivers/mss_ace/mss_ace.o
                               0x12c3 (size before relaxing)
 .debug_str     0x00004203       0x74 ./drivers/CoreUARTapb/core_uart_apb.o
                                0x261 (size before relaxing)
 .debug_str     0x00004277       0x92 ./CMSIS/brownout_isr.o
                                0x3a2 (size before relaxing)
 .debug_str     0x00004309      0x13b ./CMSIS/core_cm3.o
                                0x250 (size before relaxing)
 .debug_str     0x00004444       0xf7 ./CMSIS/system_a2fxxxm3.o
                                0x43d (size before relaxing)
 .debug_str     0x0000453b      0x1f0 ./CMSIS/startup_gcc/newlib_stubs.o
                               0x1089 (size before relaxing)

.debug_loc      0x00000000     0x311c
 *(.debug_loc)
 .debug_loc     0x00000000      0x45e ./core_pwm.o
 .debug_loc     0x0000045e      0x266 ./main.o
 .debug_loc     0x000006c4      0x13e ./hal/CortexM3/cortex_nvic.o
 .debug_loc     0x00000802       0x37 ./hal/CortexM3/GNU/hal_assert.o
 .debug_loc     0x00000839      0x510 ./drivers/mss_uart/mss_uart.o
 .debug_loc     0x00000d49      0x1ef ./drivers/mss_gpio/mss_gpio.o
 .debug_loc     0x00000f38      0x415 ./drivers/mss_ace/ace_convert.o
 .debug_loc     0x0000134d      0xaea ./drivers/mss_ace/ace_flags.o
 .debug_loc     0x00001e37      0x226 ./drivers/mss_ace/ace_sse.o
 .debug_loc     0x0000205d      0x1bc ./drivers/mss_ace/ace_transform.o
 .debug_loc     0x00002219      0x53b ./drivers/mss_ace/mss_ace.o
 .debug_loc     0x00002754      0x154 ./drivers/CoreUARTapb/core_uart_apb.o
 .debug_loc     0x000028a8       0x37 ./CMSIS/brownout_isr.o
 .debug_loc     0x000028df      0x3de ./CMSIS/core_cm3.o
 .debug_loc     0x00002cbd       0x99 ./CMSIS/system_a2fxxxm3.o
 .debug_loc     0x00002d56      0x3c6 ./CMSIS/startup_gcc/newlib_stubs.o

.debug_macinfo  0x00000000    0x5743f
 *(.debug_macinfo)
 .debug_macinfo
                0x00000000     0x25c3 ./core_pwm.o
 .debug_macinfo
                0x000025c3     0x9ea3 ./main.o
 .debug_macinfo
                0x0000c466     0x1959 ./hal/CortexM3/cortex_nvic.o
 .debug_macinfo
                0x0000ddbf     0x1cfc ./hal/CortexM3/GNU/hal_assert.o
 .debug_macinfo
                0x0000fabb     0x18ca ./drivers_config/mss_ace/ace_config.o
 .debug_macinfo
                0x00011385     0x63e4 ./drivers/mss_uart/mss_uart.o
 .debug_macinfo