Archive member included because of file (symbol)

c:/actel/libero_v9.1/softconsole/sourcery-g++/bin/../lib/gcc/arm-none-eabi/4.4.1/thumb2\libgcc.a(_arm_addsubdf3.o)
                              ./main.o (__aeabi_dsub)
c:/actel/libero_v9.1/softconsole/sourcery-g++/bin/../lib/gcc/arm-none-eabi/4.4.1/thumb2\libgcc.a(_arm_muldivdf3.o)
                              ./main.o (__aeabi_dmul)
c:/actel/libero_v9.1/softconsole/sourcery-g++/bin/../lib/gcc/arm-none-eabi/4.4.1/thumb2\libgcc.a(_arm_fixdfsi.o)
                              ./main.o (__aeabi_d2iz)
c:/actel/libero_v9.1/softconsole/sourcery-g++/bin/../lib/gcc/arm-none-eabi/4.4.1/../../../../arm-none-eabi/lib/thumb2\libc.a(lib_a-bzero.o)
                              ./main.o (bzero)
c:/actel/libero_v9.1/softconsole/sourcery-g++/bin/../lib/gcc/arm-none-eabi/4.4.1/../../../../arm-none-eabi/lib/thumb2\libc.a(lib_a-errno.o)
                              ./CMSIS/startup_gcc/newlib_stubs.o (__errno)
c:/actel/libero_v9.1/softconsole/sourcery-g++/bin/../lib/gcc/arm-none-eabi/4.4.1/../../../../arm-none-eabi/lib/thumb2\libc.a(lib_a-impure.o)
                              c:/actel/libero_v9.1/softconsole/sourcery-g++/bin/../lib/gcc/arm-none-eabi/4.4.1/../../../../arm-none-eabi/lib/thumb2\libc.a(lib_a-errno.o) (_impure_ptr)
c:/actel/libero_v9.1/softconsole/sourcery-g++/bin/../lib/gcc/arm-none-eabi/4.4.1/../../../../arm-none-eabi/lib/thumb2\libc.a(lib_a-init.o)
                              ./CMSIS/startup_gcc/startup_a2fxxxm3.o (__libc_init_array)
c:/actel/libero_v9.1/softconsole/sourcery-g++/bin/../lib/gcc/arm-none-eabi/4.4.1/../../../../arm-none-eabi/lib/thumb2\libc.a(lib_a-printf.o)
                              ./main.o (printf)
c:/actel/libero_v9.1/softconsole/sourcery-g++/bin/../lib/gcc/arm-none-eabi/4.4.1/../../../../arm-none-eabi/lib/thumb2\libc.a(lib_a-sprintf.o)
                              ./main.o (sprintf)
c:/actel/libero_v9.1/softconsole/sourcery-g++/bin/../lib/gcc/arm-none-eabi/4.4.1/../../../../arm-none-eabi/lib/thumb2\libc.a(lib_a-sscanf.o)
                              ./main.o (sscanf)
c:/actel/libero_v9.1/softconsole/sourcery-g++/bin/../lib/gcc/arm-none-eabi/4.4.1/../../../../arm-none-eabi/lib/thumb2\libc.a(lib_a-strlen.o)
                              c:/actel/libero_v9.1/softconsole/sourcery-g++/bin/../lib/gcc/arm-none-eabi/4.4.1/../../../../arm-none-eabi/lib/thumb2\libc.a(lib_a-sscanf.o) (strlen)
c:/actel/libero_v9.1/softconsole/sourcery-g++/bin/../lib/gcc/arm-none-eabi/4.4.1/../../../../arm-none-eabi/lib/thumb2\libc.a(lib_a-strncmp.o)
                              ./drivers/mss_ace/ace_sse.o (strncmp)
c:/actel/libero_v9.1/softconsole/sourcery-g++/bin/../lib/gcc/arm-none-eabi/4.4.1/../../../../arm-none-eabi/lib/thumb2\libc.a(lib_a-svfprintf.o)
                              c:/actel/libero_v9.1/softconsole/sourcery-g++/bin/../lib/gcc/arm-none-eabi/4.4.1/../../../../arm-none-eabi/lib/thumb2\libc.a(lib_a-sprintf.o) (_svfprintf_r)
c:/actel/libero_v9.1/softconsole/sourcery-g++/bin/../lib/gcc/arm-none-eabi/4.4.1/../../../../arm-none-eabi/lib/thumb2\libc.a(lib_a-svfscanf.o)
                              c:/actel/libero_v9.1/softconsole/sourcery-g++/bin/../lib/gcc/arm-none-eabi/4.4.1/../../../../arm-none-eabi/lib/thumb2\libc.a(lib_a-sscanf.o) (__ssvfscanf_r)
c:/actel/libero_v9.1/softconsole/sourcery-g++/bin/../lib/gcc/arm-none-eabi/4.4.1/../../../../arm-none-eabi/lib/thumb2\libc.a(lib_a-ungetc.o)
                              c:/actel/libero_v9.1/softconsole/sourcery-g++/bin/../lib/gcc/arm-none-eabi/4.4.1/../../../../arm-none-eabi/lib/thumb2\libc.a(lib_a-svfscanf.o) (__submore)
c:/actel/libero_v9.1/softconsole/sourcery-g++/bin/../lib/gcc/arm-none-eabi/4.4.1/../../../../arm-none-eabi/lib/thumb2\libc.a(lib_a-vfprintf.o)
                              c:/actel/libero_v9.1/softconsole/sourcery-g++/bin/../lib/gcc/arm-none-eabi/4.4.1/../../../../arm-none-eabi/lib/thumb2\libc.a(lib_a-printf.o) (_vfprintf_r)
c:/actel/libero_v9.1/softconsole/sourcery-g++/bin/../lib/gcc/arm-none-eabi/4.4.1/../../../../arm-none-eabi/lib/thumb2\libc.a(lib_a-wsetup.o)
                              c:/actel/libero_v9.1/softconsole/sourcery-g++/bin/../lib/gcc/arm-none-eabi/4.4.1/../../../../arm-none-eabi/lib/thumb2\libc.a(lib_a-vfprintf.o) (__swsetup_r)
c:/actel/libero_v9.1/softconsole/sourcery-g++/bin/../lib/gcc/arm-none-eabi/4.4.1/../../../../arm-none-eabi/lib/thumb2\libc.a(lib_a-ctype_.o)
                              c:/actel/libero_v9.1/softconsole/sourcery-g++/bin/../lib/gcc/arm-none-eabi/4.4.1/../../../../arm-none-eabi/lib/thumb2\libc.a(lib_a-svfscanf.o) (__ctype_ptr__)
c:/actel/libero_v9.1/softconsole/sourcery-g++/bin/../lib/gcc/arm-none-eabi/4.4.1/../../../../arm-none-eabi/lib/thumb2\libc.a(lib_a-dtoa.o)
                              c:/actel/libero_v9.1/softconsole/sourcery-g++/bin/../lib/gcc/arm-none-eabi/4.4.1/../../../../arm-none-eabi/lib/thumb2\libc.a(lib_a-svfprintf.o) (_dtoa_r)
[...]
Memory Configuration

Name             Origin             Length             Attributes
rom              0x60000000         0x00040000         xr
romMirror        0x00000000         0x00040000         xr
ram              0x20000000         0x00010000         xrw
*default*        0x00000000         0xffffffff

Linker script and memory map

LOAD c:/actel/libero_v9.1/softconsole/sourcery-g++/bin/../lib/gcc/arm-none-eabi/4.4.1/thumb2/crti.o
LOAD c:/actel/libero_v9.1/softconsole/sourcery-g++/bin/../lib/gcc/arm-none-eabi/4.4.1/thumb2/crtbegin.o
LOAD ./main.o
LOAD ./hal/CortexM3/cortex_nvic.o
LOAD ./hal/CortexM3/GNU/hal.o
LOAD ./hal/CortexM3/GNU/hal_assert.o
LOAD ./hal/CortexM3/GNU/hw_reg_access.o
LOAD ./drivers_config/mss_ace/ace_config.o
LOAD ./drivers/mss_uart/mss_uart.o
LOAD ./drivers/mss_gpio/mss_gpio.o
LOAD ./drivers/mss_ace/ace_convert.o
LOAD ./drivers/mss_ace/ace_flags.o
LOAD ./drivers/mss_ace/ace_sse.o
LOAD ./drivers/mss_ace/ace_transform.o
LOAD ./drivers/mss_ace/mss_ace.o
LOAD ./drivers/CoreUARTapb/core_uart_apb.o
LOAD ./drivers/CorePWM/core_pwm.o
LOAD ./CMSIS/brownout_isr.o
LOAD ./CMSIS/core_cm3.o
LOAD ./CMSIS/system_a2fxxxm3.o
LOAD ./CMSIS/startup_gcc/newlib_stubs.o
LOAD ./CMSIS/startup_gcc/startup_a2fxxxm3.o
START GROUP
LOAD c:/actel/libero_v9.1/softconsole/sourcery-g++/bin/../lib/gcc/arm-none-eabi/4.4.1/thumb2\libgcc.a
LOAD c:/actel/libero_v9.1/softconsole/sourcery-g++/bin/../lib/gcc/arm-none-eabi/4.4.1/../../../../arm-none-eabi/lib/thumb2\libc.a
LOAD c:/actel/libero_v9.1/softconsole/sourcery-g++/bin/../lib/gcc/arm-none-eabi/4.4.1/thumb2\libgcc.a
END GROUP
LOAD c:/actel/libero_v9.1/softconsole/sourcery-g++/bin/../lib/gcc/arm-none-eabi/4.4.1/thumb2/crtend.o
LOAD c:/actel/libero_v9.1/softconsole/sourcery-g++/bin/../lib/gcc/arm-none-eabi/4.4.1/thumb2/crtn.o
START GROUP
LOAD c:/actel/libero_v9.1/softconsole/sourcery-g++/bin/../lib/gcc/arm-none-eabi/4.4.1/../../../../arm-none-eabi/lib/thumb2\libc.a
LOAD c:/actel/libero_v9.1/softconsole/sourcery-g++/bin/../lib/gcc/arm-none-eabi/4.4.1/thumb2\libgcc.a
LOAD c:/actel/libero_v9.1/softconsole/sourcery-g++/bin/../lib/gcc/arm-none-eabi/4.4.1/../../../../arm-none-eabi/lib/thumb2\libm.a
END GROUP
                0x00000000                __DYNAMIC = 0x0
                0x20000000                RAM_START_ADDRESS = 0x20000000
                0x00010000                RAM_SIZE = 0x10000
                0x00002000                MAIN_STACK_SIZE = 0x2000
                0x00001000                PROCESS_STACK_SIZE = 0x1000
                0x20010000                PROVIDE (__main_stack_start, (RAM_START_ADDRESS + RAM_SIZE))
                0x2000e000                PROVIDE (__process_stack_start, (__main_stack_start - MAIN_STACK_SIZE))
                0x20010000                PROVIDE (_estack, __main_stack_start)
                0x00000001                PROVIDE (__mirrored_nvm, 0x1)

.init           0x00000000      0x470 load address 0x60000000
 *(.isr_vector)
 .isr_vector    0x00000000      0x470 ./CMSIS/startup_gcc/startup_a2fxxxm3.o
                0x00000000                g_pfnVectors
                0x00000298                Reset_Handler
                0x00000308                NMI_Handler
                0x0000030a                HardFault_Handler
                0x0000030c                MemManage_Handler
                0x0000030e                BusFault_Handler
                0x00000310                UsageFault_Handler
                0x00000312                SVC_Handler
                0x00000314                DebugMon_Handler
                0x00000316                PendSV_Handler
                0x00000318                SysTick_Handler
                0x0000031a                WdogWakeup_IRQHandler
                0x0000031e                BrownOut_3_3V_IRQHandler
                0x00000320                RTC_Match_IRQHandler
                0x00000322                RTCIF_Pub_IRQHandler
                0x00000324                EthernetMAC_IRQHandler
                0x00000326                IAP_IRQHandler
                0x00000328                ENVM0_IRQHandler
                0x0000032a                ENVM1_IRQHandler
                0x0000032c                DMA_IRQHandler
                0x00000332                SPI0_IRQHandler
                0x00000334                SPI1_IRQHandler
                0x00000336                I2C0_IRQHandler
                0x00000338                I2C0_SMBAlert_IRQHandler
                0x0000033a                I2C0_SMBus_IRQHandler
                0x0000033c                I2C1_IRQHandler
                0x0000033e                I2C1_SMBAlert_IRQHandler
                0x00000340                I2C1_SMBus_IRQHandler
                0x00000342                Timer1_IRQHandler
                0x00000344                Timer2_IRQHandler
                0x00000346                PLL_Lock_IRQHandler
                0x00000348                PLL_LockLost_IRQHandler
                0x0000034a                CommError_IRQHandler
                0x0000034c                Fabric_IRQHandler
                0x0000034e                GPIO0_IRQHandler
                0x00000350                GPIO1_IRQHandler
                0x00000352                GPIO2_IRQHandler
                0x00000354                GPIO3_IRQHandler
                0x00000356                GPIO4_IRQHandler
                0x00000358                GPIO5_IRQHandler
                0x0000035a                GPIO6_IRQHandler
                0x0000035c                GPIO7_IRQHandler
                0x0000035e                GPIO8_IRQHandler
                0x00000360                GPIO9_IRQHandler
                0x00000362                GPIO10_IRQHandler
                0x00000364                GPIO11_IRQHandler
                0x00000366                GPIO12_IRQHandler
                0x00000368                GPIO13_IRQHandler
                0x0000036a                GPIO14_IRQHandler
                0x0000036c                GPIO15_IRQHandler
                0x0000036e                GPIO16_IRQHandler
                0x00000370                GPIO17_IRQHandler
                0x00000372                GPIO18_IRQHandler
                0x00000374                GPIO19_IRQHandler
                0x00000376                GPIO20_IRQHandler
                0x00000378                GPIO21_IRQHandler
                0x0000037a                GPIO22_IRQHandler
                0x0000037c                GPIO23_IRQHandler
                0x0000037e                GPIO24_IRQHandler
                0x00000380                GPIO25_IRQHandler
                0x00000382                GPIO26_IRQHandler
                0x00000384                GPIO27_IRQHandler
                0x00000386                GPIO28_IRQHandler
                0x00000388                GPIO29_IRQHandler
                0x0000038a                GPIO30_IRQHandler
                0x0000038c                GPIO31_IRQHandler
                0x0000038e                ACE_PC0_Flag0_IRQHandler
                0x00000390                ACE_PC0_Flag1_IRQHandler
                0x00000392                ACE_PC0_Flag2_IRQHandler
                0x00000394                ACE_PC0_Flag3_IRQHandler
                0x00000396                ACE_PC1_Flag0_IRQHandler
                0x00000398                ACE_PC1_Flag1_IRQHandler
                0x0000039a                ACE_PC1_Flag2_IRQHandler
                0x0000039c                ACE_PC1_Flag3_IRQHandler
                0x0000039e                ACE_PC2_Flag0_IRQHandler
                0x000003a0                ACE_PC2_Flag1_IRQHandler
                0x000003a2                ACE_PC2_Flag2_IRQHandler
                0x000003a4                ACE_PC2_Flag3_IRQHandler
                0x000003a6                ACE_ADC0_DataValid_IRQHandler
                0x000003a8                ACE_ADC1_DataValid_IRQHandler
                0x000003aa                ACE_ADC2_DataValid_IRQHandler
                0x000003ac                ACE_ADC0_CalDone_IRQHandler
                0x000003ae                ACE_ADC1_CalDone_IRQHandler
                0x000003b0                ACE_ADC2_CalDone_IRQHandler
                0x000003b2                ACE_ADC0_CalStart_IRQHandler
                0x000003b4                ACE_ADC1_CalStart_IRQHandler
                0x000003b6                ACE_ADC2_CalStart_IRQHandler
                0x000003b8                ACE_Comp0_Fall_IRQHandler
                0x000003ba                ACE_Comp1_Fall_IRQHandler
                0x000003bc                ACE_Comp2_Fall_IRQHandler
                0x000003be                ACE_Comp3_Fall_IRQHandler
                0x000003c0                ACE_Comp4_Fall_IRQHandler
                0x000003c2                ACE_Comp5_Fall_IRQHandler
                0x000003c4                ACE_Comp6_Fall_IRQHandler
                0x000003c6                ACE_Comp7_Fall_IRQHandler
                0x000003c8                ACE_Comp8_Fall_IRQHandler
                0x000003ca                ACE_Comp9_Fall_IRQHandler
                0x000003cc                ACE_Comp10_Fall_IRQHandler
                0x000003ce                ACE_Comp11_Fall_IRQHandler
                0x000003d0                ACE_Comp0_Rise_IRQHandler
                0x000003d2                ACE_Comp1_Rise_IRQHandler
                0x000003d4                ACE_Comp2_Rise_IRQHandler
                0x000003d6                ACE_Comp3_Rise_IRQHandler
                0x000003d8                ACE_Comp4_Rise_IRQHandler
                0x000003da                ACE_Comp5_Rise_IRQHandler
                0x000003dc                ACE_Comp6_Rise_IRQHandler
                0x000003de                ACE_Comp7_Rise_IRQHandler
                0x000003e0                ACE_Comp8_Rise_IRQHandler
                0x000003e2                ACE_Comp9_Rise_IRQHandler
                0x000003e4                ACE_Comp10_Rise_IRQHandler
                0x000003e6                ACE_Comp11_Rise_IRQHandler
                0x000003e8                ACE_ADC0_FifoFull_IRQHandler
                0x000003ea                ACE_ADC0_FifoAFull_IRQHandler
                0x000003ec                ACE_ADC0_FifoEmpty_IRQHandler
                0x000003ee                ACE_ADC1_FifoFull_IRQHandler
                0x000003f0                ACE_ADC1_FifoAFull_IRQHandler
                0x000003f2                ACE_ADC1_FifoEmpty_IRQHandler
                0x000003f4                ACE_ADC2_FifoFull_IRQHandler
                0x000003f6                ACE_ADC2_FifoAFull_IRQHandler
                0x000003f8                ACE_ADC2_FifoEmpty_IRQHandler
 *sys_boot.o(.text)
                0x00000470                . = ALIGN (0x4)

.text           0x00000470    0x12e4c load address 0x60000470
 CREATE_OBJECT_SYMBOLS
                0x60000470                __text_load = LOADADDR (.text)
                0x00000470                __text_start = .
 *(.text .text.* .gnu.linkonce.t.*)
 .text          0x00000470        0x0 c:/actel/libero_v9.1/softconsole/sourcery-g++/bin/../lib/gcc/arm-none-eabi/4.4.1/thumb2/crti.o
 .text          0x00000470       0x30 c:/actel/libero_v9.1/softconsole/sourcery-g++/bin/../lib/gcc/arm-none-eabi/4.4.1/thumb2/crtbegin.o
 .text          0x000004a0      0xc30 ./main.o
                0x000004a0                start_gun
                0x000004d0                stop_gun
                0x00000500                pull_trigger
                0x00000528                release_trigger
                0x00000550                set_trigger
                0x00000574                pwm_init
                0x000005b8                wheel1
                0x00000668                wheel2
                0x00000718                wheel3
                0x000007c8                wheel4
                0x00000878                set_gun_angle
                0x00000894                range_init
                0x000008b8                wait
                0x000008dc                get_range
                0x00000970                moveTurret
                0x000009ec                moveDatTrigger
                0x00000a68                tankControl
                0x00000a98                main
 .text          0x000010d0       0x78 ./hal/CortexM3/cortex_nvic.o
                0x000010d0                NVIC_init
                0x000010dc                NVIC_set_handler
                0x000010f4                NVIC_set_priority
                0x0000110c                NVIC_enable_interrupt
                0x00001120                NVIC_disable_interrupt
                0x00001134                NVIC_clear_interrupt
 .text          0x00001148        0xe ./hal/CortexM3/GNU/hal.o
                0x00001148                HAL_disable_interrupts
                0x00001150                HAL_restore_interrupts
 *fill*         0x00001156        0x2 00
 .text          0x00001158       0x28 ./hal/CortexM3/GNU/hal_assert.o
                0x00001158                HAL_assert_fail
 .text          0x00001180       0x90 ./hal/CortexM3/GNU/hw_reg_access.o
                0x00001180                HW_set_32bit_reg
                0x00001184                HW_get_32bit_reg
                0x00001188                HW_set_32bit_reg_field
                0x000011a4                HW_get_32bit_reg_field
                0x000011b0                HW_set_16bit_reg
                0x000011b4                HW_get_16bit_reg
                0x000011b8                HW_set_16bit_reg_field
                0x000011d4                HW_get_16bit_reg_field
                0x000011e0                HW_set_8bit_reg
                0x000011e4                HW_get_8bit_reg
                0x000011e8                HW_set_8bit_reg_field
                0x00001204                HW_get_8bit_reg_field
 .text          0x00001210        0x0 ./drivers_config/mss_ace/ace_config.o
 .text          0x00001210      0xee4 ./drivers/mss_uart/mss_uart.o
                0x000012c0                MSS_UART_init
                0x000014c4                MSS_UART_polled_tx
                0x000015a8                MSS_UART_polled_tx_string
                0x00001678                MSS_UART_irq_tx
                0x00001728                MSS_UART_tx_complete
                0x000017b8                MSS_UART_get_rx
                0x00001894                MSS_UART_enable_irq
                0x00001910                MSS_UART_disable_irq
                0x00001bbc                MSS_UART_set_rx_handler
                0x00001c64                MSS_UART_set_loopback
                0x00001cd4                UART0_IRQHandler
                0x00001d00                UART1_IRQHandler
                0x00001d2c                MSS_UART_set_rxstatus_handler
                0x00001db0                MSS_UART_set_tx_handler
                0x00001e44                MSS_UART_set_modemstatus_handler
                0x00001ec8                MSS_UART_fill_tx_fifo
                0x00001f9c                MSS_UART_get_rx_status
                0x0000201c                MSS_UART_get_modem_status
                0x0000207c                MSS_UART_get_tx_status
 .text          0x000020f4      0x388 ./drivers/mss_gpio/mss_gpio.o
                0x00002168                MSS_GPIO_init
                0x000021d4                MSS_GPIO_config
                0x00002210                MSS_GPIO_set_output
                0x00002250                MSS_GPIO_drive_inout
                0x00002378                MSS_GPIO_enable_irq
                0x000023dc                MSS_GPIO_disable_irq
                0x0000242c                MSS_GPIO_clear_irq
 .text          0x0000247c      0xac8 ./drivers/mss_ace/ace_convert.o
                0x0000247c                ACE_get_channel_type
                0x000024c0                ACE_convert_adc_input_to_mV
                0x00002524                ace_init_convert
                0x000026d8                ACE_convert_to_mV
                0x000027d8                ACE_convert_to_mA
                0x0000288c                ACE_convert_to_uA
                0x0000293c                ACE_convert_to_Kelvin
                0x00002988                ACE_convert_to_Celsius
                0x000029c4                ACE_convert_to_Fahrenheit
                0x00002a1c                ACE_get_channel_name
                0x00002a54                ACE_convert_mV_to_adc_value
                0x00002b70                ACE_convert_from_mV
                0x00002c80                ACE_convert_from_mA
                0x00002d44                ACE_convert_from_uA
                0x00002e08                ACE_convert_from_Kelvin
                0x00002e60                ACE_convert_from_Celsius
                0x00002eac                ACE_convert_from_Fahrenheit
                0x00002f10                ACE_translate_pdma_value
 .text          0x00002f44      0x7ac ./drivers/mss_ace/ace_flags.o
                0x00002f80                ace_init_flags
                0x00002f8c                ACE_is_hysteresis_flag
                0x00002fac                ACE_is_under_flag
                0x00002fcc                ACE_set_flag_threshold
                0x00002fe4                ACE_set_flag_assertion
                0x00002ffc                ACE_set_flag_deassertion
                0x00003014                ACE_set_flag_hysteresis
                0x0000302c                ACE_set_channel_hysteresis
                0x00003044                ACE_get_flag_handle
                0x00003060                ACE_get_flag_status
                0x00003080                ACE_get_flag_name
                0x000030a0                ACE_get_flag_channel
                0x000030c0                ACE_get_channel_flag_count
                0x000030e0                ACE_get_channel_first_flag
                0x00003100                ACE_get_channel_next_flag
                0x00003120                ACE_enable_channel_flags_irq
                0x00003134                ACE_disable_channel_flags_irq
                0x00003148                ACE_clear_channel_flags_irq
                0x0000315c                ACE_enable_flag_irq
                0x00003170                ACE_disable_flag_irq
                0x00003184                ACE_clear_flag_irq
                0x00003198                ACE_register_flag_isr
                0x000031b0                ACE_register_channel_flags_isr
                0x000031c8                ACE_register_global_flags_isr
                0x000031f0                ACE_PPE_Flag0_IRQHandler
                0x00003218                ACE_PPE_Flag1_IRQHandler
                0x00003240                ACE_PPE_Flag2_IRQHandler
                0x00003268                ACE_PPE_Flag3_IRQHandler
                0x00003290                ACE_PPE_Flag4_IRQHandler
                0x000032b8                ACE_PPE_Flag5_IRQHandler
                0x000032e0                ACE_PPE_Flag6_IRQHandler
                0x00003308                ACE_PPE_Flag7_IRQHandler
                0x00003330                ACE_PPE_Flag8_IRQHandler
                0x00003358                ACE_PPE_Flag9_IRQHandler
                0x00003380                ACE_PPE_Flag10_IRQHandler
                0x000033a8                ACE_PPE_Flag11_IRQHandler
                0x000033d0                ACE_PPE_Flag12_IRQHandler
                0x000033f8                ACE_PPE_Flag13_IRQHandler
                0x00003420                ACE_PPE_Flag14_IRQHandler
                0x00003448                ACE_PPE_Flag15_IRQHandler
                0x00003470                ACE_PPE_Flag16_IRQHandler
                0x00003498                ACE_PPE_Flag17_IRQHandler
                0x000034c0                ACE_PPE_Flag18_IRQHandler
                0x000034e8                ACE_PPE_Flag19_IRQHandler
                0x00003510                ACE_PPE_Flag20_IRQHandler
                0x00003538                ACE_PPE_Flag21_IRQHandler
                0x00003560                ACE_PPE_Flag22_IRQHandler
                0x00003588                ACE_PPE_Flag23_IRQHandler
                0x000035b0                ACE_PPE_Flag24_IRQHandler
                0x000035d8                ACE_PPE_Flag25_IRQHandler
                0x00003600                ACE_PPE_Flag26_IRQHandler
                0x00003628                ACE_PPE_Flag27_IRQHandler
                0x00003650                ACE_PPE_Flag28_IRQHandler
                0x00003678                ACE_PPE_Flag29_IRQHandler
                0x000036a0                ACE_PPE_Flag30_IRQHandler
                0x000036c8                ACE_PPE_Flag31_IRQHandler
 .text          0x000036f0      0x750 ./drivers/mss_ace/ace_sse.o
                0x000036f0                ACE_get_sse_seq_handle
                0x00003774                ACE_load_sse
                0x000038a4                ACE_start_sse
                0x000039e4                ACE_restart_sse
                0x00003b08                ACE_stop_sse
                0x00003b5c                ACE_resume_sse
                0x00003bb0                ACE_enable_sse_irq
                0x00003bf8                ACE_disable_sse_irq
                0x00003c5c                ACE_clear_sse_irq
                0x00003cc8                ACE_clear_sample_pipeline
 .text          0x00003e40      0x73c ./drivers/mss_ace/ace_transform.o
                0x00003e40                ACE_get_default_m_factor
                0x00003e70                ACE_get_default_c_offset
                0x00003ea4                ACE_set_linear_transform
                0x00004020                extend_sign
                0x00004050                adjust_to_24bit_ace_format
                0x000040d0                adjust_to_16bit_ace_format
                0x00004150                get_calibration
                0x000044d0                write_transform_coefficients
 .text          0x0000457c      0xca8 ./drivers/mss_ace/mss_ace.o
                0x0000457c                ACE_init
                0x0000458c                ACE_start_adc
                0x000045b8                ACE_get_adc_result
                0x0000461c                ACE_configure_sdd
                0x000047bc                ACE_enable_sdd
                0x00004804                ACE_disable_sdd
                0x0000484c                ACE_set_sdd_value
                0x00004898                ACE_set_sdd_value_sync
                0x00004968                ACE_set_comp_reference
                0x00004b1c                ACE_set_comp_hysteresis
                0x00004c44                ACE_enable_comp
                0x00004d40                ACE_disable_comp
                0x00004e38                ACE_enable_comp_rise_irq
                0x00004e88                ACE_disable_comp_rise_irq
                0x00004ef8                ACE_clear_comp_rise_irq
                0x00004f64                ACE_enable_comp_fall_irq
                0x00004fb4                ACE_disable_comp_fall_irq
                0x00005024                ACE_clear_comp_fall_irq
                0x00005090                ACE_get_comp_status
                0x000050b0                ACE_get_channel_count
                0x000050c0                ACE_get_first_channel
                0x000050dc                ACE_get_next_channel
                0x00005108                ACE_get_channel_handle
                0x0000517c                ACE_get_input_channel_handle
                0x000051d0                ACE_get_ppe_sample
 .text          0x00005224      0x8cc ./drivers/CoreUARTapb/core_uart_apb.o
                0x00005224                UART_init
                0x000054c4                UART_send
                0x00005620                UART_fill_tx_fifo
                0x000057a0                UART_get_rx
                0x00005958                UART_polled_tx_string
                0x00005a64                UART_get_rx_status
 .text          0x00005af0     0x16d0 ./drivers/CorePWM/core_pwm.o
                0x00005af0                PWM_init
                0x00005ca4                PWM_enable
                0x00005db8                PWM_disable
                0x00005ed8                PWM_enable_synch_update
                0x00005f40                PWM_disable_synch_update
                0x00005fa8                PWM_set_duty_cycle
                0x00006140                PWM_set_edges
                0x0000635c                PWM_get_duty_cycle
                0x000064d0                PWM_generate_aligned_wave
                0x00006778                PWM_enable_stretch_pulse
                0x000068a0                PWM_disable_stretch_pulse
                0x000069cc                PWM_tach_init
                0x00006a74                PWM_tach_set_mode
                0x00006bbc                PWM_tach_read_value
                0x00006c78                PWM_tach_clear_status
                0x00006d2c                PWM_tach_read_status
                0x00006dfc                PWM_tach_get_irq_source
                0x00006eb8                PWM_tach_enable_irq
                0x00006fe0                PWM_tach_disable_irq
                0x0000710c                PWM_tach_clear_irq
 .text          0x000071c0       0xb0 ./CMSIS/brownout_isr.o
                0x000071c0                BrownOut_1_5V_IRQHandler
 .text          0x00007270      0x28c ./CMSIS/core_cm3.o
                0x00007270                __get_PSP
                0x00007280                __set_PSP
                0x00007288                __get_MSP
                0x00007298                __set_MSP
                0x000072a0                __get_BASEPRI
                0x000072c0                __set_BASEPRI
                0x000072d8                __get_PRIMASK
                0x000072f8                __set_PRIMASK
                0x00007310                __get_FAULTMASK
                0x00007330                __set_FAULTMASK
                0x00007348                __get_CONTROL
                0x00007368                __set_CONTROL
                0x00007380                __REV
                0x000073a4                __REV16
                0x000073c8                __REVSH
                0x000073ec                __RBIT
                0x00007410                __LDREXB
                0x00007434                __LDREXH
                0x00007458                __LDREXW
                0x0000747c                __STREXB
                0x000074a8                __STREXH
                0x000074d4                __STREXW
 .text          0x000074fc      0x244 ./CMSIS/system_a2fxxxm3.o
                0x000074fc                SystemInit
                0x00007508                SystemCoreClockUpdate
 .text          0x00007740      0x2c0 ./CMSIS/startup_gcc/newlib_stubs.o
                0x00007740                _close
                0x00007758                _execve
                0x00007780                _exit
                0x0000778c                _fork
                0x000077a4                _fstat
                0x000077c8                _getpid
                0x000077d8                _isatty
                0x000077f0                _kill
                0x00007814                _link
                0x00007838                _lseek
                0x00007854                _open
                0x00007870                _read
                0x0000788c                _write_r
                0x000078e8                _sbrk
                0x0000797c                _stat
                0x000079a0                _times
                0x000079b8                _unlink
                0x000079dc                _wait
 .text          0x00007a00        0x0 ./CMSIS/startup_gcc/startup_a2fxxxm3.o
 .text          0x00007a00      0x370 c:/actel/libero_v9.1/softconsole/sourcery-g++/bin/../lib/gcc/arm-none-eabi/4.4.1/thumb2\libgcc.a(_arm_addsubdf3.o)
                0x00007a00                __aeabi_drsub
                0x00007a08                __aeabi_dsub
                0x00007a08                __subdf3
                0x00007a0c                __aeabi_dadd
                0x00007a0c                __adddf3
                0x00007c84                __floatunsidf
                0x00007c84                __aeabi_ui2d
                0x00007ca4                __floatsidf
                0x00007ca4                __aeabi_i2d
                0x00007cc8                __aeabi_f2d
                0x00007cc8                __extendsfdf2
                0x00007d04                __floatundidf
                0x00007d04                __aeabi_ul2d
                0x00007d14                __floatdidf
                0x00007d14                __aeabi_l2d
 .text          0x00007d70      0x424 c:/actel/libero_v9.1/softconsole/sourcery-g++/bin/../lib/gcc/arm-none-eabi/4.4.1/thumb2\libgcc.a(_arm_muldivdf3.o)
                0x00007d70                __aeabi_dmul
                0x00007d70                __muldf3
                0x00007fc4                __divdf3
                0x00007fc4                __aeabi_ddiv
 .text          0x00008194       0x50 c:/actel/libero_v9.1/softconsole/sourcery-g++/bin/../lib/gcc/arm-none-eabi/4.4.1/thumb2\libgcc.a(_arm_fixdfsi.o)
                0x00008194                __aeabi_d2iz
                0x00008194                __fixdfsi
 .text          0x000081e4       0x14 c:/actel/libero_v9.1/softconsole/sourcery-g++/bin/../lib/gcc/arm-none-eabi/4.4.1/../../../../arm-none-eabi/lib/thumb2\libc.a(lib_a-bzero.o)
                0x000081e4                bzero
 .text          0x000081f8        0xc c:/actel/libero_v9.1/softconsole/sourcery-g++/bin/../lib/gcc/arm-none-eabi/4.4.1/../../../../arm-none-eabi/lib/thumb2\libc.a(lib_a-errno.o)
                0x000081f8                __errno
 .text          0x00008204        0x0 c:/actel/libero_v9.1/softconsole/sourcery-g++/bin/../lib/gcc/arm-none-eabi/4.4.1/../../../../arm-none-eabi/lib/thumb2\libc.a(lib_a-impure.o)
 .text          0x00008204       0x50 c:/actel/libero_v9.1/softconsole/sourcery-g++/bin/../lib/gcc/arm-none-eabi/4.4.1/../../../../arm-none-eabi/lib/thumb2\libc.a(lib_a-init.o)
                0x00008204                __libc_init_array
 .text          0x00008254       0x64 c:/actel/libero_v9.1/softconsole/sourcery-g++/bin/../lib/gcc/arm-none-eabi/4.4.1/../../../../arm-none-eabi/lib/thumb2\libc.a(lib_a-printf.o)
                0x00008254                printf
                0x0000828c                _printf_r
 .text          0x000082b8       0x94 c:/actel/libero_v9.1/softconsole/sourcery-g++/bin/../lib/gcc/arm-none-eabi/4.4.1/../../../../arm-none-eabi/lib/thumb2\libc.a(lib_a-sprintf.o)
                0x000082b8                sprintf
                0x00008308                _sprintf_r
 .text          0x0000834c       0xb8 c:/actel/libero_v9.1/softconsole/sourcery-g++/bin/../lib/gcc/arm-none-eabi/4.4.1/../../../../arm-none-eabi/lib/thumb2\libc.a(lib_a-sscanf.o)
                0x00008350                _sscanf_r
                0x000083a8                sscanf
 .text          0x00008404       0x60 c:/actel/libero_v9.1/softconsole/sourcery-g++/bin/../lib/gcc/arm-none-eabi/4.4.1/../../../../arm-none-eabi/lib/thumb2\libc.a(lib_a-strlen.o)
                0x00008404                strlen
 .text          0x00008464       0xa8 c:/actel/libero_v9.1/softconsole/sourcery-g++/bin/../lib/gcc/arm-none-eabi/4.4.1/../../../../arm-none-eabi/lib/thumb2\libc.a(lib_a-strncmp.o)
                0x00008464                strncmp
 .text          0x0000850c     0x15a8 c:/actel/libero_v9.1/softconsole/sourcery-g++/bin/../lib/gcc/arm-none-eabi/4.4.1/../../../../arm-none-eabi/lib/thumb2\libc.a(lib_a-svfprintf.o)
                0x00008628                _svfprintf_r
 .text          0x00009ab4     0x10f8 c:/actel/libero_v9.1/softconsole/sourcery-g++/bin/../lib/gcc/arm-none-eabi/4.4.1/../../../../arm-none-eabi/lib/thumb2\libc.a(lib_a-svfscanf.o)
                0x00009b80                __ssvfscanf_r
 .text          0x0000abac      0x1bc c:/actel/libero_v9.1/softconsole/sourcery-g++/bin/../lib/gcc/arm-none-eabi/4.4.1/../../../../arm-none-eabi/lib/thumb2\libc.a(lib_a-ungetc.o)
                0x0000abac                __submore
                0x0000ac28                _ungetc_r
                0x0000ad58                ungetc
 .text          0x0000ad68     0x1940 c:/actel/libero_v9.1/softconsole/sourcery-g++/bin/../lib/gcc/arm-none-eabi/4.4.1/../../../../arm-none-eabi/lib/thumb2\libc.a(lib_a-vfprintf.o)
                0x0000ad84                _vfprintf_r
                0x0000c68c                vfprintf
 .text          0x0000c6a8      0x104 c:/actel/libero_v9.1/softconsole/sourcery-g++/bin/../lib/gcc/arm-none-eabi/4.4.1/../../../../arm-none-eabi/lib/thumb2\libc.a(lib_a-wsetup.o)
                0x0000c6a8                __swsetup_r
 .text          0x0000c7ac        0x0 c:/actel/libero_v9.1/softconsole/sourcery-g++/bin/../lib/gcc/arm-none-eabi/4.4.1/../../../../arm-none-eabi/lib/thumb2\libc.a(lib_a-ctype_.o)
 *fill*         0x0000c7ac        0x4 00
 .text          0x0000c7b0      0xfb8 c:/actel/libero_v9.1/softconsole/sourcery-g++/bin/../lib/gcc/arm-none-eabi/4.4.1/../../../../arm-none-eabi/lib/thumb2\libc.a(lib_a-dtoa.o)
                0x0000c8d0                _dtoa_r
 .text          0x0000d768      0x178 c:/actel/libero_v9.1/softconsole/sourcery-g++/bin/../lib/gcc/arm-none-eabi/4.4.1/../../../../arm-none-eabi/lib/thumb2\libc.a(lib_a-fflush.o)
                0x0000d768                _fflush_r
                0x0000d8b8                fflush
 .text          0x0000d8e0      0x1c8 c:/actel/libero_v9.1/softconsole/sourcery-g++/bin/../lib/gcc/arm-none-eabi/4.4.1/../../../../arm-none-eabi/lib/thumb2\libc.a(lib_a-findfp.o)
                0x0000d8e0                __sfp_lock_acquire
                0x0000d8e4                __sfp_lock_release
                0x0000d8e8                __sinit_lock_acquire
                0x0000d8ec                __sinit_lock_release
                0x0000d8f8                __fp_unlock_all
                0x0000d910                __fp_lock_all
                0x0000d928                _cleanup_r
                0x0000d934                _cleanup
                0x0000d990                __sfmoreglue
                0x0000d9c0                __sfp
                0x0000da48                __sinit
 .text          0x0000daa8      0x268 c:/actel/libero_v9.1/softconsole/sourcery-g++/bin/../lib/gcc/arm-none-eabi/4.4.1/../../../../arm-none-eabi/lib/thumb2\libc.a(lib_a-freer.o)
                0x0000daa8                _malloc_trim_r
                0x0000db50                _free_r
 .text          0x0000dd10      0x334 c:/actel/libero_v9.1/softconsole/sourcery-g++/bin/../lib/gcc/arm-none-eabi/4.4.1/../../../../arm-none-eabi/lib/thumb2\libc.a(lib_a-fvwrite.o)
                0x0000dd10                __sfvwrite_r
 .text          0x0000e044       0xa0 c:/actel/libero_v9.1/softconsole/sourcery-g++/bin/../lib/gcc/arm-none-eabi/4.4.1/../../../../arm-none-eabi/lib/thumb2\libc.a(lib_a-fwalk.o)
                0x0000e044                _fwalk_reent
                0x0000e098                _fwalk
 .text          0x0000e0e4       0x1c c:/actel/libero_v9.1/softconsole/sourcery-g++/bin/../lib/gcc/arm-none-eabi/4.4.1/../../../../arm-none-eabi/lib/thumb2\libc.a(lib_a-iswspace.o)
                0x0000e0e4                iswspace
 .text          0x0000e100       0x74 c:/actel/libero_v9.1/softconsole/sourcery-g++/bin/../lib/gcc/arm-none-eabi/4.4.1/../../../../arm-none-eabi/lib/thumb2\libc.a(lib_a-locale.o)
                0x0000e100                __locale_charset
                0x0000e10c                _localeconv_r
                0x0000e114                localeconv
                0x0000e11c                _setlocale_r
                0x0000e164                setlocale
 .text          0x0000e174       0xdc c:/actel/libero_v9.1/softconsole/sourcery-g++/bin/../lib/gcc/arm-none-eabi/4.4.1/../../../../arm-none-eabi/lib/thumb2\libc.a(lib_a-makebuf.o)
                0x0000e174                __smakebuf_r
 .text          0x0000e250       0x20 c:/actel/libero_v9.1/softconsole/sourcery-g++/bin/../lib/gcc/arm-none-eabi/4.4.1/../../../../arm-none-eabi/lib/thumb2\libc.a(lib_a-malloc.o)
                0x0000e250                free
                0x0000e260                malloc
 .text          0x0000e270      0x5a4 c:/actel/libero_v9.1/softconsole/sourcery-g++/bin/../lib/gcc/arm-none-eabi/4.4.1/../../../../arm-none-eabi/lib/thumb2\libc.a(lib_a-mallocr.o)
                0x0000e270                _malloc_r
 .text          0x0000e814       0x5c c:/actel/libero_v9.1/softconsole/sourcery-g++/bin/../lib/gcc/arm-none-eabi/4.4.1/../../../../arm-none-eabi/lib/thumb2\libc.a(lib_a-mbrtowc.o)
                0x0000e814                _mbrtowc_r
                0x0000e84c                mbrtowc
 .text          0x0000e870       0x38 c:/actel/libero_v9.1/softconsole/sourcery-g++/bin/../lib/gcc/arm-none-eabi/4.4.1/../../../../arm-none-eabi/lib/thumb2\libc.a(lib_a-mbtowc_r.o)
                0x0000e870                _mbtowc_r
 .text          0x0000e8a8       0x74 c:/actel/libero_v9.1/softconsole/sourcery-g++/bin/../lib/gcc/arm-none-eabi/4.4.1/../../../../arm-none-eabi/lib/thumb2\libc.a(lib_a-memchr.o)
                0x0000e8a8                memchr
 .text          0x0000e91c      0x190 c:/actel/libero_v9.1/softconsole/sourcery-g++/bin/../lib/gcc/arm-none-eabi/4.4.1/../../../../arm-none-eabi/lib/thumb2\libc.a(lib_a-memcpy.o)
                0x0000e91c                memcpy
 .text          0x0000eaac       0xb8 c:/actel/libero_v9.1/softconsole/sourcery-g++/bin/../lib/gcc/arm-none-eabi/4.4.1/../../../../arm-none-eabi/lib/thumb2\libc.a(lib_a-memmove.o)
                0x0000eaac                memmove
 .text          0x0000eb64       0xd4 c:/actel/libero_v9.1/softconsole/sourcery-g++/bin/../lib/gcc/arm-none-eabi/4.4.1/../../../../arm-none-eabi/lib/thumb2\libc.a(lib_a-memset.o)
                0x0000eb64                memset
 .text          0x0000ec38        0x8 c:/actel/libero_v9.1/softconsole/sourcery-g++/bin/../lib/gcc/arm-none-eabi/4.4.1/../../../../arm-none-eabi/lib/thumb2\libc.a(lib_a-mlock.o)
                0x0000ec38                __malloc_lock
                0x0000ec3c                __malloc_unlock
 .text          0x0000ec40      0x958 c:/actel/libero_v9.1/softconsole/sourcery-g++/bin/../lib/gcc/arm-none-eabi/4.4.1/../../../../arm-none-eabi/lib/thumb2\libc.a(lib_a-mprec.o)
                0x0000ec40                __hi0bits
                0x0000ec80                __lo0bits
                0x0000ece4                __mcmp
                0x0000ed24                __ulp
                0x0000ed70                __b2d
                0x0000ee18                __ratio
                0x0000ee78                _mprec_log10
                0x0000eeb0                __copybits
                0x0000ef00                __any_on
                0x0000ef58                _Bfree
                0x0000ef90                _Balloc
                0x0000effc                __d2b
                0x0000f0cc                __mdiff
                0x0000f1c4                __lshift
                0x0000f280                __multiply
                0x0000f3b4                __i2b
                0x0000f3c8                __multadd
                0x0000f450                __pow5mult
                0x0000f4fc                __s2b
 .text          0x0000f598      0x3b4 c:/actel/libero_v9.1/softconsole/sourcery-g++/bin/../lib/gcc/arm-none-eabi/4.4.1/../../../../arm-none-eabi/lib/thumb2\libc.a(lib_a-reallocr.o)
                0x0000f598                _realloc_r
 .text          0x0000f94c       0x24 c:/actel/libero_v9.1/softconsole/sourcery-g++/bin/../lib/gcc/arm-none-eabi/4.4.1/../../../../arm-none-eabi/lib/thumb2\libc.a(lib_a-s_isinfd.o)
                0x0000f94c                __isinfd
 .text          0x0000f970       0x1c c:/actel/libero_v9.1/softconsole/sourcery-g++/bin/../lib/gcc/arm-none-eabi/4.4.1/../../../../arm-none-eabi/lib/thumb2\libc.a(lib_a-s_isnand.o)
                0x0000f970                __isnand
 .text          0x0000f98c       0x28 c:/actel/libero_v9.1/softconsole/sourcery-g++/bin/../lib/gcc/arm-none-eabi/4.4.1/../../../../arm-none-eabi/lib/thumb2\libc.a(lib_a-sbrkr.o)
                0x0000f98c                _sbrk_r
 .text          0x0000f9b4       0x74 c:/actel/libero_v9.1/softconsole/sourcery-g++/bin/../lib/gcc/arm-none-eabi/4.4.1/../../../../arm-none-eabi/lib/thumb2\libc.a(lib_a-sccl.o)
                0x0000f9b4                __sccl
 .text          0x0000fa28        0xc c:/actel/libero_v9.1/softconsole/sourcery-g++/bin/../lib/gcc/arm-none-eabi/4.4.1/../../../../arm-none-eabi/lib/thumb2\libc.a(lib_a-sf_nan.o)
                0x0000fa28                nanf
 .text          0x0000fa34       0x90 c:/actel/libero_v9.1/softconsole/sourcery-g++/bin/../lib/gcc/arm-none-eabi/4.4.1/../../../../arm-none-eabi/lib/thumb2\libc.a(lib_a-stdio.o)
                0x0000fa34                __sclose
                0x0000fa3c                __sseek
                0x0000fa64                __swrite
                0x0000faa0                __sread
 .text          0x0000fac4      0x1dc c:/actel/libero_v9.1/softconsole/sourcery-g++/bin/../lib/gcc/arm-none-eabi/4.4.1/../../../../arm-none-eabi/lib/thumb2\libc.a(lib_a-strcmp.o)
                0x0000fac4                strcmp
 .text          0x0000fca0     0x1010 c:/actel/libero_v9.1/softconsole/sourcery-g++/bin/../lib/gcc/arm-none-eabi/4.4.1/../../../../arm-none-eabi/lib/thumb2\libc.a(lib_a-strtod.o)
                0x0000fca0                _strtod_r
                0x00010c10                strtof
                0x00010c9c                strtod
 .text          0x00010cb0      0x158 c:/actel/libero_v9.1/softconsole/sourcery-g++/bin/../lib/gcc/arm-none-eabi/4.4.1/../../../../arm-none-eabi/lib/thumb2\libc.a(lib_a-strtol.o)
                0x00010cb0                _strtol_r
                0x00010df0                strtol
 .text          0x00010e08      0x1f0 c:/actel/libero_v9.1/softconsole/sourcery-g++/bin/../lib/gcc/arm-none-eabi/4.4.1/../../../../arm-none-eabi/lib/thumb2\libc.a(lib_a-strtoll_r.o)
                0x00010e08                _strtoll_r
 .text          0x00010ff8      0x154 c:/actel/libero_v9.1/softconsole/sourcery-g++/bin/../lib/gcc/arm-none-eabi/4.4.1/../../../../arm-none-eabi/lib/thumb2\libc.a(lib_a-strtoul.o)
                0x00010ff8                _strtoul_r
                0x00011134                strtoul
 .text          0x0001114c      0x1ec c:/actel/libero_v9.1/softconsole/sourcery-g++/bin/../lib/gcc/arm-none-eabi/4.4.1/../../../../arm-none-eabi/lib/thumb2\libc.a(lib_a-strtoull_r.o)
                0x0001114c                _strtoull_r
 .text          0x00011338       0x5c c:/actel/libero_v9.1/softconsole/sourcery-g++/bin/../lib/gcc/arm-none-eabi/4.4.1/../../../../arm-none-eabi/lib/thumb2\libc.a(lib_a-callocr.o)
                0x00011338                _calloc_r
 .text          0x00011394       0x28 c:/actel/libero_v9.1/softconsole/sourcery-g++/bin/../lib/gcc/arm-none-eabi/4.4.1/../../../../arm-none-eabi/lib/thumb2\libc.a(lib_a-closer.o)
                0x00011394                _close_r
 .text          0x000113bc       0xcc c:/actel/libero_v9.1/softconsole/sourcery-g++/bin/../lib/gcc/arm-none-eabi/4.4.1/../../../../arm-none-eabi/lib/thumb2\libc.a(lib_a-fclose.o)
                0x000113bc                _fclose_r
                0x00011478                fclose
 .text          0x00011488       0x2c c:/actel/libero_v9.1/softconsole/sourcery-g++/bin/../lib/gcc/arm-none-eabi/4.4.1/../../../../arm-none-eabi/lib/thumb2\libc.a(lib_a-fstatr.o)
                0x00011488                _fstat_r
 .text          0x000114b4      0x5a8 c:/actel/libero_v9.1/softconsole/sourcery-g++/bin/../lib/gcc/arm-none-eabi/4.4.1/../../../../arm-none-eabi/lib/thumb2\libc.a(lib_a-gdtoa-gethex.o)
                0x000114b4                __hexdig_init
                0x000115a0                __gethex
 .text          0x00011a5c      0x1bc c:/actel/libero_v9.1/softconsole/sourcery-g++/bin/../lib/gcc/arm-none-eabi/4.4.1/../../../../arm-none-eabi/lib/thumb2\libc.a(lib_a-gdtoa-hexnan.o)
                0x00011a5c                __hexnan
 .text          0x00011c18       0x28 c:/actel/libero_v9.1/softconsole/sourcery-g++/bin/../lib/gcc/arm-none-eabi/4.4.1/../../../../arm-none-eabi/lib/thumb2\libc.a(lib_a-isattyr.o)
                0x00011c18                _isatty_r
 .text          0x00011c40       0x2c c:/actel/libero_v9.1/softconsole/sourcery-g++/bin/../lib/gcc/arm-none-eabi/4.4.1/../../../../arm-none-eabi/lib/thumb2\libc.a(lib_a-lseekr.o)
                0x00011c40                _lseek_r
 .text          0x00011c6c       0x2c c:/actel/libero_v9.1/softconsole/sourcery-g++/bin/../lib/gcc/arm-none-eabi/4.4.1/../../../../arm-none-eabi/lib/thumb2\libc.a(lib_a-readr.o)
                0x00011c6c                _read_r
 .text          0x00011c98      0x10c c:/actel/libero_v9.1/softconsole/sourcery-g++/bin/../lib/gcc/arm-none-eabi/4.4.1/../../../../arm-none-eabi/lib/thumb2\libc.a(lib_a-reent.o)
                0x00011c98                _wrapup_reent
                0x00011cd0                cleanup_glue
                0x00011cec                _reclaim_reent
 *fill*         0x00011da4        0x4 00
 .text          0x00011da8      0x278 c:/actel/libero_v9.1/softconsole/sourcery-g++/bin/../lib/gcc/arm-none-eabi/4.4.1/thumb2\libgcc.a(_udivsi3.o)
                0x00011da8                __aeabi_uidiv
                0x00011da8                __udivsi3
                0x00012004                __aeabi_uidivmod
 .text          0x00012020        0x4 c:/actel/libero_v9.1/softconsole/sourcery-g++/bin/../lib/gcc/arm-none-eabi/4.4.1/thumb2\libgcc.a(_dvmd_tls.o)
                0x00012020                __aeabi_idiv0
                0x00012020                __aeabi_ldiv0
 .text          0x00012024      0x110 c:/actel/libero_v9.1/softconsole/sourcery-g++/bin/../lib/gcc/arm-none-eabi/4.4.1/thumb2\libgcc.a(_arm_cmpdf2.o)
                0x00012024                __gtdf2
                0x00012024                __gedf2
                0x0001202c                __ltdf2
                0x0001202c                __ledf2
                0x00012034                __nedf2
                0x00012034                __eqdf2
                0x00012034                __cmpdf2
                0x000120b0                __aeabi_cdrcmple
                0x000120c0                __aeabi_cdcmpeq
                0x000120c0                __aeabi_cdcmple
                0x000120d0                __aeabi_dcmpeq
                0x000120e4                __aeabi_dcmplt
                0x000120f8                __aeabi_dcmple
                0x0001210c                __aeabi_dcmpge
                0x00012120                __aeabi_dcmpgt
 .text          0x00012134       0x40 c:/actel/libero_v9.1/softconsole/sourcery-g++/bin/../lib/gcc/arm-none-eabi/4.4.1/thumb2\libgcc.a(_arm_fixunsdfsi.o)
                0x00012134                __aeabi_d2uiz
                0x00012134                __fixunsdfsi
 .text          0x00012174       0xa0 c:/actel/libero_v9.1/softconsole/sourcery-g++/bin/../lib/gcc/arm-none-eabi/4.4.1/thumb2\libgcc.a(_arm_truncdfsf2.o)
                0x00012174                __truncdfsf2
                0x00012174                __aeabi_d2f
 .text          0x00012214       0xec c:/actel/libero_v9.1/softconsole/sourcery-g++/bin/../lib/gcc/arm-none-eabi/4.4.1/thumb2\libgcc.a(_arm_cmpsf2.o)
                0x00012214                __gesf2
                0x00012214                __gtsf2
                0x0001221c                __lesf2
                0x0001221c                __ltsf2
                0x00012224                __nesf2
                0x00012224                __eqsf2
                0x00012224                __cmpsf2
                0x00012284                __aeabi_cfrcmple
                0x0001228c                __aeabi_cfcmpeq
                0x0001228c                __aeabi_cfcmple
                0x0001229c                __aeabi_fcmpeq
                0x000122b0                __aeabi_fcmplt
                0x000122c4                __aeabi_fcmple
                0x000122d8                __aeabi_fcmpge
                0x000122ec                __aeabi_fcmpgt
 .text          0x00012300       0x2c c:/actel/libero_v9.1/softconsole/sourcery-g++/bin/../lib/gcc/arm-none-eabi/4.4.1/thumb2\libgcc.a(_aeabi_uldivmod.o)
                0x00012300                __aeabi_uldivmod
 .text          0x0001232c       0x58 c:/actel/libero_v9.1/softconsole/sourcery-g++/bin/../lib/gcc/arm-none-eabi/4.4.1/thumb2\libgcc.a(bpabi.o)
                0x0001232c                __gnu_uldivmod_helper
                0x00012358                __gnu_ldivmod_helper
 .text          0x00012384      0x364 c:/actel/libero_v9.1/softconsole/sourcery-g++/bin/../lib/gcc/arm-none-eabi/4.4.1/thumb2\libgcc.a(_divdi3.o)
                0x00012384                __divdi3
 .text          0x000126e8      0x300 c:/actel/libero_v9.1/softconsole/sourcery-g++/bin/../lib/gcc/arm-none-eabi/4.4.1/thumb2\libgcc.a(_udivdi3.o)
                0x000126e8                __udivdi3
 .text          0x000129e8        0x0 c:/actel/libero_v9.1/softconsole/sourcery-g++/bin/../lib/gcc/arm-none-eabi/4.4.1/thumb2/crtend.o
 .text          0x000129e8        0x0 c:/actel/libero_v9.1/softconsole/sourcery-g++/bin/../lib/gcc/arm-none-eabi/4.4.1/thumb2/crtn.o
 *(.plt)
 *(.gnu.warning)
 *(.glue_7t)
 .glue_7t       0x00000000        0x0 linker stubs
 *(.glue_7)
 .glue_7        0x00000000        0x0 linker stubs
 *(.vfp11_veneer)
 .vfp11_veneer  0x00000000        0x0 linker stubs
                0x000129e8                . = ALIGN (0x4)
 *crtbegin.o(.ctors)
 *(EXCLUDE_FILE(*crtend.o) .ctors)
 *(SORT(.ctors.*))
 *crtend.o(.ctors)
 *crtbegin.o(.dtors)
 *(EXCLUDE_FILE(*crtend.o) .dtors)
 *(SORT(.dtors.*))
 *crtend.o(.dtors)
 *(.rodata .rodata.* .gnu.linkonce.r.*)
 .rodata        0x000129e8       0x88 ./main.o
 .rodata        0x00012a70       0x6c ./drivers_config/mss_ace/ace_config.o
                0x00012a70                g_ace_current_resistors
                0x00012a78                g_ace_external_varef_used
                0x00012a7c                g_ace_channel_0_name
                0x00012a90                g_ace_ppe_transforms_desc_table
                0x00012a98                g_ace_sse_proc_0_name
                0x00012aa4                g_ace_sse_proc_0_sequence
                0x00012aac                g_ace_sse_proc_1_name
                0x00012ab8                g_ace_sse_proc_1_sequence
 .rodata        0x00012adc       0xc0 ./drivers/mss_gpio/mss_gpio.o
 .rodata        0x00012b9c       0xcc ./drivers/mss_ace/ace_convert.o
 .rodata        0x00012c68       0x24 ./drivers/mss_ace/ace_sse.o
 .rodata        0x00012c8c       0x5c ./drivers/mss_ace/ace_transform.o
 .rodata        0x00012ce8       0x50 ./drivers/mss_ace/mss_ace.o
                0x00012d28                comp_id_2_scb_lut
 .rodata        0x00012d38       0x28 ./drivers/CoreUARTapb/core_uart_apb.o
 .rodata        0x00012d60      0x124 ./drivers/CorePWM/core_pwm.o
 .rodata        0x00012e84       0x10 ./CMSIS/system_a2fxxxm3.o
 .rodata        0x00012e94       0x1c ./CMSIS/startup_gcc/newlib_stubs.o
 .rodata        0x00012eb0        0x4 c:/actel/libero_v9.1/softconsole/sourcery-g++/bin/../lib/gcc/arm-none-eabi/4.4.1/../../../../arm-none-eabi/lib/thumb2\libc.a(lib_a-impure.o)
                0x00012eb0                _global_impure_ptr
 .rodata.str1.4
                0x00012eb4        0x2 c:/actel/libero_v9.1/softconsole/sourcery-g++/bin/../lib/gcc/arm-none-eabi/4.4.1/../../../../arm-none-eabi/lib/thumb2\libc.a(lib_a-impure.o)
                                  0x4 (size before relaxing)
 *fill*         0x00012eb6        0x2 00
 .rodata        0x00012eb8       0x20 c:/actel/libero_v9.1/softconsole/sourcery-g++/bin/../lib/gcc/arm-none-eabi/4.4.1/../../../../arm-none-eabi/lib/thumb2\libc.a(lib_a-svfprintf.o)
 .rodata.str1.4
                0x00012ed8       0x42 c:/actel/libero_v9.1/softconsole/sourcery-g++/bin/../lib/gcc/arm-none-eabi/4.4.1/../../../../arm-none-eabi/lib/thumb2\libc.a(lib_a-svfprintf.o)
                                 0x44 (size before relaxing)
 *fill*         0x00012f1a        0x2 00
 .rodata        0x00012f1c       0x24 c:/actel/libero_v9.1/softconsole/sourcery-g++/bin/../lib/gcc/arm-none-eabi/4.4.1/../../../../arm-none-eabi/lib/thumb2\libc.a(lib_a-svfscanf.o)
 .rodata.str1.4
                0x00012f40        0x5 c:/actel/libero_v9.1/softconsole/sourcery-g++/bin/../lib/gcc/arm-none-eabi/4.4.1/../../../../arm-none-eabi/lib/thumb2\libc.a(lib_a-svfscanf.o)
                                  0x8 (size before relaxing)
 *fill*         0x00012f45        0x3 00
 .rodata        0x00012f48       0x20 c:/actel/libero_v9.1/softconsole/sourcery-g++/bin/../lib/gcc/arm-none-eabi/4.4.1/../../../../arm-none-eabi/lib/thumb2\libc.a(lib_a-vfprintf.o)
 .rodata.str1.4
                0x00000000       0x44 c:/actel/libero_v9.1/softconsole/sourcery-g++/bin/../lib/gcc/arm-none-eabi/4.4.1/../../../../arm-none-eabi/lib/thumb2\libc.a(lib_a-vfprintf.o)
 .rodata        0x00012f68      0x104 c:/actel/libero_v9.1/softconsole/sourcery-g++/bin/../lib/gcc/arm-none-eabi/4.4.1/../../../../arm-none-eabi/lib/thumb2\libc.a(lib_a-ctype_.o)
                0x00012f68                _ctype_
 .rodata.str1.4
                0x0001306c       0x10 c:/actel/libero_v9.1/softconsole/sourcery-g++/bin/../lib/gcc/arm-none-eabi/4.4.1/../../../../arm-none-eabi/lib/thumb2\libc.a(lib_a-dtoa.o)
                                 0x14 (size before relaxing)
 .rodata        0x0001307c       0x60 c:/actel/libero_v9.1/softconsole/sourcery-g++/bin/../lib/gcc/arm-none-eabi/4.4.1/../../../../arm-none-eabi/lib/thumb2\libc.a(lib_a-findfp.o)
                0x0001307c                __sf_fake_stdin
                0x0001309c                __sf_fake_stdout
                0x000130bc                __sf_fake_stderr
 .rodata        0x000130dc       0x34 c:/actel/libero_v9.1/softconsole/sourcery-g++/bin/../lib/gcc/arm-none-eabi/4.4.1/../../../../arm-none-eabi/lib/thumb2\libc.a(lib_a-locale.o)
 .rodata.str1.4
                0x00013110        0xf c:/actel/libero_v9.1/softconsole/sourcery-g++/bin/../lib/gcc/arm-none-eabi/4.4.1/../../../../arm-none-eabi/lib/thumb2\libc.a(lib_a-locale.o)
                                 0x18 (size before relaxing)
 .rodata.str1.4
                0x00000000        0x4 c:/actel/libero_v9.1/softconsole/sourcery-g++/bin/../lib/gcc/arm-none-eabi/4.4.1/../../../../arm-none-eabi/lib/thumb2\libc.a(lib_a-mbrtowc.o)
 *fill*         0x0001311f        0x1 00
 .rodata        0x00013120      0x128 c:/actel/libero_v9.1/softconsole/sourcery-g++/bin/../lib/gcc/arm-none-eabi/4.4.1/../../../../arm-none-eabi/lib/thumb2\libc.a(lib_a-mprec.o)
                0x00013120                __mprec_tens
                0x000131f8                __mprec_bigtens
                0x00013220                __mprec_tinytens
 .rodata        0x00013248       0x28 c:/actel/libero_v9.1/softconsole/sourcery-g++/bin/../lib/gcc/arm-none-eabi/4.4.1/../../../../arm-none-eabi/lib/thumb2\libc.a(lib_a-strtod.o)
 .rodata.str1.4
                0x00013270        0xf c:/actel/libero_v9.1/softconsole/sourcery-g++/bin/../lib/gcc/arm-none-eabi/4.4.1/../../../../arm-none-eabi/lib/thumb2\libc.a(lib_a-strtod.o)
                                 0x10 (size before relaxing)
 *fill*         0x0001327f        0x1 00
 .rodata.str1.4
                0x00013280       0x1c c:/actel/libero_v9.1/softconsole/sourcery-g++/bin/../lib/gcc/arm-none-eabi/4.4.1/../../../../arm-none-eabi/lib/thumb2\libc.a(lib_a-gdtoa-gethex.o)
 *(.ARM.extab* .gnu.linkonce.armextab.*)
 .ARM.extab     0x0001329c        0x0 c:/actel/libero_v9.1/softconsole/sourcery-g++/bin/../lib/gcc/arm-none-eabi/4.4.1/thumb2\libgcc.a(_divdi3.o)
 .ARM.extab     0x0001329c        0x0 c:/actel/libero_v9.1/softconsole/sourcery-g++/bin/../lib/gcc/arm-none-eabi/4.4.1/thumb2\libgcc.a(_udivdi3.o)
 *(.gcc_except_table)
 *(.eh_frame_hdr)
 *(.eh_frame)
 *(.init)
 .init          0x0001329c        0x4 c:/actel/libero_v9.1/softconsole/sourcery-g++/bin/../lib/gcc/arm-none-eabi/4.4.1/thumb2/crti.o
                0x0001329c                _init
 .init          0x000132a0        0x8 c:/actel/libero_v9.1/softconsole/sourcery-g++/bin/../lib/gcc/arm-none-eabi/4.4.1/thumb2/crtn.o
 *(.fini)
 .fini          0x000132a8        0x4 c:/actel/libero_v9.1/softconsole/sourcery-g++/bin/../lib/gcc/arm-none-eabi/4.4.1/thumb2/crti.o
                0x000132a8                _fini
 .fini          0x000132ac        0x8 c:/actel/libero_v9.1/softconsole/sourcery-g++/bin/../lib/gcc/arm-none-eabi/4.4.1/thumb2/crtn.o
                0x000132b4                PROVIDE (__preinit_array_start, .)
 *(.preinit_array)
                0x000132b4                PROVIDE (__preinit_array_end, .)
                0x000132b4                PROVIDE (__init_array_start, .)
 *(SORT(.init_array.*))
 *(.init_array)
 .init_array    0x000132b4        0x4 c:/actel/libero_v9.1/softconsole/sourcery-g++/bin/../lib/gcc/arm-none-eabi/4.4.1/thumb2/crtbegin.o
                0x000132b8                PROVIDE (__init_array_end, .)
                0x000132b8                PROVIDE (__fini_array_start, .)
 *(.fini_array)
 .fini_array    0x000132b8        0x4 c:/actel/libero_v9.1/softconsole/sourcery-g++/bin/../lib/gcc/arm-none-eabi/4.4.1/thumb2/crtbegin.o
 *(SORT(.fini_array.*))
                0x000132bc                PROVIDE (__fini_array_end, .)
                0x000132bc                __exidx_start = .

.v4_bx          0x000132bc        0x0 load address 0x600132bc
 .v4_bx         0x00000000        0x0 linker stubs

.ARM.exidx      0x20000000        0x8 load address 0x600132bc
 *(.ARM.exidx* .gnu.linkonce.armexidx.*)
 .ARM.exidx     0x20000000        0x8 c:/actel/libero_v9.1/softconsole/sourcery-g++/bin/../lib/gcc/arm-none-eabi/4.4.1/thumb2\libgcc.a(_divdi3.o)
 .ARM.exidx     0x20000008        0x0 c:/actel/libero_v9.1/softconsole/sourcery-g++/bin/../lib/gcc/arm-none-eabi/4.4.1/thumb2\libgcc.a(_udivdi3.o)
                                  0x8 (size before relaxing)
                0x20000008                __exidx_end = .
                0x20000008                _etext = .

.data           0x20000008      0x5a8 load address 0x600132c4
                0x600132c4                __data_load = LOADADDR (.data)
                0x600132c4                _sidata = LOADADDR (.data)
                0x20000008                __data_start = .
                0x20000008                _sdata = .
 *(.jcr)
 .jcr           0x20000008        0x0 c:/actel/libero_v9.1/softconsole/sourcery-g++/bin/../lib/gcc/arm-none-eabi/4.4.1/thumb2/crtbegin.o
 .jcr           0x20000008        0x4 c:/actel/libero_v9.1/softconsole/sourcery-g++/bin/../lib/gcc/arm-none-eabi/4.4.1/thumb2/crtend.o
 *(.got.plt)
 *(.got)
 *(.shdata)
 *(.data .data.* .gnu.linkonce.d.*)
 .data          0x2000000c        0x0 c:/actel/libero_v9.1/softconsole/sourcery-g++/bin/../lib/gcc/arm-none-eabi/4.4.1/thumb2/crti.o
 .data          0x2000000c        0x4 c:/actel/libero_v9.1/softconsole/sourcery-g++/bin/../lib/gcc/arm-none-eabi/4.4.1/thumb2/crtbegin.o
                0x2000000c                __dso_handle
 .data          0x20000010        0x0 ./main.o
 .data          0x20000010        0x0 ./hal/CortexM3/cortex_nvic.o
 .data          0x20000010        0x0 ./hal/CortexM3/GNU/hal.o
 .data          0x20000010        0x0 ./hal/CortexM3/GNU/hal_assert.o
 .data          0x20000010        0x0 ./hal/CortexM3/GNU/hw_reg_access.o
 .data          0x20000010       0x40 ./drivers_config/mss_ace/ace_config.o
                0x20000010                g_ace_adc_config
                0x20000018                g_ace_channel_desc_table
                0x20000028                g_sse_sequences_desc_table
 .data          0x20000050        0x0 ./drivers/mss_uart/mss_uart.o
 .data          0x20000050        0x0 ./drivers/mss_gpio/mss_gpio.o
 .data          0x20000050        0x0 ./drivers/mss_ace/ace_convert.o
 .data          0x20000050        0x0 ./drivers/mss_ace/ace_flags.o
 .data          0x20000050        0x0 ./drivers/mss_ace/ace_sse.o
 .data          0x20000050        0x0 ./drivers/mss_ace/ace_transform.o
 .data          0x20000050        0x0 ./drivers/mss_ace/mss_ace.o
 .data          0x20000050        0x0 ./drivers/CoreUARTapb/core_uart_apb.o
 .data          0x20000050        0x0 ./drivers/CorePWM/core_pwm.o
 .data          0x20000050        0x0 ./CMSIS/brownout_isr.o
 .data          0x20000050        0x0 ./CMSIS/core_cm3.o
 .data          0x20000050       0x18 ./CMSIS/system_a2fxxxm3.o
                0x20000050                SystemFrequency
                0x20000054                SystemCoreClock
                0x20000058                g_FrequencyPCLK0
                0x2000005c                g_FrequencyPCLK1
                0x20000060                g_FrequencyACE
                0x20000064                g_FrequencyFPGA
 .data          0x20000068        0x4 ./CMSIS/startup_gcc/newlib_stubs.o
                0x20000068                environ
 .data          0x2000006c        0x0 ./CMSIS/startup_gcc/startup_a2fxxxm3.o
 .data          0x2000006c        0x0 c:/actel/libero_v9.1/softconsole/sourcery-g++/bin/../lib/gcc/arm-none-eabi/4.4.1/thumb2\libgcc.a(_arm_addsubdf3.o)
 .data          0x2000006c        0x0 c:/actel/libero_v9.1/softconsole/sourcery-g++/bin/../lib/gcc/arm-none-eabi/4.4.1/thumb2\libgcc.a(_arm_muldivdf3.o)
 .data          0x2000006c        0x0 c:/actel/libero_v9.1/softconsole/sourcery-g++/bin/../lib/gcc/arm-none-eabi/4.4.1/thumb2\libgcc.a(_arm_fixdfsi.o)
 .data          0x2000006c        0x0 c:/actel/libero_v9.1/softconsole/sourcery-g++/bin/../lib/gcc/arm-none-eabi/4.4.1/../../../../arm-none-eabi/lib/thumb2\libc.a(lib_a-bzero.o)
 .data          0x2000006c        0x0 c:/actel/libero_v9.1/softconsole/sourcery-g++/bin/../lib/gcc/arm-none-eabi/4.4.1/../../../../arm-none-eabi/lib/thumb2\libc.a(lib_a-errno.o)
 .data          0x2000006c       0xf4 c:/actel/libero_v9.1/softconsole/sourcery-g++/bin/../lib/gcc/arm-none-eabi/4.4.1/../../../../arm-none-eabi/lib/thumb2\libc.a(lib_a-impure.o)
                0x2000006c                _impure_ptr
 .data          0x20000160        0x0 c:/actel/libero_v9.1/softconsole/sourcery-g++/bin/../lib/gcc/arm-none-eabi/4.4.1/../../../../arm-none-eabi/lib/thumb2\libc.a(lib_a-init.o)
 .data          0x20000160        0x0 c:/actel/libero_v9.1/softconsole/sourcery-g++/bin/../lib/gcc/arm-none-eabi/4.4.1/../../../../arm-none-eabi/lib/thumb2\libc.a(lib_a-printf.o)
 .data          0x20000160        0x0 c:/actel/libero_v9.1/softconsole/sourcery-g++/bin/../lib/gcc/arm-none-eabi/4.4.1/../../../../arm-none-eabi/lib/thumb2\libc.a(lib_a-sprintf.o)
 .data          0x20000160        0x0 c:/actel/libero_v9.1/softconsole/sourcery-g++/bin/../lib/gcc/arm-none-eabi/4.4.1/../../../../arm-none-eabi/lib/thumb2\libc.a(lib_a-sscanf.o)
 .data          0x20000160        0x0 c:/actel/libero_v9.1/softconsole/sourcery-g++/bin/../lib/gcc/arm-none-eabi/4.4.1/../../../../arm-none-eabi/lib/thumb2\libc.a(lib_a-strlen.o)
 .data          0x20000160        0x0 c:/actel/libero_v9.1/softconsole/sourcery-g++/bin/../lib/gcc/arm-none-eabi/4.4.1/../../../../arm-none-eabi/lib/thumb2\libc.a(lib_a-strncmp.o)
 .data          0x20000160        0x0 c:/actel/libero_v9.1/softconsole/sourcery-g++/bin/../lib/gcc/arm-none-eabi/4.4.1/../../../../arm-none-eabi/lib/thumb2\libc.a(lib_a-svfprintf.o)
 .data          0x20000160        0x0 c:/actel/libero_v9.1/softconsole/sourcery-g++/bin/../lib/gcc/arm-none-eabi/4.4.1/../../../../arm-none-eabi/lib/thumb2\libc.a(lib_a-svfscanf.o)
 .data          0x20000160        0x0 c:/actel/libero_v9.1/softconsole/sourcery-g++/bin/../lib/gcc/arm-none-eabi/4.4.1/../../../../arm-none-eabi/lib/thumb2\libc.a(lib_a-ungetc.o)
 .data          0x20000160        0x0 c:/actel/libero_v9.1/softconsole/sourcery-g++/bin/../lib/gcc/arm-none-eabi/4.4.1/../../../../arm-none-eabi/lib/thumb2\libc.a(lib_a-vfprintf.o)
 .data          0x20000160        0x0 c:/actel/libero_v9.1/softconsole/sourcery-g++/bin/../lib/gcc/arm-none-eabi/4.4.1/../../../../arm-none-eabi/lib/thumb2\libc.a(lib_a-wsetup.o)
 .data          0x20000160        0x8 c:/actel/libero_v9.1/softconsole/sourcery-g++/bin/../lib/gcc/arm-none-eabi/4.4.1/../../../../arm-none-eabi/lib/thumb2\libc.a(lib_a-ctype_.o)
                0x20000160                __ctype_ptr
                0x20000164                __ctype_ptr__
 .data          0x20000168        0x0 c:/actel/libero_v9.1/softconsole/sourcery-g++/bin/../lib/gcc/arm-none-eabi/4.4.1/../../../../arm-none-eabi/lib/thumb2\libc.a(lib_a-dtoa.o)
 .data          0x20000168        0x0 c:/actel/libero_v9.1/softconsole/sourcery-g++/bin/../lib/gcc/arm-none-eabi/4.4.1/../../../../arm-none-eabi/lib/thumb2\libc.a(lib_a-fflush.o)
 .data          0x20000168        0x0 c:/actel/libero_v9.1/softconsole/sourcery-g++/bin/../lib/gcc/arm-none-eabi/4.4.1/../../../../arm-none-eabi/lib/thumb2\libc.a(lib_a-findfp.o)
 .data          0x20000168        0x0 c:/actel/libero_v9.1/softconsole/sourcery-g++/bin/../lib/gcc/arm-none-eabi/4.4.1/../../../../arm-none-eabi/lib/thumb2\libc.a(lib_a-freer.o)
 .data          0x20000168        0x0 c:/actel/libero_v9.1/softconsole/sourcery-g++/bin/../lib/gcc/arm-none-eabi/4.4.1/../../../../arm-none-eabi/lib/thumb2\libc.a(lib_a-fvwrite.o)
 .data          0x20000168        0x0 c:/actel/libero_v9.1/softconsole/sourcery-g++/bin/../lib/gcc/arm-none-eabi/4.4.1/../../../../arm-none-eabi/lib/thumb2\libc.a(lib_a-fwalk.o)
 .data          0x20000168        0x0 c:/actel/libero_v9.1/softconsole/sourcery-g++/bin/../lib/gcc/arm-none-eabi/4.4.1/../../../../arm-none-eabi/lib/thumb2\libc.a(lib_a-iswspace.o)
 .data          0x20000168       0x10 c:/actel/libero_v9.1/softconsole/sourcery-g++/bin/../lib/gcc/arm-none-eabi/4.4.1/../../../../arm-none-eabi/lib/thumb2\libc.a(lib_a-locale.o)
                0x20000168                __mb_cur_max
                0x2000016c                __lc_ctype
 .data          0x20000178        0x0 c:/actel/libero_v9.1/softconsole/sourcery-g++/bin/../lib/gcc/arm-none-eabi/4.4.1/../../../../arm-none-eabi/lib/thumb2\libc.a(lib_a-makebuf.o)
 .data          0x20000178        0x0 c:/actel/libero_v9.1/softconsole/sourcery-g++/bin/../lib/gcc/arm-none-eabi/4.4.1/../../../../arm-none-eabi/lib/thumb2\libc.a(lib_a-malloc.o)
 .data          0x20000178      0x410 c:/actel/libero_v9.1/softconsole/sourcery-g++/bin/../lib/gcc/arm-none-eabi/4.4.1/../../../../arm-none-eabi/lib/thumb2\libc.a(lib_a-mallocr.o)
                0x20000178                __malloc_av_
                0x20000580                __malloc_sbrk_base
                0x20000584                __malloc_trim_threshold
 .data          0x20000588        0x0 c:/actel/libero_v9.1/softconsole/sourcery-g++/bin/../lib/gcc/arm-none-eabi/4.4.1/../../../../arm-none-eabi/lib/thumb2\libc.a(lib_a-mbrtowc.o)
 .data          0x20000588        0x0 c:/actel/libero_v9.1/softconsole/sourcery-g++/bin/../lib/gcc/arm-none-eabi/4.4.1/../../../../arm-none-eabi/lib/thumb2\libc.a(lib_a-mbtowc_r.o)
 .data          0x20000588        0x0 c:/actel/libero_v9.1/softconsole/sourcery-g++/bin/../lib/gcc/arm-none-eabi/4.4.1/../../../../arm-none-eabi/lib/thumb2\libc.a(lib_a-memchr.o)
 .data          0x20000588        0x0 c:/actel/libero_v9.1/softconsole/sourcery-g++/bin/../lib/gcc/arm-none-eabi/4.4.1/../../../../arm-none-eabi/lib/thumb2\libc.a(lib_a-memcpy.o)
 .data          0x20000588        0x0 c:/actel/libero_v9.1/softconsole/sourcery-g++/bin/../lib/gcc/arm-none-eabi/4.4.1/../../../../arm-none-eabi/lib/thumb2\libc.a(lib_a-memmove.o)
 .data          0x20000588        0x0 c:/actel/libero_v9.1/softconsole/sourcery-g++/bin/../lib/gcc/arm-none-eabi/4.4.1/../../../../arm-none-eabi/lib/thumb2\libc.a(lib_a-memset.o)
 .data          0x20000588        0x0 c:/actel/libero_v9.1/softconsole/sourcery-g++/bin/../lib/gcc/arm-none-eabi/4.4.1/../../../../arm-none-eabi/lib/thumb2\libc.a(lib_a-mlock.o)
 .data          0x20000588        0x0 c:/actel/libero_v9.1/softconsole/sourcery-g++/bin/../lib/gcc/arm-none-eabi/4.4.1/../../../../arm-none-eabi/lib/thumb2\libc.a(lib_a-mprec.o)
 .data          0x20000588        0x0 c:/actel/libero_v9.1/softconsole/sourcery-g++/bin/../lib/gcc/arm-none-eabi/4.4.1/../../../../arm-none-eabi/lib/thumb2\libc.a(lib_a-reallocr.o)
 .data          0x20000588        0x0 c:/actel/libero_v9.1/softconsole/sourcery-g++/bin/../lib/gcc/arm-none-eabi/4.4.1/../../../../arm-none-eabi/lib/thumb2\libc.a(lib_a-s_isinfd.o)
 .data          0x20000588        0x0 c:/actel/libero_v9.1/softconsole/sourcery-g++/bin/../lib/gcc/arm-none-eabi/4.4.1/../../../../arm-none-eabi/lib/thumb2\libc.a(lib_a-s_isnand.o)
 .data          0x20000588        0x0 c:/actel/libero_v9.1/softconsole/sourcery-g++/bin/../lib/gcc/arm-none-eabi/4.4.1/../../../../arm-none-eabi/lib/thumb2\libc.a(lib_a-sbrkr.o)
 .data          0x20000588        0x0 c:/actel/libero_v9.1/softconsole/sourcery-g++/bin/../lib/gcc/arm-none-eabi/4.4.1/../../../../arm-none-eabi/lib/thumb2\libc.a(lib_a-sccl.o)
 .data          0x20000588        0x0 c:/actel/libero_v9.1/softconsole/sourcery-g++/bin/../lib/gcc/arm-none-eabi/4.4.1/../../../../arm-none-eabi/lib/thumb2\libc.a(lib_a-sf_nan.o)
 .data          0x20000588        0x0 c:/actel/libero_v9.1/softconsole/sourcery-g++/bin/../lib/gcc/arm-none-eabi/4.4.1/../../../../arm-none-eabi/lib/thumb2\libc.a(lib_a-stdio.o)
 .data          0x20000588        0x0 c:/actel/libero_v9.1/softconsole/sourcery-g++/bin/../lib/gcc/arm-none-eabi/4.4.1/../../../../arm-none-eabi/lib/thumb2\libc.a(lib_a-strcmp.o)
 .data          0x20000588       0x28 c:/actel/libero_v9.1/softconsole/sourcery-g++/bin/../lib/gcc/arm-none-eabi/4.4.1/../../../../arm-none-eabi/lib/thumb2\libc.a(lib_a-strtod.o)
 .data          0x200005b0        0x0 c:/actel/libero_v9.1/softconsole/sourcery-g++/bin/../lib/gcc/arm-none-eabi/4.4.1/../../../../arm-none-eabi/lib/thumb2\libc.a(lib_a-strtol.o)
 .data          0x200005b0        0x0 c:/actel/libero_v9.1/softconsole/sourcery-g++/bin/../lib/gcc/arm-none-eabi/4.4.1/../../../../arm-none-eabi/lib/thumb2\libc.a(lib_a-strtoll_r.o)
 .data          0x200005b0        0x0 c:/actel/libero_v9.1/softconsole/sourcery-g++/bin/../lib/gcc/arm-none-eabi/4.4.1/../../../../arm-none-eabi/lib/thumb2\libc.a(lib_a-strtoul.o)
 .data          0x200005b0        0x0 c:/actel/libero_v9.1/softconsole/sourcery-g++/bin/../lib/gcc/arm-none-eabi/4.4.1/../../../../arm-none-eabi/lib/thumb2\libc.a(lib_a-strtoull_r.o)
 .data          0x200005b0        0x0 c:/actel/libero_v9.1/softconsole/sourcery-g++/bin/../lib/gcc/arm-none-eabi/4.4.1/../../../../arm-none-eabi/lib/thumb2\libc.a(lib_a-callocr.o)
 .data          0x200005b0        0x0 c:/actel/libero_v9.1/softconsole/sourcery-g++/bin/../lib/gcc/arm-none-eabi/4.4.1/../../../../arm-none-eabi/lib/thumb2\libc.a(lib_a-closer.o)
 .data          0x200005b0        0x0 c:/actel/libero_v9.1/softconsole/sourcery-g++/bin/../lib/gcc/arm-none-eabi/4.4.1/../../../../arm-none-eabi/lib/thumb2\libc.a(lib_a-fclose.o)
 .data          0x200005b0        0x0 c:/actel/libero_v9.1/softconsole/sourcery-g++/bin/../lib/gcc/arm-none-eabi/4.4.1/../../../../arm-none-eabi/lib/thumb2\libc.a(lib_a-fstatr.o)
 .data          0x200005b0        0x0 c:/actel/libero_v9.1/softconsole/sourcery-g++/bin/../lib/gcc/arm-none-eabi/4.4.1/../../../../arm-none-eabi/lib/thumb2\libc.a(lib_a-gdtoa-gethex.o)
 .data          0x200005b0        0x0 c:/actel/libero_v9.1/softconsole/sourcery-g++/bin/../lib/gcc/arm-none-eabi/4.4.1/../../../../arm-none-eabi/lib/thumb2\libc.a(lib_a-gdtoa-hexnan.o)
 .data          0x200005b0        0x0 c:/actel/libero_v9.1/softconsole/sourcery-g++/bin/../lib/gcc/arm-none-eabi/4.4.1/../../../../arm-none-eabi/lib/thumb2\libc.a(lib_a-isattyr.o)
 .data          0x200005b0        0x0 c:/actel/libero_v9.1/softconsole/sourcery-g++/bin/../lib/gcc/arm-none-eabi/4.4.1/../../../../arm-none-eabi/lib/thumb2\libc.a(lib_a-lseekr.o)
 .data          0x200005b0        0x0 c:/actel/libero_v9.1/softconsole/sourcery-g++/bin/../lib/gcc/arm-none-eabi/4.4.1/../../../../arm-none-eabi/lib/thumb2\libc.a(lib_a-readr.o)
 .data          0x200005b0        0x0 c:/actel/libero_v9.1/softconsole/sourcery-g++/bin/../lib/gcc/arm-none-eabi/4.4.1/../../../../arm-none-eabi/lib/thumb2\libc.a(lib_a-reent.o)
 .data          0x200005b0        0x0 c:/actel/libero_v9.1/softconsole/sourcery-g++/bin/../lib/gcc/arm-none-eabi/4.4.1/thumb2\libgcc.a(_udivsi3.o)
 .data          0x200005b0        0x0 c:/actel/libero_v9.1/softconsole/sourcery-g++/bin/../lib/gcc/arm-none-eabi/4.4.1/thumb2\libgcc.a(_dvmd_tls.o)
 .data          0x200005b0        0x0 c:/actel/libero_v9.1/softconsole/sourcery-g++/bin/../lib/gcc/arm-none-eabi/4.4.1/thumb2\libgcc.a(_arm_cmpdf2.o)
 .data          0x200005b0        0x0 c:/actel/libero_v9.1/softconsole/sourcery-g++/bin/../lib/gcc/arm-none-eabi/4.4.1/thumb2\libgcc.a(_arm_fixunsdfsi.o)
 .data          0x200005b0        0x0 c:/actel/libero_v9.1/softconsole/sourcery-g++/bin/../lib/gcc/arm-none-eabi/4.4.1/thumb2\libgcc.a(_arm_truncdfsf2.o)
 .data          0x200005b0        0x0 c:/actel/libero_v9.1/softconsole/sourcery-g++/bin/../lib/gcc/arm-none-eabi/4.4.1/thumb2\libgcc.a(_arm_cmpsf2.o)
 .data          0x200005b0        0x0 c:/actel/libero_v9.1/softconsole/sourcery-g++/bin/../lib/gcc/arm-none-eabi/4.4.1/thumb2\libgcc.a(_aeabi_uldivmod.o)
 .data          0x200005b0        0x0 c:/actel/libero_v9.1/softconsole/sourcery-g++/bin/../lib/gcc/arm-none-eabi/4.4.1/thumb2\libgcc.a(bpabi.o)
 .data          0x200005b0        0x0 c:/actel/libero_v9.1/softconsole/sourcery-g++/bin/../lib/gcc/arm-none-eabi/4.4.1/thumb2\libgcc.a(_divdi3.o)
 .data          0x200005b0        0x0 c:/actel/libero_v9.1/softconsole/sourcery-g++/bin/../lib/gcc/arm-none-eabi/4.4.1/thumb2\libgcc.a(_udivdi3.o)
 .data          0x200005b0        0x0 c:/actel/libero_v9.1/softconsole/sourcery-g++/bin/../lib/gcc/arm-none-eabi/4.4.1/thumb2/crtend.o
 .data          0x200005b0        0x0 c:/actel/libero_v9.1/softconsole/sourcery-g++/bin/../lib/gcc/arm-none-eabi/4.4.1/thumb2/crtn.o
                0x200005b0                . = ALIGN (0x4)
                0x200005b0                _edata = .

.bss            0x200005b0      0x1e8 load address 0x6001386c
                0x200005b0                __bss_start__ = .
                0x200005b0                _sbss = .
 *(.shbss)
 *(.bss .bss.* .gnu.linkonce.b.*)
 .bss           0x200005b0        0x0 c:/actel/libero_v9.1/softconsole/sourcery-g++/bin/../lib/gcc/arm-none-eabi/4.4.1/thumb2/crti.o
 .bss           0x200005b0        0x1 c:/actel/libero_v9.1/softconsole/sourcery-g++/bin/../lib/gcc/arm-none-eabi/4.4.1/thumb2/crtbegin.o
 .bss           0x200005b1        0x0 ./main.o
 .bss           0x200005b1        0x0 ./hal/CortexM3/cortex_nvic.o
 .bss           0x200005b1        0x0 ./hal/CortexM3/GNU/hal.o
 .bss           0x200005b1        0x0 ./hal/CortexM3/GNU/hal_assert.o
 .bss           0x200005b1        0x0 ./hal/CortexM3/GNU/hw_reg_access.o
 .bss           0x200005b1        0x0 ./drivers_config/mss_ace/ace_config.o
 .bss           0x200005b1        0x0 ./drivers/mss_uart/mss_uart.o
 .bss           0x200005b1        0x0 ./drivers/mss_gpio/mss_gpio.o
 *fill*         0x200005b1        0x3 00
 .bss           0x200005b4       0x10 ./drivers/mss_ace/ace_convert.o
 .bss           0x200005c4        0x0 ./drivers/mss_ace/ace_flags.o
 .bss           0x200005c4        0x0 ./drivers/mss_ace/ace_sse.o
 .bss           0x200005c4        0x0 ./drivers/mss_ace/ace_transform.o
 .bss           0x200005c4        0x0 ./drivers/mss_ace/mss_ace.o
 .bss           0x200005c4        0x0 ./drivers/CoreUARTapb/core_uart_apb.o
 .bss           0x200005c4        0x0 ./drivers/CorePWM/core_pwm.o
 .bss           0x200005c4        0x0 ./CMSIS/brownout_isr.o
 .bss           0x200005c4        0x0 ./CMSIS/core_cm3.o
 .bss           0x200005c4        0x0 ./CMSIS/system_a2fxxxm3.o
 .bss           0x200005c4        0xc ./CMSIS/startup_gcc/newlib_stubs.o
                0x200005c8                __env
 .bss           0x200005d0        0x0 ./CMSIS/startup_gcc/startup_a2fxxxm3.o
 .bss           0x200005d0        0x0 c:/actel/libero_v9.1/softconsole/sourcery-g++/bin/../lib/gcc/arm-none-eabi/4.4.1/thumb2\libgcc.a(_arm_addsubdf3.o)
 .bss           0x200005d0        0x0 c:/actel/libero_v9.1/softconsole/sourcery-g++/bin/../lib/gcc/arm-none-eabi/4.4.1/thumb2\libgcc.a(_arm_muldivdf3.o)
 .bss           0x200005d0        0x0 c:/actel/libero_v9.1/softconsole/sourcery-g++/bin/../lib/gcc/arm-none-eabi/4.4.1/thumb2\libgcc.a(_arm_fixdfsi.o)
 .bss           0x200005d0        0x0 c:/actel/libero_v9.1/softconsole/sourcery-g++/bin/../lib/gcc/arm-none-eabi/4.4.1/../../../../arm-none-eabi/lib/thumb2\libc.a(lib_a-bzero.o)
 .bss           0x200005d0        0x0 c:/actel/libero_v9.1/softconsole/sourcery-g++/bin/../lib/gcc/arm-none-eabi/4.4.1/../../../../arm-none-eabi/lib/thumb2\libc.a(lib_a-errno.o)
 .bss           0x200005d0        0x0 c:/actel/libero_v9.1/softconsole/sourcery-g++/bin/../lib/gcc/arm-none-eabi/4.4.1/../../../../arm-none-eabi/lib/thumb2\libc.a(lib_a-impure.o)
 .bss           0x200005d0        0x0 c:/actel/libero_v9.1/softconsole/sourcery-g++/bin/../lib/gcc/arm-none-eabi/4.4.1/../../../../arm-none-eabi/lib/thumb2\libc.a(lib_a-init.o)
 .bss           0x200005d0        0x0 c:/actel/libero_v9.1/softconsole/sourcery-g++/bin/../lib/gcc/arm-none-eabi/4.4.1/../../../../arm-none-eabi/lib/thumb2\libc.a(lib_a-printf.o)
 .bss           0x200005d0        0x0 c:/actel/libero_v9.1/softconsole/sourcery-g++/bin/../lib/gcc/arm-none-eabi/4.4.1/../../../../arm-none-eabi/lib/thumb2\libc.a(lib_a-sprintf.o)
 .bss           0x200005d0        0x0 c:/actel/libero_v9.1/softconsole/sourcery-g++/bin/../lib/gcc/arm-none-eabi/4.4.1/../../../../arm-none-eabi/lib/thumb2\libc.a(lib_a-sscanf.o)
 .bss           0x200005d0        0x0 c:/actel/libero_v9.1/softconsole/sourcery-g++/bin/../lib/gcc/arm-none-eabi/4.4.1/../../../../arm-none-eabi/lib/thumb2\libc.a(lib_a-strlen.o)
 .bss           0x200005d0        0x0 c:/actel/libero_v9.1/softconsole/sourcery-g++/bin/../lib/gcc/arm-none-eabi/4.4.1/../../../../arm-none-eabi/lib/thumb2\libc.a(lib_a-strncmp.o)
 .bss           0x200005d0        0x0 c:/actel/libero_v9.1/softconsole/sourcery-g++/bin/../lib/gcc/arm-none-eabi/4.4.1/../../../../arm-none-eabi/lib/thumb2\libc.a(lib_a-svfprintf.o)
 .bss           0x200005d0        0x0 c:/actel/libero_v9.1/softconsole/sourcery-g++/bin/../lib/gcc/arm-none-eabi/4.4.1/../../../../arm-none-eabi/lib/thumb2\libc.a(lib_a-svfscanf.o)
 .bss           0x200005d0        0x0 c:/actel/libero_v9.1/softconsole/sourcery-g++/bin/../lib/gcc/arm-none-eabi/4.4.1/../../../../arm-none-eabi/lib/thumb2\libc.a(lib_a-ungetc.o)
 .bss           0x200005d0        0x0 c:/actel/libero_v9.1/softconsole/sourcery-g++/bin/../lib/gcc/arm-none-eabi/4.4.1/../../../../arm-none-eabi/lib/thumb2\libc.a(lib_a-vfprintf.o)
 .bss           0x200005d0        0x0 c:/actel/libero_v9.1/softconsole/sourcery-g++/bin/../lib/gcc/arm-none-eabi/4.4.1/../../../../arm-none-eabi/lib/thumb2\libc.a(lib_a-wsetup.o)
 .bss           0x200005d0        0x0 c:/actel/libero_v9.1/softconsole/sourcery-g++/bin/../lib/gcc/arm-none-eabi/4.4.1/../../../../arm-none-eabi/lib/thumb2\libc.a(lib_a-ctype_.o)
 .bss           0x200005d0        0x0 c:/actel/libero_v9.1/softconsole/sourcery-g++/bin/../lib/gcc/arm-none-eabi/4.4.1/../../../../arm-none-eabi/lib/thumb2\libc.a(lib_a-dtoa.o)
 .bss           0x200005d0        0x0 c:/actel/libero_v9.1/softconsole/sourcery-g++/bin/../lib/gcc/arm-none-eabi/4.4.1/../../../../arm-none-eabi/lib/thumb2\libc.a(lib_a-fflush.o)
 .bss           0x200005d0        0x0 c:/actel/libero_v9.1/softconsole/sourcery-g++/bin/../lib/gcc/arm-none-eabi/4.4.1/../../../../arm-none-eabi/lib/thumb2\libc.a(lib_a-findfp.o)
 .bss           0x200005d0        0x0 c:/actel/libero_v9.1/softconsole/sourcery-g++/bin/../lib/gcc/arm-none-eabi/4.4.1/../../../../arm-none-eabi/lib/thumb2\libc.a(lib_a-freer.o)
 .bss           0x200005d0        0x0 c:/actel/libero_v9.1/softconsole/sourcery-g++/bin/../lib/gcc/arm-none-eabi/4.4.1/../../../../arm-none-eabi/lib/thumb2\libc.a(lib_a-fvwrite.o)
 .bss           0x200005d0        0x0 c:/actel/libero_v9.1/softconsole/sourcery-g++/bin/../lib/gcc/arm-none-eabi/4.4.1/../../../../arm-none-eabi/lib/thumb2\libc.a(lib_a-fwalk.o)
 .bss           0x200005d0        0x0 c:/actel/libero_v9.1/softconsole/sourcery-g++/bin/../lib/gcc/arm-none-eabi/4.4.1/../../../../arm-none-eabi/lib/thumb2\libc.a(lib_a-iswspace.o)
 .bss           0x200005d0        0xc c:/actel/libero_v9.1/softconsole/sourcery-g++/bin/../lib/gcc/arm-none-eabi/4.4.1/../../../../arm-none-eabi/lib/thumb2\libc.a(lib_a-locale.o)
                0x200005d0                __nlocale_changed
                0x200005d4                __mlocale_changed
                0x200005d8                _PathLocale
 .bss           0x200005dc        0x0 c:/actel/libero_v9.1/softconsole/sourcery-g++/bin/../lib/gcc/arm-none-eabi/4.4.1/../../../../arm-none-eabi/lib/thumb2\libc.a(lib_a-makebuf.o)
 .bss           0x200005dc        0x0 c:/actel/libero_v9.1/softconsole/sourcery-g++/bin/../lib/gcc/arm-none-eabi/4.4.1/../../../../arm-none-eabi/lib/thumb2\libc.a(lib_a-malloc.o)
 .bss           0x200005dc       0x34 c:/actel/libero_v9.1/softconsole/sourcery-g++/bin/../lib/gcc/arm-none-eabi/4.4.1/../../../../arm-none-eabi/lib/thumb2\libc.a(lib_a-mallocr.o)
                0x200005dc                __malloc_top_pad
                0x200005e0                __malloc_current_mallinfo
                0x20000608                __malloc_max_sbrked_mem
                0x2000060c                __malloc_max_total_mem
 .bss           0x20000610        0x0 c:/actel/libero_v9.1/softconsole/sourcery-g++/bin/../lib/gcc/arm-none-eabi/4.4.1/../../../../arm-none-eabi/lib/thumb2\libc.a(lib_a-mbrtowc.o)
 .bss           0x20000610        0x0 c:/actel/libero_v9.1/softconsole/sourcery-g++/bin/../lib/gcc/arm-none-eabi/4.4.1/../../../../arm-none-eabi/lib/thumb2\libc.a(lib_a-mbtowc_r.o)
 .bss           0x20000610        0x0 c:/actel/libero_v9.1/softconsole/sourcery-g++/bin/../lib/gcc/arm-none-eabi/4.4.1/../../../../arm-none-eabi/lib/thumb2\libc.a(lib_a-memchr.o)
 .bss           0x20000610        0x0 c:/actel/libero_v9.1/softconsole/sourcery-g++/bin/../lib/gcc/arm-none-eabi/4.4.1/../../../../arm-none-eabi/lib/thumb2\libc.a(lib_a-memcpy.o)
 .bss           0x20000610        0x0 c:/actel/libero_v9.1/softconsole/sourcery-g++/bin/../lib/gcc/arm-none-eabi/4.4.1/../../../../arm-none-eabi/lib/thumb2\libc.a(lib_a-memmove.o)
 .bss           0x20000610        0x0 c:/actel/libero_v9.1/softconsole/sourcery-g++/bin/../lib/gcc/arm-none-eabi/4.4.1/../../../../arm-none-eabi/lib/thumb2\libc.a(lib_a-memset.o)
 .bss           0x20000610        0x0 c:/actel/libero_v9.1/softconsole/sourcery-g++/bin/../lib/gcc/arm-none-eabi/4.4.1/../../../../arm-none-eabi/lib/thumb2\libc.a(lib_a-mlock.o)
 .bss           0x20000610        0x0 c:/actel/libero_v9.1/softconsole/sourcery-g++/bin/../lib/gcc/arm-none-eabi/4.4.1/../../../../arm-none-eabi/lib/thumb2\libc.a(lib_a-mprec.o)
 .bss           0x20000610        0x0 c:/actel/libero_v9.1/softconsole/sourcery-g++/bin/../lib/gcc/arm-none-eabi/4.4.1/../../../../arm-none-eabi/lib/thumb2\libc.a(lib_a-reallocr.o)
 .bss           0x20000610        0x0 c:/actel/libero_v9.1/softconsole/sourcery-g++/bin/../lib/gcc/arm-none-eabi/4.4.1/../../../../arm-none-eabi/lib/thumb2\libc.a(lib_a-s_isinfd.o)
 .bss           0x20000610        0x0 c:/actel/libero_v9.1/softconsole/sourcery-g++/bin/../lib/gcc/arm-none-eabi/4.4.1/../../../../arm-none-eabi/lib/thumb2\libc.a(lib_a-s_isnand.o)
 .bss           0x20000610        0x0 c:/actel/libero_v9.1/softconsole/sourcery-g++/bin/../lib/gcc/arm-none-eabi/4.4.1/../../../../arm-none-eabi/lib/thumb2\libc.a(lib_a-sbrkr.o)
 .bss           0x20000610        0x0 c:/actel/libero_v9.1/softconsole/sourcery-g++/bin/../lib/gcc/arm-none-eabi/4.4.1/../../../../arm-none-eabi/lib/thumb2\libc.a(lib_a-sccl.o)
 .bss           0x20000610        0x0 c:/actel/libero_v9.1/softconsole/sourcery-g++/bin/../lib/gcc/arm-none-eabi/4.4.1/../../../../arm-none-eabi/lib/thumb2\libc.a(lib_a-sf_nan.o)
 .bss           0x20000610        0x0 c:/actel/libero_v9.1/softconsole/sourcery-g++/bin/../lib/gcc/arm-none-eabi/4.4.1/../../../../arm-none-eabi/lib/thumb2\libc.a(lib_a-stdio.o)
 .bss           0x20000610        0x0 c:/actel/libero_v9.1/softconsole/sourcery-g++/bin/../lib/gcc/arm-none-eabi/4.4.1/../../../../arm-none-eabi/lib/thumb2\libc.a(lib_a-strcmp.o)
 .bss           0x20000610        0x0 c:/actel/libero_v9.1/softconsole/sourcery-g++/bin/../lib/gcc/arm-none-eabi/4.4.1/../../../../arm-none-eabi/lib/thumb2\libc.a(lib_a-strtod.o)
 .bss           0x20000610        0x0 c:/actel/libero_v9.1/softconsole/sourcery-g++/bin/../lib/gcc/arm-none-eabi/4.4.1/../../../../arm-none-eabi/lib/thumb2\libc.a(lib_a-strtol.o)
 .bss           0x20000610        0x0 c:/actel/libero_v9.1/softconsole/sourcery-g++/bin/../lib/gcc/arm-none-eabi/4.4.1/../../../../arm-none-eabi/lib/thumb2\libc.a(lib_a-strtoll_r.o)
 .bss           0x20000610        0x0 c:/actel/libero_v9.1/softconsole/sourcery-g++/bin/../lib/gcc/arm-none-eabi/4.4.1/../../../../arm-none-eabi/lib/thumb2\libc.a(lib_a-strtoul.o)
 .bss           0x20000610        0x0 c:/actel/libero_v9.1/softconsole/sourcery-g++/bin/../lib/gcc/arm-none-eabi/4.4.1/../../../../arm-none-eabi/lib/thumb2\libc.a(lib_a-strtoull_r.o)
 .bss           0x20000610        0x0 c:/actel/libero_v9.1/softconsole/sourcery-g++/bin/../lib/gcc/arm-none-eabi/4.4.1/../../../../arm-none-eabi/lib/thumb2\libc.a(lib_a-callocr.o)
 .bss           0x20000610        0x0 c:/actel/libero_v9.1/softconsole/sourcery-g++/bin/../lib/gcc/arm-none-eabi/4.4.1/../../../../arm-none-eabi/lib/thumb2\libc.a(lib_a-closer.o)
 .bss           0x20000610        0x0 c:/actel/libero_v9.1/softconsole/sourcery-g++/bin/../lib/gcc/arm-none-eabi/4.4.1/../../../../arm-none-eabi/lib/thumb2\libc.a(lib_a-fclose.o)
 .bss           0x20000610        0x0 c:/actel/libero_v9.1/softconsole/sourcery-g++/bin/../lib/gcc/arm-none-eabi/4.4.1/../../../../arm-none-eabi/lib/thumb2\libc.a(lib_a-fstatr.o)
 .bss           0x20000610        0x0 c:/actel/libero_v9.1/softconsole/sourcery-g++/bin/../lib/gcc/arm-none-eabi/4.4.1/../../../../arm-none-eabi/lib/thumb2\libc.a(lib_a-gdtoa-gethex.o)
 .bss           0x20000610        0x0 c:/actel/libero_v9.1/softconsole/sourcery-g++/bin/../lib/gcc/arm-none-eabi/4.4.1/../../../../arm-none-eabi/lib/thumb2\libc.a(lib_a-gdtoa-hexnan.o)
 .bss           0x20000610        0x0 c:/actel/libero_v9.1/softconsole/sourcery-g++/bin/../lib/gcc/arm-none-eabi/4.4.1/../../../../arm-none-eabi/lib/thumb2\libc.a(lib_a-isattyr.o)
 .bss           0x20000610        0x0 c:/actel/libero_v9.1/softconsole/sourcery-g++/bin/../lib/gcc/arm-none-eabi/4.4.1/../../../../arm-none-eabi/lib/thumb2\libc.a(lib_a-lseekr.o)
 .bss           0x20000610        0x0 c:/actel/libero_v9.1/softconsole/sourcery-g++/bin/../lib/gcc/arm-none-eabi/4.4.1/../../../../arm-none-eabi/lib/thumb2\libc.a(lib_a-readr.o)
 .bss           0x20000610        0x0 c:/actel/libero_v9.1/softconsole/sourcery-g++/bin/../lib/gcc/arm-none-eabi/4.4.1/../../../../arm-none-eabi/lib/thumb2\libc.a(lib_a-reent.o)
 .bss           0x20000610        0x0 c:/actel/libero_v9.1/softconsole/sourcery-g++/bin/../lib/gcc/arm-none-eabi/4.4.1/thumb2\libgcc.a(_udivsi3.o)
 .bss           0x20000610        0x0 c:/actel/libero_v9.1/softconsole/sourcery-g++/bin/../lib/gcc/arm-none-eabi/4.4.1/thumb2\libgcc.a(_dvmd_tls.o)
 .bss           0x20000610        0x0 c:/actel/libero_v9.1/softconsole/sourcery-g++/bin/../lib/gcc/arm-none-eabi/4.4.1/thumb2\libgcc.a(_arm_cmpdf2.o)
 .bss           0x20000610        0x0 c:/actel/libero_v9.1/softconsole/sourcery-g++/bin/../lib/gcc/arm-none-eabi/4.4.1/thumb2\libgcc.a(_arm_fixunsdfsi.o)
 .bss           0x20000610        0x0 c:/actel/libero_v9.1/softconsole/sourcery-g++/bin/../lib/gcc/arm-none-eabi/4.4.1/thumb2\libgcc.a(_arm_truncdfsf2.o)
 .bss           0x20000610        0x0 c:/actel/libero_v9.1/softconsole/sourcery-g++/bin/../lib/gcc/arm-none-eabi/4.4.1/thumb2\libgcc.a(_arm_cmpsf2.o)
 .bss           0x20000610        0x0 c:/actel/libero_v9.1/softconsole/sourcery-g++/bin/../lib/gcc/arm-none-eabi/4.4.1/thumb2\libgcc.a(_aeabi_uldivmod.o)
 .bss           0x20000610        0x0 c:/actel/libero_v9.1/softconsole/sourcery-g++/bin/../lib/gcc/arm-none-eabi/4.4.1/thumb2\libgcc.a(bpabi.o)
 .bss           0x20000610        0x0 c:/actel/libero_v9.1/softconsole/sourcery-g++/bin/../lib/gcc/arm-none-eabi/4.4.1/thumb2\libgcc.a(_divdi3.o)
 .bss           0x20000610        0x0 c:/actel/libero_v9.1/softconsole/sourcery-g++/bin/../lib/gcc/arm-none-eabi/4.4.1/thumb2\libgcc.a(_udivdi3.o)
 .bss           0x20000610        0x0 c:/actel/libero_v9.1/softconsole/sourcery-g++/bin/../lib/gcc/arm-none-eabi/4.4.1/thumb2/crtend.o
 .bss           0x20000610        0x0 c:/actel/libero_v9.1/softconsole/sourcery-g++/bin/../lib/gcc/arm-none-eabi/4.4.1/thumb2/crtn.o
 *(COMMON)
 COMMON         0x20000610       0x34 ./main.o
                0x20000610                curr_angle
                0x20000614                triggering
                0x20000618                shots_fired
                0x2000061c                g_uart
                0x20000624                square_state
                0x20000628                motors
                0x2000062c                servos
                0x20000630                curr_trigger
                0x20000634                firing
                0x20000638                adc_handler
                0x2000063c                square_time
                0x20000640                fire_counter
 COMMON         0x20000644       0x50 ./drivers/mss_uart/mss_uart.o
                0x20000644                g_mss_uart1
                0x2000066c                g_mss_uart0
 COMMON         0x20000694      0x100 c:/actel/libero_v9.1/softconsole/sourcery-g++/bin/../lib/gcc/arm-none-eabi/4.4.1/../../../../arm-none-eabi/lib/thumb2\libc.a(lib_a-gdtoa-gethex.o)
                0x20000694                __hexdig
 COMMON         0x20000794        0x4 c:/actel/libero_v9.1/softconsole/sourcery-g++/bin/../lib/gcc/arm-none-eabi/4.4.1/../../../../arm-none-eabi/lib/thumb2\libc.a(lib_a-reent.o)
                0x20000794                errno
                0x20000798                . = ALIGN (0x8)
                0x20000798                __bss_end__ = .
                0x20000798                _end = .
                0x20000798                __end = _end
                0x20000798                _ebss = .
                0x20000798                PROVIDE (end, .)

.stab
 *(.stab)

.stabstr
 *(.stabstr)

.debug
 *(.debug)

.line
 *(.line)

.debug_srcinfo
 *(.debug_srcinfo)

.debug_sfnames
 *(.debug_sfnames)

.comment        0x00000000      0x2db
 .comment       0x00000000       0x2b ./main.o
 .comment       0x0000002b       0x2b ./hal/CortexM3/cortex_nvic.o
 .comment       0x00000056       0x2b ./hal/CortexM3/GNU/hal_assert.o
 .comment       0x00000081       0x2b ./drivers_config/mss_ace/ace_config.o
 .comment       0x000000ac       0x2b ./drivers/mss_uart/mss_uart.o
 .comment       0x000000d7       0x2b ./drivers/mss_gpio/mss_gpio.o
 .comment       0x00000102       0x2b ./drivers/mss_ace/ace_convert.o
 .comment       0x0000012d       0x2b ./drivers/mss_ace/ace_flags.o
 .comment       0x00000158       0x2b ./drivers/mss_ace/ace_sse.o
 .comment       0x00000183       0x2b ./drivers/mss_ace/ace_transform.o
 .comment       0x000001ae       0x2b ./drivers/mss_ace/mss_ace.o
 .comment       0x000001d9       0x2b ./drivers/CoreUARTapb/core_uart_apb.o
 .comment       0x00000204       0x2b ./drivers/CorePWM/core_pwm.o
 .comment       0x0000022f       0x2b ./CMSIS/brownout_isr.o
 .comment       0x0000025a       0x2b ./CMSIS/core_cm3.o
 .comment       0x00000285       0x2b ./CMSIS/system_a2fxxxm3.o
 .comment       0x000002b0       0x2b ./CMSIS/startup_gcc/newlib_stubs.o

.debug_aranges  0x00000000      0x200
 *(.debug_aranges)
 .debug_aranges
                0x00000000       0x20 ./main.o
 .debug_aranges
                0x00000020       0x20 ./hal/CortexM3/cortex_nvic.o
 .debug_aranges
                0x00000040       0x20 ./hal/CortexM3/GNU/hal_assert.o
 .debug_aranges
                0x00000060       0x20 ./drivers/mss_uart/mss_uart.o
 .debug_aranges
                0x00000080       0x20 ./drivers/mss_gpio/mss_gpio.o
 .debug_aranges
                0x000000a0       0x20 ./drivers/mss_ace/ace_convert.o
 .debug_aranges
                0x000000c0       0x20 ./drivers/mss_ace/ace_flags.o
 .debug_aranges
                0x000000e0       0x20 ./drivers/mss_ace/ace_sse.o
 .debug_aranges
                0x00000100       0x20 ./drivers/mss_ace/ace_transform.o
 .debug_aranges
                0x00000120       0x20 ./drivers/mss_ace/mss_ace.o
 .debug_aranges
                0x00000140       0x20 ./drivers/CoreUARTapb/core_uart_apb.o
 .debug_aranges
                0x00000160       0x20 ./drivers/CorePWM/core_pwm.o
 .debug_aranges
                0x00000180       0x20 ./CMSIS/brownout_isr.o
 .debug_aranges
                0x000001a0       0x20 ./CMSIS/core_cm3.o
 .debug_aranges
                0x000001c0       0x20 ./CMSIS/system_a2fxxxm3.o
 .debug_aranges
                0x000001e0       0x20 ./CMSIS/startup_gcc/newlib_stubs.o

.debug_pubnames
                0x00000000     0x18d8
 *(.debug_pubnames)
 .debug_pubnames