Archive member included because of file (symbol)

c:/actel/libero_v9.1/softconsole/sourcery-g++/bin/../lib/gcc/arm-none-eabi/4.4.1/thumb2\libgcc.a(_arm_addsubdf3.o)
                              ./main.o (__aeabi_ui2d)
c:/actel/libero_v9.1/softconsole/sourcery-g++/bin/../lib/gcc/arm-none-eabi/4.4.1/thumb2\libgcc.a(_arm_muldivdf3.o)
                              ./main.o (__aeabi_dmul)
c:/actel/libero_v9.1/softconsole/sourcery-g++/bin/../lib/gcc/arm-none-eabi/4.4.1/thumb2\libgcc.a(_arm_fixdfsi.o)
                              ./main.o (__aeabi_d2iz)
c:/actel/libero_v9.1/softconsole/sourcery-g++/bin/../lib/gcc/arm-none-eabi/4.4.1/../../../../arm-none-eabi/lib/thumb2\libc.a(lib_a-errno.o)
                              ./CMSIS/startup_gcc/newlib_stubs.o (__errno)
c:/actel/libero_v9.1/softconsole/sourcery-g++/bin/../lib/gcc/arm-none-eabi/4.4.1/../../../../arm-none-eabi/lib/thumb2\libc.a(lib_a-impure.o)
                              c:/actel/libero_v9.1/softconsole/sourcery-g++/bin/../lib/gcc/arm-none-eabi/4.4.1/../../../../arm-none-eabi/lib/thumb2\libc.a(lib_a-errno.o) (_impure_ptr)
c:/actel/libero_v9.1/softconsole/sourcery-g++/bin/../lib/gcc/arm-none-eabi/4.4.1/../../../../arm-none-eabi/lib/thumb2\libc.a(lib_a-init.o)
                              ./CMSIS/startup_gcc/startup_a2fxxxm3.o (__libc_init_array)
c:/actel/libero_v9.1/softconsole/sourcery-g++/bin/../lib/gcc/arm-none-eabi/4.4.1/../../../../arm-none-eabi/lib/thumb2\libc.a(lib_a-printf.o)
                              ./main.o (printf)
c:/actel/libero_v9.1/softconsole/sourcery-g++/bin/../lib/gcc/arm-none-eabi/4.4.1/../../../../arm-none-eabi/lib/thumb2\libc.a(lib_a-sprintf.o)
                              ./main.o (sprintf)
c:/actel/libero_v9.1/softconsole/sourcery-g++/bin/../lib/gcc/arm-none-eabi/4.4.1/../../../../arm-none-eabi/lib/thumb2\libc.a(lib_a-sscanf.o)
                              ./main.o (sscanf)
c:/actel/libero_v9.1/softconsole/sourcery-g++/bin/../lib/gcc/arm-none-eabi/4.4.1/../../../../arm-none-eabi/lib/thumb2\libc.a(lib_a-strlen.o)
                              c:/actel/libero_v9.1/softconsole/sourcery-g++/bin/../lib/gcc/arm-none-eabi/4.4.1/../../../../arm-none-eabi/lib/thumb2\libc.a(lib_a-sscanf.o) (strlen)
c:/actel/libero_v9.1/softconsole/sourcery-g++/bin/../lib/gcc/arm-none-eabi/4.4.1/../../../../arm-none-eabi/lib/thumb2\libc.a(lib_a-strncmp.o)
                              ./drivers/mss_ace/ace_sse.o (strncmp)
c:/actel/libero_v9.1/softconsole/sourcery-g++/bin/../lib/gcc/arm-none-eabi/4.4.1/../../../../arm-none-eabi/lib/thumb2\libc.a(lib_a-svfprintf.o)
                              c:/actel/libero_v9.1/softconsole/sourcery-g++/bin/../lib/gcc/arm-none-eabi/4.4.1/../../../../arm-none-eabi/lib/thumb2\libc.a(lib_a-sprintf.o) (_svfprintf_r)
c:/actel/libero_v9.1/softconsole/sourcery-g++/bin/../lib/gcc/arm-none-eabi/4.4.1/../../../../arm-none-eabi/lib/thumb2\libc.a(lib_a-svfscanf.o)
                              c:/actel/libero_v9.1/softconsole/sourcery-g++/bin/../lib/gcc/arm-none-eabi/4.4.1/../../../../arm-none-eabi/lib/thumb2\libc.a(lib_a-sscanf.o) (__ssvfscanf_r)
c:/actel/libero_v9.1/softconsole/sourcery-g++/bin/../lib/gcc/arm-none-eabi/4.4.1/../../../../arm-none-eabi/lib/thumb2\libc.a(lib_a-ungetc.o)
                              c:/actel/libero_v9.1/softconsole/sourcery-g++/bin/../lib/gcc/arm-none-eabi/4.4.1/../../../../arm-none-eabi/lib/thumb2\libc.a(lib_a-svfscanf.o) (__submore)
c:/actel/libero_v9.1/softconsole/sourcery-g++/bin/../lib/gcc/arm-none-eabi/4.4.1/../../../../arm-none-eabi/lib/thumb2\libc.a(lib_a-vfprintf.o)
                              c:/actel/libero_v9.1/softconsole/sourcery-g++/bin/../lib/gcc/arm-none-eabi/4.4.1/../../../../arm-none-eabi/lib/thumb2\libc.a(lib_a-printf.o) (_vfprintf_r)
c:/actel/libero_v9.1/softconsole/sourcery-g++/bin/../lib/gcc/arm-none-eabi/4.4.1/../../../../arm-none-eabi/lib/thumb2\libc.a(lib_a-wsetup.o)
                              c:/actel/libero_v9.1/softconsole/sourcery-g++/bin/../lib/gcc/arm-none-eabi/4.4.1/../../../../arm-none-eabi/lib/thumb2\libc.a(lib_a-vfprintf.o) (__swsetup_r)
c:/actel/libero_v9.1/softconsole/sourcery-g++/bin/../lib/gcc/arm-none-eabi/4.4.1/../../../../arm-none-eabi/lib/thumb2\libc.a(lib_a-ctype_.o)
                              c:/actel/libero_v9.1/softconsole/sourcery-g++/bin/../lib/gcc/arm-none-eabi/4.4.1/../../../../arm-none-eabi/lib/thumb2\libc.a(lib_a-svfscanf.o) (__ctype_ptr__)
c:/actel/libero_v9.1/softconsole/sourcery-g++/bin/../lib/gcc/arm-none-eabi/4.4.1/../../../../arm-none-eabi/lib/thumb2\libc.a(lib_a-dtoa.o)
                              c:/actel/libero_v9.1/softconsole/sourcery-g++/bin/../lib/gcc/arm-none-eabi/4.4.1/../../../../arm-none-eabi/lib/thumb2\libc.a(lib_a-svfprintf.o) (_dtoa_r)
c:/actel/libero_v9.1/softconsole/sourcery-g++/bin/../lib/gcc/arm-none-eabi/4.4.1/../../../../arm-none-eabi/lib/thumb2\libc.a(lib_a-fflush.o)
[...]
Memory Configuration

Name             Origin             Length             Attributes
rom              0x60000000         0x00040000         xr
romMirror        0x00000000         0x00040000         xr
ram              0x20000000         0x00010000         xrw
*default*        0x00000000         0xffffffff

Linker script and memory map

LOAD c:/actel/libero_v9.1/softconsole/sourcery-g++/bin/../lib/gcc/arm-none-eabi/4.4.1/thumb2/crti.o
LOAD c:/actel/libero_v9.1/softconsole/sourcery-g++/bin/../lib/gcc/arm-none-eabi/4.4.1/thumb2/crtbegin.o
LOAD ./core_pwm.o
LOAD ./main.o
LOAD ./hal/CortexM3/cortex_nvic.o
LOAD ./hal/CortexM3/GNU/hal.o
LOAD ./hal/CortexM3/GNU/hal_assert.o
LOAD ./hal/CortexM3/GNU/hw_reg_access.o
LOAD ./drivers_config/mss_ace/ace_config.o
LOAD ./drivers/mss_uart/mss_uart.o
LOAD ./drivers/mss_gpio/mss_gpio.o
LOAD ./drivers/mss_ace/ace_convert.o
LOAD ./drivers/mss_ace/ace_flags.o
LOAD ./drivers/mss_ace/ace_sse.o
LOAD ./drivers/mss_ace/ace_transform.o
LOAD ./drivers/mss_ace/mss_ace.o
LOAD ./drivers/CoreUARTapb/core_uart_apb.o
LOAD ./CMSIS/brownout_isr.o
LOAD ./CMSIS/core_cm3.o
LOAD ./CMSIS/system_a2fxxxm3.o
LOAD ./CMSIS/startup_gcc/newlib_stubs.o
LOAD ./CMSIS/startup_gcc/startup_a2fxxxm3.o
START GROUP
LOAD c:/actel/libero_v9.1/softconsole/sourcery-g++/bin/../lib/gcc/arm-none-eabi/4.4.1/thumb2\libgcc.a
LOAD c:/actel/libero_v9.1/softconsole/sourcery-g++/bin/../lib/gcc/arm-none-eabi/4.4.1/../../../../arm-none-eabi/lib/thumb2\libc.a
LOAD c:/actel/libero_v9.1/softconsole/sourcery-g++/bin/../lib/gcc/arm-none-eabi/4.4.1/thumb2\libgcc.a
END GROUP
LOAD c:/actel/libero_v9.1/softconsole/sourcery-g++/bin/../lib/gcc/arm-none-eabi/4.4.1/thumb2/crtend.o
LOAD c:/actel/libero_v9.1/softconsole/sourcery-g++/bin/../lib/gcc/arm-none-eabi/4.4.1/thumb2/crtn.o
START GROUP
LOAD c:/actel/libero_v9.1/softconsole/sourcery-g++/bin/../lib/gcc/arm-none-eabi/4.4.1/../../../../arm-none-eabi/lib/thumb2\libc.a
LOAD c:/actel/libero_v9.1/softconsole/sourcery-g++/bin/../lib/gcc/arm-none-eabi/4.4.1/thumb2\libgcc.a
LOAD c:/actel/libero_v9.1/softconsole/sourcery-g++/bin/../lib/gcc/arm-none-eabi/4.4.1/../../../../arm-none-eabi/lib/thumb2\libm.a
END GROUP
                0x00000000                __DYNAMIC = 0x0
                0x20000000                RAM_START_ADDRESS = 0x20000000
                0x00010000                RAM_SIZE = 0x10000
                0x00002000                MAIN_STACK_SIZE = 0x2000
                0x00001000                PROCESS_STACK_SIZE = 0x1000
                0x20010000                PROVIDE (__main_stack_start, (RAM_START_ADDRESS + RAM_SIZE))
                0x2000e000                PROVIDE (__process_stack_start, (__main_stack_start - MAIN_STACK_SIZE))
                0x20010000                PROVIDE (_estack, __main_stack_start)
                0x00000001                PROVIDE (__mirrored_nvm, 0x1)

.init           0x00000000      0x470 load address 0x60000000
 *(.isr_vector)
 .isr_vector    0x00000000      0x470 ./CMSIS/startup_gcc/startup_a2fxxxm3.o
                0x00000000                g_pfnVectors
                0x00000298                Reset_Handler
                0x00000308                NMI_Handler
                0x0000030a                HardFault_Handler
                0x0000030c                MemManage_Handler
                0x0000030e                BusFault_Handler
                0x00000310                UsageFault_Handler
                0x00000312                SVC_Handler
                0x00000314                DebugMon_Handler
                0x00000316                PendSV_Handler
                0x00000318                SysTick_Handler
                0x0000031a                WdogWakeup_IRQHandler
                0x0000031e                BrownOut_3_3V_IRQHandler
                0x00000320                RTC_Match_IRQHandler
                0x00000322                RTCIF_Pub_IRQHandler
                0x00000324                EthernetMAC_IRQHandler
                0x00000326                IAP_IRQHandler
                0x00000328                ENVM0_IRQHandler
                0x0000032a                ENVM1_IRQHandler
                0x0000032c                DMA_IRQHandler
                0x00000332                SPI0_IRQHandler
                0x00000334                SPI1_IRQHandler
                0x00000336                I2C0_IRQHandler
                0x00000338                I2C0_SMBAlert_IRQHandler
                0x0000033a                I2C0_SMBus_IRQHandler
                0x0000033c                I2C1_IRQHandler
                0x0000033e                I2C1_SMBAlert_IRQHandler
                0x00000340                I2C1_SMBus_IRQHandler
                0x00000342                Timer1_IRQHandler
                0x00000344                Timer2_IRQHandler
                0x00000346                PLL_Lock_IRQHandler
                0x00000348                PLL_LockLost_IRQHandler
                0x0000034a                CommError_IRQHandler
                0x0000034c                Fabric_IRQHandler
                0x0000034e                GPIO0_IRQHandler
                0x00000350                GPIO1_IRQHandler
                0x00000352                GPIO2_IRQHandler
                0x00000354                GPIO3_IRQHandler
                0x00000356                GPIO4_IRQHandler
                0x00000358                GPIO5_IRQHandler
                0x0000035a                GPIO6_IRQHandler
                0x0000035c                GPIO7_IRQHandler
                0x0000035e                GPIO8_IRQHandler
                0x00000360                GPIO9_IRQHandler
                0x00000362                GPIO10_IRQHandler
                0x00000364                GPIO11_IRQHandler
                0x00000366                GPIO12_IRQHandler
                0x00000368                GPIO13_IRQHandler
                0x0000036a                GPIO14_IRQHandler
                0x0000036c                GPIO15_IRQHandler
                0x0000036e                GPIO16_IRQHandler
                0x00000370                GPIO17_IRQHandler
                0x00000372                GPIO18_IRQHandler
                0x00000374                GPIO19_IRQHandler
                0x00000376                GPIO20_IRQHandler
                0x00000378                GPIO21_IRQHandler
                0x0000037a                GPIO22_IRQHandler
                0x0000037c                GPIO23_IRQHandler
                0x0000037e                GPIO24_IRQHandler
                0x00000380                GPIO25_IRQHandler
                0x00000382                GPIO26_IRQHandler
                0x00000384                GPIO27_IRQHandler
                0x00000386                GPIO28_IRQHandler
                0x00000388                GPIO29_IRQHandler
                0x0000038a                GPIO30_IRQHandler
                0x0000038c                GPIO31_IRQHandler
                0x0000038e                ACE_PC0_Flag0_IRQHandler
                0x00000390                ACE_PC0_Flag1_IRQHandler
                0x00000392                ACE_PC0_Flag2_IRQHandler
                0x00000394                ACE_PC0_Flag3_IRQHandler
                0x00000396                ACE_PC1_Flag0_IRQHandler
                0x00000398                ACE_PC1_Flag1_IRQHandler
                0x0000039a                ACE_PC1_Flag2_IRQHandler
                0x0000039c                ACE_PC1_Flag3_IRQHandler
                0x0000039e                ACE_PC2_Flag0_IRQHandler
                0x000003a0                ACE_PC2_Flag1_IRQHandler
                0x000003a2                ACE_PC2_Flag2_IRQHandler
                0x000003a4                ACE_PC2_Flag3_IRQHandler
                0x000003a6                ACE_ADC0_DataValid_IRQHandler
                0x000003a8                ACE_ADC1_DataValid_IRQHandler
                0x000003aa                ACE_ADC2_DataValid_IRQHandler
                0x000003ac                ACE_ADC0_CalDone_IRQHandler
                0x000003ae                ACE_ADC1_CalDone_IRQHandler
                0x000003b0                ACE_ADC2_CalDone_IRQHandler
                0x000003b2                ACE_ADC0_CalStart_IRQHandler
                0x000003b4                ACE_ADC1_CalStart_IRQHandler
                0x000003b6                ACE_ADC2_CalStart_IRQHandler
                0x000003b8                ACE_Comp0_Fall_IRQHandler
                0x000003ba                ACE_Comp1_Fall_IRQHandler
                0x000003bc                ACE_Comp2_Fall_IRQHandler
                0x000003be                ACE_Comp3_Fall_IRQHandler
                0x000003c0                ACE_Comp4_Fall_IRQHandler
                0x000003c2                ACE_Comp5_Fall_IRQHandler
                0x000003c4                ACE_Comp6_Fall_IRQHandler
                0x000003c6                ACE_Comp7_Fall_IRQHandler
                0x000003c8                ACE_Comp8_Fall_IRQHandler
                0x000003ca                ACE_Comp9_Fall_IRQHandler
                0x000003cc                ACE_Comp10_Fall_IRQHandler
                0x000003ce                ACE_Comp11_Fall_IRQHandler
                0x000003d0                ACE_Comp0_Rise_IRQHandler
                0x000003d2                ACE_Comp1_Rise_IRQHandler
                0x000003d4                ACE_Comp2_Rise_IRQHandler
                0x000003d6                ACE_Comp3_Rise_IRQHandler
                0x000003d8                ACE_Comp4_Rise_IRQHandler
                0x000003da                ACE_Comp5_Rise_IRQHandler
                0x000003dc                ACE_Comp6_Rise_IRQHandler
                0x000003de                ACE_Comp7_Rise_IRQHandler
                0x000003e0                ACE_Comp8_Rise_IRQHandler
                0x000003e2                ACE_Comp9_Rise_IRQHandler
                0x000003e4                ACE_Comp10_Rise_IRQHandler
                0x000003e6                ACE_Comp11_Rise_IRQHandler
                0x000003e8                ACE_ADC0_FifoFull_IRQHandler
                0x000003ea                ACE_ADC0_FifoAFull_IRQHandler
                0x000003ec                ACE_ADC0_FifoEmpty_IRQHandler
                0x000003ee                ACE_ADC1_FifoFull_IRQHandler
                0x000003f0                ACE_ADC1_FifoAFull_IRQHandler
                0x000003f2                ACE_ADC1_FifoEmpty_IRQHandler
                0x000003f4                ACE_ADC2_FifoFull_IRQHandler
                0x000003f6                ACE_ADC2_FifoAFull_IRQHandler
                0x000003f8                ACE_ADC2_FifoEmpty_IRQHandler
 *sys_boot.o(.text)
                0x00000470                . = ALIGN (0x4)

.text           0x00000470    0x12504 load address 0x60000470
 CREATE_OBJECT_SYMBOLS
                0x60000470                __text_load = LOADADDR (.text)
                0x00000470                __text_start = .
 *(.text .text.* .gnu.linkonce.t.*)
 .text          0x00000470        0x0 c:/actel/libero_v9.1/softconsole/sourcery-g++/bin/../lib/gcc/arm-none-eabi/4.4.1/thumb2/crti.o
 .text          0x00000470       0x30 c:/actel/libero_v9.1/softconsole/sourcery-g++/bin/../lib/gcc/arm-none-eabi/4.4.1/thumb2/crtbegin.o
 .text          0x000004a0     0x13cc ./core_pwm.o
                0x000004a0                PWM_init
                0x00000648                PWM_enable
                0x00000744                PWM_disable
                0x0000084c                PWM_enable_synch_update
                0x000008a8                PWM_disable_synch_update
                0x00000904                PWM_set_duty_cycle
                0x00000a64                PWM_set_edges
                0x00000c2c                PWM_get_duty_cycle
                0x00000d88                PWM_generate_aligned_wave
                0x00000fc0                PWM_enable_stretch_pulse
                0x000010b0                PWM_disable_stretch_pulse
                0x000011a8                PWM_tach_init
                0x00001244                PWM_tach_set_mode
                0x00001350                PWM_tach_read_value
                0x000013ec                PWM_tach_clear_status
                0x00001484                PWM_tach_read_status
                0x00001530                PWM_tach_get_irq_source
                0x000015ec                PWM_tach_enable_irq
                0x000016dc                PWM_tach_disable_irq
                0x000017d4                PWM_tach_clear_irq
 *fill*         0x0000186c        0x4 00
 .text          0x00001870      0x628 ./main.o
                0x00001870                start_gun
                0x00001884                stop_gun
                0x00001898                pwm_init
                0x000018dc                wheel1
                0x0000198c                wheel2
                0x00001a3c                wheel3
                0x00001aec                wheel4
                0x00001b9c                set_gun_angle
                0x00001bc8                range_init
                0x00001bec                get_range
                0x00001cc8                main
 .text          0x00001e98       0x78 ./hal/CortexM3/cortex_nvic.o
                0x00001e98                NVIC_init
                0x00001ea4                NVIC_set_handler
                0x00001ebc                NVIC_set_priority
                0x00001ed4                NVIC_enable_interrupt
                0x00001ee8                NVIC_disable_interrupt
                0x00001efc                NVIC_clear_interrupt
 .text          0x00001f10        0xe ./hal/CortexM3/GNU/hal.o
                0x00001f10                HAL_disable_interrupts
                0x00001f18                HAL_restore_interrupts
 *fill*         0x00001f1e        0x2 00
 .text          0x00001f20       0x28 ./hal/CortexM3/GNU/hal_assert.o
                0x00001f20                HAL_assert_fail
 .text          0x00001f48       0x90 ./hal/CortexM3/GNU/hw_reg_access.o
                0x00001f48                HW_set_32bit_reg
                0x00001f4c                HW_get_32bit_reg
                0x00001f50                HW_set_32bit_reg_field
                0x00001f6c                HW_get_32bit_reg_field
                0x00001f78                HW_set_16bit_reg
                0x00001f7c                HW_get_16bit_reg
                0x00001f80                HW_set_16bit_reg_field
                0x00001f9c                HW_get_16bit_reg_field
                0x00001fa8                HW_set_8bit_reg
                0x00001fac                HW_get_8bit_reg
                0x00001fb0                HW_set_8bit_reg_field
                0x00001fcc                HW_get_8bit_reg_field
 .text          0x00001fd8        0x0 ./drivers_config/mss_ace/ace_config.o
 .text          0x00001fd8      0xee4 ./drivers/mss_uart/mss_uart.o
                0x00002088                MSS_UART_init
                0x0000228c                MSS_UART_polled_tx
                0x00002370                MSS_UART_polled_tx_string
                0x00002440                MSS_UART_irq_tx
                0x000024f0                MSS_UART_tx_complete
                0x00002580                MSS_UART_get_rx
                0x0000265c                MSS_UART_enable_irq
                0x000026d8                MSS_UART_disable_irq
                0x00002984                MSS_UART_set_rx_handler
                0x00002a2c                MSS_UART_set_loopback
                0x00002a9c                UART0_IRQHandler
                0x00002ac8                UART1_IRQHandler
                0x00002af4                MSS_UART_set_rxstatus_handler
                0x00002b78                MSS_UART_set_tx_handler
                0x00002c0c                MSS_UART_set_modemstatus_handler
                0x00002c90                MSS_UART_fill_tx_fifo
                0x00002d64                MSS_UART_get_rx_status
                0x00002de4                MSS_UART_get_modem_status
                0x00002e44                MSS_UART_get_tx_status
 .text          0x00002ebc      0x388 ./drivers/mss_gpio/mss_gpio.o
                0x00002f30                MSS_GPIO_init
                0x00002f9c                MSS_GPIO_config
                0x00002fd8                MSS_GPIO_set_output
                0x00003018                MSS_GPIO_drive_inout
                0x00003140                MSS_GPIO_enable_irq
                0x000031a4                MSS_GPIO_disable_irq
                0x000031f4                MSS_GPIO_clear_irq
 .text          0x00003244      0xac8 ./drivers/mss_ace/ace_convert.o
                0x00003244                ACE_get_channel_type
                0x00003288                ACE_convert_adc_input_to_mV
                0x000032ec                ace_init_convert
                0x000034a0                ACE_convert_to_mV
                0x000035a0                ACE_convert_to_mA
                0x00003654                ACE_convert_to_uA
                0x00003704                ACE_convert_to_Kelvin
                0x00003750                ACE_convert_to_Celsius
                0x0000378c                ACE_convert_to_Fahrenheit
                0x000037e4                ACE_get_channel_name
                0x0000381c                ACE_convert_mV_to_adc_value
                0x00003938                ACE_convert_from_mV
                0x00003a48                ACE_convert_from_mA
                0x00003b0c                ACE_convert_from_uA
                0x00003bd0                ACE_convert_from_Kelvin
                0x00003c28                ACE_convert_from_Celsius
                0x00003c74                ACE_convert_from_Fahrenheit
                0x00003cd8                ACE_translate_pdma_value
 .text          0x00003d0c      0x7ac ./drivers/mss_ace/ace_flags.o
                0x00003d48                ace_init_flags
                0x00003d54                ACE_is_hysteresis_flag
                0x00003d74                ACE_is_under_flag
                0x00003d94                ACE_set_flag_threshold
                0x00003dac                ACE_set_flag_assertion
                0x00003dc4                ACE_set_flag_deassertion
                0x00003ddc                ACE_set_flag_hysteresis
                0x00003df4                ACE_set_channel_hysteresis
                0x00003e0c                ACE_get_flag_handle
                0x00003e28                ACE_get_flag_status
                0x00003e48                ACE_get_flag_name
                0x00003e68                ACE_get_flag_channel
                0x00003e88                ACE_get_channel_flag_count
                0x00003ea8                ACE_get_channel_first_flag
                0x00003ec8                ACE_get_channel_next_flag
                0x00003ee8                ACE_enable_channel_flags_irq
                0x00003efc                ACE_disable_channel_flags_irq
                0x00003f10                ACE_clear_channel_flags_irq
                0x00003f24                ACE_enable_flag_irq
                0x00003f38                ACE_disable_flag_irq
                0x00003f4c                ACE_clear_flag_irq
                0x00003f60                ACE_register_flag_isr
                0x00003f78                ACE_register_channel_flags_isr
                0x00003f90                ACE_register_global_flags_isr
                0x00003fb8                ACE_PPE_Flag0_IRQHandler
                0x00003fe0                ACE_PPE_Flag1_IRQHandler
                0x00004008                ACE_PPE_Flag2_IRQHandler
                0x00004030                ACE_PPE_Flag3_IRQHandler
                0x00004058                ACE_PPE_Flag4_IRQHandler
                0x00004080                ACE_PPE_Flag5_IRQHandler
                0x000040a8                ACE_PPE_Flag6_IRQHandler
                0x000040d0                ACE_PPE_Flag7_IRQHandler
                0x000040f8                ACE_PPE_Flag8_IRQHandler
                0x00004120                ACE_PPE_Flag9_IRQHandler
                0x00004148                ACE_PPE_Flag10_IRQHandler
                0x00004170                ACE_PPE_Flag11_IRQHandler
                0x00004198                ACE_PPE_Flag12_IRQHandler
                0x000041c0                ACE_PPE_Flag13_IRQHandler
                0x000041e8                ACE_PPE_Flag14_IRQHandler
                0x00004210                ACE_PPE_Flag15_IRQHandler
                0x00004238                ACE_PPE_Flag16_IRQHandler
                0x00004260                ACE_PPE_Flag17_IRQHandler
                0x00004288                ACE_PPE_Flag18_IRQHandler
                0x000042b0                ACE_PPE_Flag19_IRQHandler
                0x000042d8                ACE_PPE_Flag20_IRQHandler
                0x00004300                ACE_PPE_Flag21_IRQHandler
                0x00004328                ACE_PPE_Flag22_IRQHandler
                0x00004350                ACE_PPE_Flag23_IRQHandler
                0x00004378                ACE_PPE_Flag24_IRQHandler
                0x000043a0                ACE_PPE_Flag25_IRQHandler
                0x000043c8                ACE_PPE_Flag26_IRQHandler
                0x000043f0                ACE_PPE_Flag27_IRQHandler
                0x00004418                ACE_PPE_Flag28_IRQHandler
                0x00004440                ACE_PPE_Flag29_IRQHandler
                0x00004468                ACE_PPE_Flag30_IRQHandler
                0x00004490                ACE_PPE_Flag31_IRQHandler
 .text          0x000044b8      0x750 ./drivers/mss_ace/ace_sse.o
                0x000044b8                ACE_get_sse_seq_handle
                0x0000453c                ACE_load_sse
                0x0000466c                ACE_start_sse
                0x000047ac                ACE_restart_sse
                0x000048d0                ACE_stop_sse
                0x00004924                ACE_resume_sse
                0x00004978                ACE_enable_sse_irq
                0x000049c0                ACE_disable_sse_irq
                0x00004a24                ACE_clear_sse_irq
                0x00004a90                ACE_clear_sample_pipeline
 .text          0x00004c08      0x73c ./drivers/mss_ace/ace_transform.o
                0x00004c08                ACE_get_default_m_factor
                0x00004c38                ACE_get_default_c_offset
                0x00004c6c                ACE_set_linear_transform
                0x00004de8                extend_sign
                0x00004e18                adjust_to_24bit_ace_format
                0x00004e98                adjust_to_16bit_ace_format
                0x00004f18                get_calibration
                0x00005298                write_transform_coefficients
 .text          0x00005344      0xca8 ./drivers/mss_ace/mss_ace.o
                0x00005344                ACE_init
                0x00005354                ACE_start_adc
                0x00005380                ACE_get_adc_result
                0x000053e4                ACE_configure_sdd
                0x00005584                ACE_enable_sdd
                0x000055cc                ACE_disable_sdd
                0x00005614                ACE_set_sdd_value
                0x00005660                ACE_set_sdd_value_sync
                0x00005730                ACE_set_comp_reference
                0x000058e4                ACE_set_comp_hysteresis
                0x00005a0c                ACE_enable_comp
                0x00005b08                ACE_disable_comp
                0x00005c00                ACE_enable_comp_rise_irq
                0x00005c50                ACE_disable_comp_rise_irq
                0x00005cc0                ACE_clear_comp_rise_irq
                0x00005d2c                ACE_enable_comp_fall_irq
                0x00005d7c                ACE_disable_comp_fall_irq
                0x00005dec                ACE_clear_comp_fall_irq
                0x00005e58                ACE_get_comp_status
                0x00005e78                ACE_get_channel_count
                0x00005e88                ACE_get_first_channel
                0x00005ea4                ACE_get_next_channel
                0x00005ed0                ACE_get_channel_handle
                0x00005f44                ACE_get_input_channel_handle
                0x00005f98                ACE_get_ppe_sample
 .text          0x00005fec      0x8cc ./drivers/CoreUARTapb/core_uart_apb.o
                0x00005fec                UART_init
                0x0000628c                UART_send
                0x000063e8                UART_fill_tx_fifo
                0x00006568                UART_get_rx
                0x00006720                UART_polled_tx_string
                0x0000682c                UART_get_rx_status
 .text          0x000068b8       0xb0 ./CMSIS/brownout_isr.o
                0x000068b8                BrownOut_1_5V_IRQHandler
 .text          0x00006968      0x28c ./CMSIS/core_cm3.o
                0x00006968                __get_PSP
                0x00006978                __set_PSP
                0x00006980                __get_MSP
                0x00006990                __set_MSP
                0x00006998                __get_BASEPRI
                0x000069b8                __set_BASEPRI
                0x000069d0                __get_PRIMASK
                0x000069f0                __set_PRIMASK
                0x00006a08                __get_FAULTMASK
                0x00006a28                __set_FAULTMASK
                0x00006a40                __get_CONTROL
                0x00006a60                __set_CONTROL
                0x00006a78                __REV
                0x00006a9c                __REV16
                0x00006ac0                __REVSH
                0x00006ae4                __RBIT
                0x00006b08                __LDREXB
                0x00006b2c                __LDREXH
                0x00006b50                __LDREXW
                0x00006b74                __STREXB
                0x00006ba0                __STREXH
                0x00006bcc                __STREXW
 .text          0x00006bf4      0x244 ./CMSIS/system_a2fxxxm3.o
                0x00006bf4                SystemInit
                0x00006c00                SystemCoreClockUpdate
 .text          0x00006e38      0x2c0 ./CMSIS/startup_gcc/newlib_stubs.o
                0x00006e38                _close
                0x00006e50                _execve
                0x00006e78                _exit
                0x00006e84                _fork
                0x00006e9c                _fstat
                0x00006ec0                _getpid
                0x00006ed0                _isatty
                0x00006ee8                _kill
                0x00006f0c                _link
                0x00006f30                _lseek
                0x00006f4c                _open
                0x00006f68                _read
                0x00006f84                _write_r
                0x00006fe0                _sbrk
                0x00007074                _stat
                0x00007098                _times
                0x000070b0                _unlink
                0x000070d4                _wait
 .text          0x000070f8        0x0 ./CMSIS/startup_gcc/startup_a2fxxxm3.o
 .text          0x000070f8      0x370 c:/actel/libero_v9.1/softconsole/sourcery-g++/bin/../lib/gcc/arm-none-eabi/4.4.1/thumb2\libgcc.a(_arm_addsubdf3.o)
                0x000070f8                __aeabi_drsub
                0x00007100                __aeabi_dsub
                0x00007100                __subdf3
                0x00007104                __aeabi_dadd
                0x00007104                __adddf3
                0x0000737c                __floatunsidf
                0x0000737c                __aeabi_ui2d
                0x0000739c                __floatsidf
                0x0000739c                __aeabi_i2d
                0x000073c0                __aeabi_f2d
                0x000073c0                __extendsfdf2
                0x000073fc                __floatundidf
                0x000073fc                __aeabi_ul2d
                0x0000740c                __floatdidf
                0x0000740c                __aeabi_l2d
 .text          0x00007468      0x424 c:/actel/libero_v9.1/softconsole/sourcery-g++/bin/../lib/gcc/arm-none-eabi/4.4.1/thumb2\libgcc.a(_arm_muldivdf3.o)
                0x00007468                __aeabi_dmul
                0x00007468                __muldf3
                0x000076bc                __divdf3
                0x000076bc                __aeabi_ddiv
 .text          0x0000788c       0x50 c:/actel/libero_v9.1/softconsole/sourcery-g++/bin/../lib/gcc/arm-none-eabi/4.4.1/thumb2\libgcc.a(_arm_fixdfsi.o)
                0x0000788c                __aeabi_d2iz
                0x0000788c                __fixdfsi
 .text          0x000078dc        0xc c:/actel/libero_v9.1/softconsole/sourcery-g++/bin/../lib/gcc/arm-none-eabi/4.4.1/../../../../arm-none-eabi/lib/thumb2\libc.a(lib_a-errno.o)
                0x000078dc                __errno
 .text          0x000078e8        0x0 c:/actel/libero_v9.1/softconsole/sourcery-g++/bin/../lib/gcc/arm-none-eabi/4.4.1/../../../../arm-none-eabi/lib/thumb2\libc.a(lib_a-impure.o)
 .text          0x000078e8       0x50 c:/actel/libero_v9.1/softconsole/sourcery-g++/bin/../lib/gcc/arm-none-eabi/4.4.1/../../../../arm-none-eabi/lib/thumb2\libc.a(lib_a-init.o)
                0x000078e8                __libc_init_array
 .text          0x00007938       0x64 c:/actel/libero_v9.1/softconsole/sourcery-g++/bin/../lib/gcc/arm-none-eabi/4.4.1/../../../../arm-none-eabi/lib/thumb2\libc.a(lib_a-printf.o)
                0x00007938                printf
                0x00007970                _printf_r
 .text          0x0000799c       0x94 c:/actel/libero_v9.1/softconsole/sourcery-g++/bin/../lib/gcc/arm-none-eabi/4.4.1/../../../../arm-none-eabi/lib/thumb2\libc.a(lib_a-sprintf.o)
                0x0000799c                sprintf
                0x000079ec                _sprintf_r
 .text          0x00007a30       0xb8 c:/actel/libero_v9.1/softconsole/sourcery-g++/bin/../lib/gcc/arm-none-eabi/4.4.1/../../../../arm-none-eabi/lib/thumb2\libc.a(lib_a-sscanf.o)
                0x00007a34                _sscanf_r
                0x00007a8c                sscanf
 .text          0x00007ae8       0x60 c:/actel/libero_v9.1/softconsole/sourcery-g++/bin/../lib/gcc/arm-none-eabi/4.4.1/../../../../arm-none-eabi/lib/thumb2\libc.a(lib_a-strlen.o)
                0x00007ae8                strlen
 .text          0x00007b48       0xa8 c:/actel/libero_v9.1/softconsole/sourcery-g++/bin/../lib/gcc/arm-none-eabi/4.4.1/../../../../arm-none-eabi/lib/thumb2\libc.a(lib_a-strncmp.o)
                0x00007b48                strncmp
 .text          0x00007bf0     0x15a8 c:/actel/libero_v9.1/softconsole/sourcery-g++/bin/../lib/gcc/arm-none-eabi/4.4.1/../../../../arm-none-eabi/lib/thumb2\libc.a(lib_a-svfprintf.o)
                0x00007d0c                _svfprintf_r
 .text          0x00009198     0x10f8 c:/actel/libero_v9.1/softconsole/sourcery-g++/bin/../lib/gcc/arm-none-eabi/4.4.1/../../../../arm-none-eabi/lib/thumb2\libc.a(lib_a-svfscanf.o)
                0x00009264                __ssvfscanf_r
 .text          0x0000a290      0x1bc c:/actel/libero_v9.1/softconsole/sourcery-g++/bin/../lib/gcc/arm-none-eabi/4.4.1/../../../../arm-none-eabi/lib/thumb2\libc.a(lib_a-ungetc.o)
                0x0000a290                __submore
                0x0000a30c                _ungetc_r
                0x0000a43c                ungetc
 .text          0x0000a44c     0x1940 c:/actel/libero_v9.1/softconsole/sourcery-g++/bin/../lib/gcc/arm-none-eabi/4.4.1/../../../../arm-none-eabi/lib/thumb2\libc.a(lib_a-vfprintf.o)
                0x0000a468                _vfprintf_r
                0x0000bd70                vfprintf
 .text          0x0000bd8c      0x104 c:/actel/libero_v9.1/softconsole/sourcery-g++/bin/../lib/gcc/arm-none-eabi/4.4.1/../../../../arm-none-eabi/lib/thumb2\libc.a(lib_a-wsetup.o)
                0x0000bd8c                __swsetup_r
 .text          0x0000be90        0x0 c:/actel/libero_v9.1/softconsole/sourcery-g++/bin/../lib/gcc/arm-none-eabi/4.4.1/../../../../arm-none-eabi/lib/thumb2\libc.a(lib_a-ctype_.o)
 .text          0x0000be90      0xfb8 c:/actel/libero_v9.1/softconsole/sourcery-g++/bin/../lib/gcc/arm-none-eabi/4.4.1/../../../../arm-none-eabi/lib/thumb2\libc.a(lib_a-dtoa.o)
                0x0000bfb0                _dtoa_r
 .text          0x0000ce48      0x178 c:/actel/libero_v9.1/softconsole/sourcery-g++/bin/../lib/gcc/arm-none-eabi/4.4.1/../../../../arm-none-eabi/lib/thumb2\libc.a(lib_a-fflush.o)
                0x0000ce48                _fflush_r
                0x0000cf98                fflush
 .text          0x0000cfc0      0x1c8 c:/actel/libero_v9.1/softconsole/sourcery-g++/bin/../lib/gcc/arm-none-eabi/4.4.1/../../../../arm-none-eabi/lib/thumb2\libc.a(lib_a-findfp.o)
                0x0000cfc0                __sfp_lock_acquire
                0x0000cfc4                __sfp_lock_release
                0x0000cfc8                __sinit_lock_acquire
                0x0000cfcc                __sinit_lock_release
                0x0000cfd8                __fp_unlock_all
                0x0000cff0                __fp_lock_all
                0x0000d008                _cleanup_r
                0x0000d014                _cleanup
                0x0000d070                __sfmoreglue
                0x0000d0a0                __sfp
                0x0000d128                __sinit
 .text          0x0000d188      0x268 c:/actel/libero_v9.1/softconsole/sourcery-g++/bin/../lib/gcc/arm-none-eabi/4.4.1/../../../../arm-none-eabi/lib/thumb2\libc.a(lib_a-freer.o)
                0x0000d188                _malloc_trim_r
                0x0000d230                _free_r
 .text          0x0000d3f0      0x334 c:/actel/libero_v9.1/softconsole/sourcery-g++/bin/../lib/gcc/arm-none-eabi/4.4.1/../../../../arm-none-eabi/lib/thumb2\libc.a(lib_a-fvwrite.o)
                0x0000d3f0                __sfvwrite_r
 .text          0x0000d724       0xa0 c:/actel/libero_v9.1/softconsole/sourcery-g++/bin/../lib/gcc/arm-none-eabi/4.4.1/../../../../arm-none-eabi/lib/thumb2\libc.a(lib_a-fwalk.o)
                0x0000d724                _fwalk_reent
                0x0000d778                _fwalk
 .text          0x0000d7c4       0x1c c:/actel/libero_v9.1/softconsole/sourcery-g++/bin/../lib/gcc/arm-none-eabi/4.4.1/../../../../arm-none-eabi/lib/thumb2\libc.a(lib_a-iswspace.o)
                0x0000d7c4                iswspace
 .text          0x0000d7e0       0x74 c:/actel/libero_v9.1/softconsole/sourcery-g++/bin/../lib/gcc/arm-none-eabi/4.4.1/../../../../arm-none-eabi/lib/thumb2\libc.a(lib_a-locale.o)
                0x0000d7e0                __locale_charset
                0x0000d7ec                _localeconv_r
                0x0000d7f4                localeconv
                0x0000d7fc                _setlocale_r
                0x0000d844                setlocale
 .text          0x0000d854       0xdc c:/actel/libero_v9.1/softconsole/sourcery-g++/bin/../lib/gcc/arm-none-eabi/4.4.1/../../../../arm-none-eabi/lib/thumb2\libc.a(lib_a-makebuf.o)
                0x0000d854                __smakebuf_r
 .text          0x0000d930       0x20 c:/actel/libero_v9.1/softconsole/sourcery-g++/bin/../lib/gcc/arm-none-eabi/4.4.1/../../../../arm-none-eabi/lib/thumb2\libc.a(lib_a-malloc.o)
                0x0000d930                free
                0x0000d940                malloc
 .text          0x0000d950      0x5a4 c:/actel/libero_v9.1/softconsole/sourcery-g++/bin/../lib/gcc/arm-none-eabi/4.4.1/../../../../arm-none-eabi/lib/thumb2\libc.a(lib_a-mallocr.o)
                0x0000d950                _malloc_r
 .text          0x0000def4       0x5c c:/actel/libero_v9.1/softconsole/sourcery-g++/bin/../lib/gcc/arm-none-eabi/4.4.1/../../../../arm-none-eabi/lib/thumb2\libc.a(lib_a-mbrtowc.o)
                0x0000def4                _mbrtowc_r
                0x0000df2c                mbrtowc
 .text          0x0000df50       0x38 c:/actel/libero_v9.1/softconsole/sourcery-g++/bin/../lib/gcc/arm-none-eabi/4.4.1/../../../../arm-none-eabi/lib/thumb2\libc.a(lib_a-mbtowc_r.o)
                0x0000df50                _mbtowc_r
 .text          0x0000df88       0x74 c:/actel/libero_v9.1/softconsole/sourcery-g++/bin/../lib/gcc/arm-none-eabi/4.4.1/../../../../arm-none-eabi/lib/thumb2\libc.a(lib_a-memchr.o)
                0x0000df88                memchr
 .text          0x0000dffc      0x190 c:/actel/libero_v9.1/softconsole/sourcery-g++/bin/../lib/gcc/arm-none-eabi/4.4.1/../../../../arm-none-eabi/lib/thumb2\libc.a(lib_a-memcpy.o)
                0x0000dffc                memcpy
 .text          0x0000e18c       0xb8 c:/actel/libero_v9.1/softconsole/sourcery-g++/bin/../lib/gcc/arm-none-eabi/4.4.1/../../../../arm-none-eabi/lib/thumb2\libc.a(lib_a-memmove.o)
                0x0000e18c                memmove
 .text          0x0000e244       0xd4 c:/actel/libero_v9.1/softconsole/sourcery-g++/bin/../lib/gcc/arm-none-eabi/4.4.1/../../../../arm-none-eabi/lib/thumb2\libc.a(lib_a-memset.o)
                0x0000e244                memset
 .text          0x0000e318        0x8 c:/actel/libero_v9.1/softconsole/sourcery-g++/bin/../lib/gcc/arm-none-eabi/4.4.1/../../../../arm-none-eabi/lib/thumb2\libc.a(lib_a-mlock.o)
                0x0000e318                __malloc_lock
                0x0000e31c                __malloc_unlock
 .text          0x0000e320      0x958 c:/actel/libero_v9.1/softconsole/sourcery-g++/bin/../lib/gcc/arm-none-eabi/4.4.1/../../../../arm-none-eabi/lib/thumb2\libc.a(lib_a-mprec.o)
                0x0000e320                __hi0bits
                0x0000e360                __lo0bits
                0x0000e3c4                __mcmp
                0x0000e404                __ulp
                0x0000e450                __b2d
                0x0000e4f8                __ratio
                0x0000e558                _mprec_log10
                0x0000e590                __copybits
                0x0000e5e0                __any_on
                0x0000e638                _Bfree
                0x0000e670                _Balloc
                0x0000e6dc                __d2b
                0x0000e7ac                __mdiff
                0x0000e8a4                __lshift
                0x0000e960                __multiply
                0x0000ea94                __i2b
                0x0000eaa8                __multadd
                0x0000eb30                __pow5mult
                0x0000ebdc                __s2b
 .text          0x0000ec78      0x3b4 c:/actel/libero_v9.1/softconsole/sourcery-g++/bin/../lib/gcc/arm-none-eabi/4.4.1/../../../../arm-none-eabi/lib/thumb2\libc.a(lib_a-reallocr.o)
                0x0000ec78                _realloc_r
 .text          0x0000f02c       0x24 c:/actel/libero_v9.1/softconsole/sourcery-g++/bin/../lib/gcc/arm-none-eabi/4.4.1/../../../../arm-none-eabi/lib/thumb2\libc.a(lib_a-s_isinfd.o)
                0x0000f02c                __isinfd
 .text          0x0000f050       0x1c c:/actel/libero_v9.1/softconsole/sourcery-g++/bin/../lib/gcc/arm-none-eabi/4.4.1/../../../../arm-none-eabi/lib/thumb2\libc.a(lib_a-s_isnand.o)
                0x0000f050                __isnand
 .text          0x0000f06c       0x28 c:/actel/libero_v9.1/softconsole/sourcery-g++/bin/../lib/gcc/arm-none-eabi/4.4.1/../../../../arm-none-eabi/lib/thumb2\libc.a(lib_a-sbrkr.o)
                0x0000f06c                _sbrk_r
 .text          0x0000f094       0x74 c:/actel/libero_v9.1/softconsole/sourcery-g++/bin/../lib/gcc/arm-none-eabi/4.4.1/../../../../arm-none-eabi/lib/thumb2\libc.a(lib_a-sccl.o)
                0x0000f094                __sccl
 .text          0x0000f108        0xc c:/actel/libero_v9.1/softconsole/sourcery-g++/bin/../lib/gcc/arm-none-eabi/4.4.1/../../../../arm-none-eabi/lib/thumb2\libc.a(lib_a-sf_nan.o)
                0x0000f108                nanf
 .text          0x0000f114       0x90 c:/actel/libero_v9.1/softconsole/sourcery-g++/bin/../lib/gcc/arm-none-eabi/4.4.1/../../../../arm-none-eabi/lib/thumb2\libc.a(lib_a-stdio.o)
                0x0000f114                __sclose
                0x0000f11c                __sseek
                0x0000f144                __swrite
                0x0000f180                __sread
 .text          0x0000f1a4      0x1dc c:/actel/libero_v9.1/softconsole/sourcery-g++/bin/../lib/gcc/arm-none-eabi/4.4.1/../../../../arm-none-eabi/lib/thumb2\libc.a(lib_a-strcmp.o)
                0x0000f1a4                strcmp
 .text          0x0000f380     0x1010 c:/actel/libero_v9.1/softconsole/sourcery-g++/bin/../lib/gcc/arm-none-eabi/4.4.1/../../../../arm-none-eabi/lib/thumb2\libc.a(lib_a-strtod.o)
                0x0000f380                _strtod_r
                0x000102f0                strtof
                0x0001037c                strtod
 .text          0x00010390      0x158 c:/actel/libero_v9.1/softconsole/sourcery-g++/bin/../lib/gcc/arm-none-eabi/4.4.1/../../../../arm-none-eabi/lib/thumb2\libc.a(lib_a-strtol.o)
                0x00010390                _strtol_r
                0x000104d0                strtol
 .text          0x000104e8      0x1f0 c:/actel/libero_v9.1/softconsole/sourcery-g++/bin/../lib/gcc/arm-none-eabi/4.4.1/../../../../arm-none-eabi/lib/thumb2\libc.a(lib_a-strtoll_r.o)
                0x000104e8                _strtoll_r
 .text          0x000106d8      0x154 c:/actel/libero_v9.1/softconsole/sourcery-g++/bin/../lib/gcc/arm-none-eabi/4.4.1/../../../../arm-none-eabi/lib/thumb2\libc.a(lib_a-strtoul.o)
                0x000106d8                _strtoul_r
                0x00010814                strtoul
 .text          0x0001082c      0x1ec c:/actel/libero_v9.1/softconsole/sourcery-g++/bin/../lib/gcc/arm-none-eabi/4.4.1/../../../../arm-none-eabi/lib/thumb2\libc.a(lib_a-strtoull_r.o)
                0x0001082c                _strtoull_r
 .text          0x00010a18       0x5c c:/actel/libero_v9.1/softconsole/sourcery-g++/bin/../lib/gcc/arm-none-eabi/4.4.1/../../../../arm-none-eabi/lib/thumb2\libc.a(lib_a-callocr.o)
                0x00010a18                _calloc_r
 .text          0x00010a74       0x28 c:/actel/libero_v9.1/softconsole/sourcery-g++/bin/../lib/gcc/arm-none-eabi/4.4.1/../../../../arm-none-eabi/lib/thumb2\libc.a(lib_a-closer.o)
                0x00010a74                _close_r
 .text          0x00010a9c       0xcc c:/actel/libero_v9.1/softconsole/sourcery-g++/bin/../lib/gcc/arm-none-eabi/4.4.1/../../../../arm-none-eabi/lib/thumb2\libc.a(lib_a-fclose.o)
                0x00010a9c                _fclose_r
                0x00010b58                fclose
 .text          0x00010b68       0x2c c:/actel/libero_v9.1/softconsole/sourcery-g++/bin/../lib/gcc/arm-none-eabi/4.4.1/../../../../arm-none-eabi/lib/thumb2\libc.a(lib_a-fstatr.o)
                0x00010b68                _fstat_r
 .text          0x00010b94      0x5a8 c:/actel/libero_v9.1/softconsole/sourcery-g++/bin/../lib/gcc/arm-none-eabi/4.4.1/../../../../arm-none-eabi/lib/thumb2\libc.a(lib_a-gdtoa-gethex.o)
                0x00010b94                __hexdig_init
                0x00010c80                __gethex
 .text          0x0001113c      0x1bc c:/actel/libero_v9.1/softconsole/sourcery-g++/bin/../lib/gcc/arm-none-eabi/4.4.1/../../../../arm-none-eabi/lib/thumb2\libc.a(lib_a-gdtoa-hexnan.o)
                0x0001113c                __hexnan
 .text          0x000112f8       0x28 c:/actel/libero_v9.1/softconsole/sourcery-g++/bin/../lib/gcc/arm-none-eabi/4.4.1/../../../../arm-none-eabi/lib/thumb2\libc.a(lib_a-isattyr.o)
                0x000112f8                _isatty_r
 .text          0x00011320       0x2c c:/actel/libero_v9.1/softconsole/sourcery-g++/bin/../lib/gcc/arm-none-eabi/4.4.1/../../../../arm-none-eabi/lib/thumb2\libc.a(lib_a-lseekr.o)
                0x00011320                _lseek_r
 .text          0x0001134c       0x2c c:/actel/libero_v9.1/softconsole/sourcery-g++/bin/../lib/gcc/arm-none-eabi/4.4.1/../../../../arm-none-eabi/lib/thumb2\libc.a(lib_a-readr.o)
                0x0001134c                _read_r
 .text          0x00011378      0x10c c:/actel/libero_v9.1/softconsole/sourcery-g++/bin/../lib/gcc/arm-none-eabi/4.4.1/../../../../arm-none-eabi/lib/thumb2\libc.a(lib_a-reent.o)
                0x00011378                _wrapup_reent
                0x000113b0                cleanup_glue
                0x000113cc                _reclaim_reent
 *fill*         0x00011484        0x4 00
 .text          0x00011488      0x278 c:/actel/libero_v9.1/softconsole/sourcery-g++/bin/../lib/gcc/arm-none-eabi/4.4.1/thumb2\libgcc.a(_udivsi3.o)
                0x00011488                __aeabi_uidiv
                0x00011488                __udivsi3
                0x000116e4                __aeabi_uidivmod
 .text          0x00011700        0x4 c:/actel/libero_v9.1/softconsole/sourcery-g++/bin/../lib/gcc/arm-none-eabi/4.4.1/thumb2\libgcc.a(_dvmd_tls.o)
                0x00011700                __aeabi_idiv0
                0x00011700                __aeabi_ldiv0
 .text          0x00011704      0x110 c:/actel/libero_v9.1/softconsole/sourcery-g++/bin/../lib/gcc/arm-none-eabi/4.4.1/thumb2\libgcc.a(_arm_cmpdf2.o)
                0x00011704                __gtdf2
                0x00011704                __gedf2
                0x0001170c                __ltdf2
                0x0001170c                __ledf2
                0x00011714                __nedf2
                0x00011714                __eqdf2
                0x00011714                __cmpdf2
                0x00011790                __aeabi_cdrcmple
                0x000117a0                __aeabi_cdcmpeq
                0x000117a0                __aeabi_cdcmple
                0x000117b0                __aeabi_dcmpeq
                0x000117c4                __aeabi_dcmplt
                0x000117d8                __aeabi_dcmple
                0x000117ec                __aeabi_dcmpge
                0x00011800                __aeabi_dcmpgt
 .text          0x00011814       0x40 c:/actel/libero_v9.1/softconsole/sourcery-g++/bin/../lib/gcc/arm-none-eabi/4.4.1/thumb2\libgcc.a(_arm_fixunsdfsi.o)
                0x00011814                __aeabi_d2uiz
                0x00011814                __fixunsdfsi
 .text          0x00011854       0xa0 c:/actel/libero_v9.1/softconsole/sourcery-g++/bin/../lib/gcc/arm-none-eabi/4.4.1/thumb2\libgcc.a(_arm_truncdfsf2.o)
                0x00011854                __truncdfsf2
                0x00011854                __aeabi_d2f
 .text          0x000118f4       0xec c:/actel/libero_v9.1/softconsole/sourcery-g++/bin/../lib/gcc/arm-none-eabi/4.4.1/thumb2\libgcc.a(_arm_cmpsf2.o)
                0x000118f4                __gesf2
                0x000118f4                __gtsf2
                0x000118fc                __lesf2
                0x000118fc                __ltsf2
                0x00011904                __nesf2
                0x00011904                __eqsf2
                0x00011904                __cmpsf2
                0x00011964                __aeabi_cfrcmple
                0x0001196c                __aeabi_cfcmpeq
                0x0001196c                __aeabi_cfcmple
                0x0001197c                __aeabi_fcmpeq
                0x00011990                __aeabi_fcmplt
                0x000119a4                __aeabi_fcmple
                0x000119b8                __aeabi_fcmpge
                0x000119cc                __aeabi_fcmpgt
 .text          0x000119e0       0x2c c:/actel/libero_v9.1/softconsole/sourcery-g++/bin/../lib/gcc/arm-none-eabi/4.4.1/thumb2\libgcc.a(_aeabi_uldivmod.o)
                0x000119e0                __aeabi_uldivmod
 .text          0x00011a0c       0x58 c:/actel/libero_v9.1/softconsole/sourcery-g++/bin/../lib/gcc/arm-none-eabi/4.4.1/thumb2\libgcc.a(bpabi.o)
                0x00011a0c                __gnu_uldivmod_helper
                0x00011a38                __gnu_ldivmod_helper
 .text          0x00011a64      0x364 c:/actel/libero_v9.1/softconsole/sourcery-g++/bin/../lib/gcc/arm-none-eabi/4.4.1/thumb2\libgcc.a(_divdi3.o)
                0x00011a64                __divdi3
 .text          0x00011dc8      0x300 c:/actel/libero_v9.1/softconsole/sourcery-g++/bin/../lib/gcc/arm-none-eabi/4.4.1/thumb2\libgcc.a(_udivdi3.o)
                0x00011dc8                __udivdi3
 .text          0x000120c8        0x0 c:/actel/libero_v9.1/softconsole/sourcery-g++/bin/../lib/gcc/arm-none-eabi/4.4.1/thumb2/crtend.o
 .text          0x000120c8        0x0 c:/actel/libero_v9.1/softconsole/sourcery-g++/bin/../lib/gcc/arm-none-eabi/4.4.1/thumb2/crtn.o
 *(.plt)
 *(.gnu.warning)
 *(.glue_7t)
 .glue_7t       0x00000000        0x0 linker stubs
 *(.glue_7)
 .glue_7        0x00000000        0x0 linker stubs
 *(.vfp11_veneer)
 .vfp11_veneer  0x00000000        0x0 linker stubs
                0x000120c8                . = ALIGN (0x4)
 *crtbegin.o(.ctors)
 *(EXCLUDE_FILE(*crtend.o) .ctors)
 *(SORT(.ctors.*))
 *crtend.o(.ctors)
 *crtbegin.o(.dtors)
 *(EXCLUDE_FILE(*crtend.o) .dtors)
 *(SORT(.dtors.*))
 *crtend.o(.dtors)
 *(.rodata .rodata.* .gnu.linkonce.r.*)
 .rodata        0x000120c8      0x114 ./core_pwm.o
 .rodata        0x000121dc       0x70 ./main.o
 .rodata        0x0001224c       0x6c ./drivers_config/mss_ace/ace_config.o
                0x0001224c                g_ace_current_resistors
                0x00012254                g_ace_external_varef_used
                0x00012258                g_ace_channel_0_name
                0x0001226c                g_ace_ppe_transforms_desc_table
                0x00012274                g_ace_sse_proc_0_name
                0x00012280                g_ace_sse_proc_0_sequence
                0x00012288                g_ace_sse_proc_1_name
                0x00012294                g_ace_sse_proc_1_sequence
 .rodata        0x000122b8       0xc0 ./drivers/mss_gpio/mss_gpio.o
 .rodata        0x00012378       0xcc ./drivers/mss_ace/ace_convert.o
 .rodata        0x00012444       0x24 ./drivers/mss_ace/ace_sse.o
 .rodata        0x00012468       0x5c ./drivers/mss_ace/ace_transform.o
 .rodata        0x000124c4       0x50 ./drivers/mss_ace/mss_ace.o
                0x00012504                comp_id_2_scb_lut
 .rodata        0x00012514       0x28 ./drivers/CoreUARTapb/core_uart_apb.o
 .rodata        0x0001253c       0x10 ./CMSIS/system_a2fxxxm3.o
 .rodata        0x0001254c       0x1c ./CMSIS/startup_gcc/newlib_stubs.o
 .rodata        0x00012568        0x4 c:/actel/libero_v9.1/softconsole/sourcery-g++/bin/../lib/gcc/arm-none-eabi/4.4.1/../../../../arm-none-eabi/lib/thumb2\libc.a(lib_a-impure.o)
                0x00012568                _global_impure_ptr
 .rodata.str1.4
                0x0001256c        0x2 c:/actel/libero_v9.1/softconsole/sourcery-g++/bin/../lib/gcc/arm-none-eabi/4.4.1/../../../../arm-none-eabi/lib/thumb2\libc.a(lib_a-impure.o)
                                  0x4 (size before relaxing)
 *fill*         0x0001256e        0x2 00
 .rodata        0x00012570       0x20 c:/actel/libero_v9.1/softconsole/sourcery-g++/bin/../lib/gcc/arm-none-eabi/4.4.1/../../../../arm-none-eabi/lib/thumb2\libc.a(lib_a-svfprintf.o)
 .rodata.str1.4
                0x00012590       0x42 c:/actel/libero_v9.1/softconsole/sourcery-g++/bin/../lib/gcc/arm-none-eabi/4.4.1/../../../../arm-none-eabi/lib/thumb2\libc.a(lib_a-svfprintf.o)
                                 0x44 (size before relaxing)
 *fill*         0x000125d2        0x2 00
 .rodata        0x000125d4       0x24 c:/actel/libero_v9.1/softconsole/sourcery-g++/bin/../lib/gcc/arm-none-eabi/4.4.1/../../../../arm-none-eabi/lib/thumb2\libc.a(lib_a-svfscanf.o)
 .rodata.str1.4
                0x000125f8        0x5 c:/actel/libero_v9.1/softconsole/sourcery-g++/bin/../lib/gcc/arm-none-eabi/4.4.1/../../../../arm-none-eabi/lib/thumb2\libc.a(lib_a-svfscanf.o)
                                  0x8 (size before relaxing)
 *fill*         0x000125fd        0x3 00
 .rodata        0x00012600       0x20 c:/actel/libero_v9.1/softconsole/sourcery-g++/bin/../lib/gcc/arm-none-eabi/4.4.1/../../../../arm-none-eabi/lib/thumb2\libc.a(lib_a-vfprintf.o)
 .rodata.str1.4
                0x00000000       0x44 c:/actel/libero_v9.1/softconsole/sourcery-g++/bin/../lib/gcc/arm-none-eabi/4.4.1/../../../../arm-none-eabi/lib/thumb2\libc.a(lib_a-vfprintf.o)
 .rodata        0x00012620      0x104 c:/actel/libero_v9.1/softconsole/sourcery-g++/bin/../lib/gcc/arm-none-eabi/4.4.1/../../../../arm-none-eabi/lib/thumb2\libc.a(lib_a-ctype_.o)
                0x00012620                _ctype_
 .rodata.str1.4
                0x00012724       0x10 c:/actel/libero_v9.1/softconsole/sourcery-g++/bin/../lib/gcc/arm-none-eabi/4.4.1/../../../../arm-none-eabi/lib/thumb2\libc.a(lib_a-dtoa.o)
                                 0x14 (size before relaxing)
 .rodata        0x00012734       0x60 c:/actel/libero_v9.1/softconsole/sourcery-g++/bin/../lib/gcc/arm-none-eabi/4.4.1/../../../../arm-none-eabi/lib/thumb2\libc.a(lib_a-findfp.o)
                0x00012734                __sf_fake_stdin
                0x00012754                __sf_fake_stdout
                0x00012774                __sf_fake_stderr
 .rodata        0x00012794       0x34 c:/actel/libero_v9.1/softconsole/sourcery-g++/bin/../lib/gcc/arm-none-eabi/4.4.1/../../../../arm-none-eabi/lib/thumb2\libc.a(lib_a-locale.o)
 .rodata.str1.4
                0x000127c8        0xf c:/actel/libero_v9.1/softconsole/sourcery-g++/bin/../lib/gcc/arm-none-eabi/4.4.1/../../../../arm-none-eabi/lib/thumb2\libc.a(lib_a-locale.o)
                                 0x18 (size before relaxing)
 .rodata.str1.4
                0x00000000        0x4 c:/actel/libero_v9.1/softconsole/sourcery-g++/bin/../lib/gcc/arm-none-eabi/4.4.1/../../../../arm-none-eabi/lib/thumb2\libc.a(lib_a-mbrtowc.o)
 *fill*         0x000127d7        0x1 00
 .rodata        0x000127d8      0x128 c:/actel/libero_v9.1/softconsole/sourcery-g++/bin/../lib/gcc/arm-none-eabi/4.4.1/../../../../arm-none-eabi/lib/thumb2\libc.a(lib_a-mprec.o)
                0x000127d8                __mprec_tens
                0x000128b0                __mprec_bigtens
                0x000128d8                __mprec_tinytens
 .rodata        0x00012900       0x28 c:/actel/libero_v9.1/softconsole/sourcery-g++/bin/../lib/gcc/arm-none-eabi/4.4.1/../../../../arm-none-eabi/lib/thumb2\libc.a(lib_a-strtod.o)
 .rodata.str1.4
                0x00012928        0xf c:/actel/libero_v9.1/softconsole/sourcery-g++/bin/../lib/gcc/arm-none-eabi/4.4.1/../../../../arm-none-eabi/lib/thumb2\libc.a(lib_a-strtod.o)
                                 0x10 (size before relaxing)
 *fill*         0x00012937        0x1 00
 .rodata.str1.4
                0x00012938       0x1c c:/actel/libero_v9.1/softconsole/sourcery-g++/bin/../lib/gcc/arm-none-eabi/4.4.1/../../../../arm-none-eabi/lib/thumb2\libc.a(lib_a-gdtoa-gethex.o)
 *(.ARM.extab* .gnu.linkonce.armextab.*)
 .ARM.extab     0x00012954        0x0 c:/actel/libero_v9.1/softconsole/sourcery-g++/bin/../lib/gcc/arm-none-eabi/4.4.1/thumb2\libgcc.a(_divdi3.o)
 .ARM.extab     0x00012954        0x0 c:/actel/libero_v9.1/softconsole/sourcery-g++/bin/../lib/gcc/arm-none-eabi/4.4.1/thumb2\libgcc.a(_udivdi3.o)
 *(.gcc_except_table)
 *(.eh_frame_hdr)
 *(.eh_frame)
 *(.init)
 .init          0x00012954        0x4 c:/actel/libero_v9.1/softconsole/sourcery-g++/bin/../lib/gcc/arm-none-eabi/4.4.1/thumb2/crti.o
                0x00012954                _init
 .init          0x00012958        0x8 c:/actel/libero_v9.1/softconsole/sourcery-g++/bin/../lib/gcc/arm-none-eabi/4.4.1/thumb2/crtn.o
 *(.fini)
 .fini          0x00012960        0x4 c:/actel/libero_v9.1/softconsole/sourcery-g++/bin/../lib/gcc/arm-none-eabi/4.4.1/thumb2/crti.o
                0x00012960                _fini
 .fini          0x00012964        0x8 c:/actel/libero_v9.1/softconsole/sourcery-g++/bin/../lib/gcc/arm-none-eabi/4.4.1/thumb2/crtn.o
                0x0001296c                PROVIDE (__preinit_array_start, .)
 *(.preinit_array)
                0x0001296c                PROVIDE (__preinit_array_end, .)
                0x0001296c                PROVIDE (__init_array_start, .)
 *(SORT(.init_array.*))
 *(.init_array)
 .init_array    0x0001296c        0x4 c:/actel/libero_v9.1/softconsole/sourcery-g++/bin/../lib/gcc/arm-none-eabi/4.4.1/thumb2/crtbegin.o
                0x00012970                PROVIDE (__init_array_end, .)
                0x00012970                PROVIDE (__fini_array_start, .)
 *(.fini_array)
 .fini_array    0x00012970        0x4 c:/actel/libero_v9.1/softconsole/sourcery-g++/bin/../lib/gcc/arm-none-eabi/4.4.1/thumb2/crtbegin.o
 *(SORT(.fini_array.*))
                0x00012974                PROVIDE (__fini_array_end, .)
                0x00012974                __exidx_start = .

.v4_bx          0x00012974        0x0 load address 0x60012974
 .v4_bx         0x00000000        0x0 linker stubs

.ARM.exidx      0x20000000        0x8 load address 0x60012974
 *(.ARM.exidx* .gnu.linkonce.armexidx.*)
 .ARM.exidx     0x20000000        0x8 c:/actel/libero_v9.1/softconsole/sourcery-g++/bin/../lib/gcc/arm-none-eabi/4.4.1/thumb2\libgcc.a(_divdi3.o)
 .ARM.exidx     0x20000008        0x0 c:/actel/libero_v9.1/softconsole/sourcery-g++/bin/../lib/gcc/arm-none-eabi/4.4.1/thumb2\libgcc.a(_udivdi3.o)
                                  0x8 (size before relaxing)
                0x20000008                __exidx_end = .
                0x20000008                _etext = .

.data           0x20000008      0x5a8 load address 0x6001297c
                0x6001297c                __data_load = LOADADDR (.data)
                0x6001297c                _sidata = LOADADDR (.data)
                0x20000008                __data_start = .
                0x20000008                _sdata = .
 *(.jcr)
 .jcr           0x20000008        0x0 c:/actel/libero_v9.1/softconsole/sourcery-g++/bin/../lib/gcc/arm-none-eabi/4.4.1/thumb2/crtbegin.o
 .jcr           0x20000008        0x4 c:/actel/libero_v9.1/softconsole/sourcery-g++/bin/../lib/gcc/arm-none-eabi/4.4.1/thumb2/crtend.o
 *(.got.plt)
 *(.got)
 *(.shdata)
 *(.data .data.* .gnu.linkonce.d.*)
 .data          0x2000000c        0x0 c:/actel/libero_v9.1/softconsole/sourcery-g++/bin/../lib/gcc/arm-none-eabi/4.4.1/thumb2/crti.o
 .data          0x2000000c        0x4 c:/actel/libero_v9.1/softconsole/sourcery-g++/bin/../lib/gcc/arm-none-eabi/4.4.1/thumb2/crtbegin.o
                0x2000000c                __dso_handle
 .data          0x20000010        0x0 ./core_pwm.o
 .data          0x20000010        0x0 ./main.o
 .data          0x20000010        0x0 ./hal/CortexM3/cortex_nvic.o
 .data          0x20000010        0x0 ./hal/CortexM3/GNU/hal.o
 .data          0x20000010        0x0 ./hal/CortexM3/GNU/hal_assert.o
 .data          0x20000010        0x0 ./hal/CortexM3/GNU/hw_reg_access.o
 .data          0x20000010       0x40 ./drivers_config/mss_ace/ace_config.o
                0x20000010                g_ace_adc_config
                0x20000018                g_ace_channel_desc_table
                0x20000028                g_sse_sequences_desc_table
 .data          0x20000050        0x0 ./drivers/mss_uart/mss_uart.o
 .data          0x20000050        0x0 ./drivers/mss_gpio/mss_gpio.o
 .data          0x20000050        0x0 ./drivers/mss_ace/ace_convert.o
 .data          0x20000050        0x0 ./drivers/mss_ace/ace_flags.o
 .data          0x20000050        0x0 ./drivers/mss_ace/ace_sse.o
 .data          0x20000050        0x0 ./drivers/mss_ace/ace_transform.o
 .data          0x20000050        0x0 ./drivers/mss_ace/mss_ace.o
 .data          0x20000050        0x0 ./drivers/CoreUARTapb/core_uart_apb.o
 .data          0x20000050        0x0 ./CMSIS/brownout_isr.o
 .data          0x20000050        0x0 ./CMSIS/core_cm3.o
 .data          0x20000050       0x18 ./CMSIS/system_a2fxxxm3.o
                0x20000050                SystemFrequency
                0x20000054                SystemCoreClock
                0x20000058                g_FrequencyPCLK0
                0x2000005c                g_FrequencyPCLK1
                0x20000060                g_FrequencyACE
                0x20000064                g_FrequencyFPGA
 .data          0x20000068        0x4 ./CMSIS/startup_gcc/newlib_stubs.o
                0x20000068                environ
 .data          0x2000006c        0x0 ./CMSIS/startup_gcc/startup_a2fxxxm3.o
 .data          0x2000006c        0x0 c:/actel/libero_v9.1/softconsole/sourcery-g++/bin/../lib/gcc/arm-none-eabi/4.4.1/thumb2\libgcc.a(_arm_addsubdf3.o)
 .data          0x2000006c        0x0 c:/actel/libero_v9.1/softconsole/sourcery-g++/bin/../lib/gcc/arm-none-eabi/4.4.1/thumb2\libgcc.a(_arm_muldivdf3.o)
 .data          0x2000006c        0x0 c:/actel/libero_v9.1/softconsole/sourcery-g++/bin/../lib/gcc/arm-none-eabi/4.4.1/thumb2\libgcc.a(_arm_fixdfsi.o)
 .data          0x2000006c        0x0 c:/actel/libero_v9.1/softconsole/sourcery-g++/bin/../lib/gcc/arm-none-eabi/4.4.1/../../../../arm-none-eabi/lib/thumb2\libc.a(lib_a-errno.o)
 .data          0x2000006c       0xf4 c:/actel/libero_v9.1/softconsole/sourcery-g++/bin/../lib/gcc/arm-none-eabi/4.4.1/../../../../arm-none-eabi/lib/thumb2\libc.a(lib_a-impure.o)
                0x2000006c                _impure_ptr
 .data          0x20000160        0x0 c:/actel/libero_v9.1/softconsole/sourcery-g++/bin/../lib/gcc/arm-none-eabi/4.4.1/../../../../arm-none-eabi/lib/thumb2\libc.a(lib_a-init.o)
 .data          0x20000160        0x0 c:/actel/libero_v9.1/softconsole/sourcery-g++/bin/../lib/gcc/arm-none-eabi/4.4.1/../../../../arm-none-eabi/lib/thumb2\libc.a(lib_a-printf.o)
 .data          0x20000160        0x0 c:/actel/libero_v9.1/softconsole/sourcery-g++/bin/../lib/gcc/arm-none-eabi/4.4.1/../../../../arm-none-eabi/lib/thumb2\libc.a(lib_a-sprintf.o)
 .data          0x20000160        0x0 c:/actel/libero_v9.1/softconsole/sourcery-g++/bin/../lib/gcc/arm-none-eabi/4.4.1/../../../../arm-none-eabi/lib/thumb2\libc.a(lib_a-sscanf.o)
 .data          0x20000160        0x0 c:/actel/libero_v9.1/softconsole/sourcery-g++/bin/../lib/gcc/arm-none-eabi/4.4.1/../../../../arm-none-eabi/lib/thumb2\libc.a(lib_a-strlen.o)
 .data          0x20000160        0x0 c:/actel/libero_v9.1/softconsole/sourcery-g++/bin/../lib/gcc/arm-none-eabi/4.4.1/../../../../arm-none-eabi/lib/thumb2\libc.a(lib_a-strncmp.o)
 .data          0x20000160        0x0 c:/actel/libero_v9.1/softconsole/sourcery-g++/bin/../lib/gcc/arm-none-eabi/4.4.1/../../../../arm-none-eabi/lib/thumb2\libc.a(lib_a-svfprintf.o)
 .data          0x20000160        0x0 c:/actel/libero_v9.1/softconsole/sourcery-g++/bin/../lib/gcc/arm-none-eabi/4.4.1/../../../../arm-none-eabi/lib/thumb2\libc.a(lib_a-svfscanf.o)
 .data          0x20000160        0x0 c:/actel/libero_v9.1/softconsole/sourcery-g++/bin/../lib/gcc/arm-none-eabi/4.4.1/../../../../arm-none-eabi/lib/thumb2\libc.a(lib_a-ungetc.o)
 .data          0x20000160        0x0 c:/actel/libero_v9.1/softconsole/sourcery-g++/bin/../lib/gcc/arm-none-eabi/4.4.1/../../../../arm-none-eabi/lib/thumb2\libc.a(lib_a-vfprintf.o)
 .data          0x20000160        0x0 c:/actel/libero_v9.1/softconsole/sourcery-g++/bin/../lib/gcc/arm-none-eabi/4.4.1/../../../../arm-none-eabi/lib/thumb2\libc.a(lib_a-wsetup.o)
 .data          0x20000160        0x8 c:/actel/libero_v9.1/softconsole/sourcery-g++/bin/../lib/gcc/arm-none-eabi/4.4.1/../../../../arm-none-eabi/lib/thumb2\libc.a(lib_a-ctype_.o)
                0x20000160                __ctype_ptr
                0x20000164                __ctype_ptr__
 .data          0x20000168        0x0 c:/actel/libero_v9.1/softconsole/sourcery-g++/bin/../lib/gcc/arm-none-eabi/4.4.1/../../../../arm-none-eabi/lib/thumb2\libc.a(lib_a-dtoa.o)
 .data          0x20000168        0x0 c:/actel/libero_v9.1/softconsole/sourcery-g++/bin/../lib/gcc/arm-none-eabi/4.4.1/../../../../arm-none-eabi/lib/thumb2\libc.a(lib_a-fflush.o)
 .data          0x20000168        0x0 c:/actel/libero_v9.1/softconsole/sourcery-g++/bin/../lib/gcc/arm-none-eabi/4.4.1/../../../../arm-none-eabi/lib/thumb2\libc.a(lib_a-findfp.o)
 .data          0x20000168        0x0 c:/actel/libero_v9.1/softconsole/sourcery-g++/bin/../lib/gcc/arm-none-eabi/4.4.1/../../../../arm-none-eabi/lib/thumb2\libc.a(lib_a-freer.o)
 .data          0x20000168        0x0 c:/actel/libero_v9.1/softconsole/sourcery-g++/bin/../lib/gcc/arm-none-eabi/4.4.1/../../../../arm-none-eabi/lib/thumb2\libc.a(lib_a-fvwrite.o)
 .data          0x20000168        0x0 c:/actel/libero_v9.1/softconsole/sourcery-g++/bin/../lib/gcc/arm-none-eabi/4.4.1/../../../../arm-none-eabi/lib/thumb2\libc.a(lib_a-fwalk.o)
 .data          0x20000168        0x0 c:/actel/libero_v9.1/softconsole/sourcery-g++/bin/../lib/gcc/arm-none-eabi/4.4.1/../../../../arm-none-eabi/lib/thumb2\libc.a(lib_a-iswspace.o)
 .data          0x20000168       0x10 c:/actel/libero_v9.1/softconsole/sourcery-g++/bin/../lib/gcc/arm-none-eabi/4.4.1/../../../../arm-none-eabi/lib/thumb2\libc.a(lib_a-locale.o)
                0x20000168                __mb_cur_max
                0x2000016c                __lc_ctype
 .data          0x20000178        0x0 c:/actel/libero_v9.1/softconsole/sourcery-g++/bin/../lib/gcc/arm-none-eabi/4.4.1/../../../../arm-none-eabi/lib/thumb2\libc.a(lib_a-makebuf.o)
 .data          0x20000178        0x0 c:/actel/libero_v9.1/softconsole/sourcery-g++/bin/../lib/gcc/arm-none-eabi/4.4.1/../../../../arm-none-eabi/lib/thumb2\libc.a(lib_a-malloc.o)
 .data          0x20000178      0x410 c:/actel/libero_v9.1/softconsole/sourcery-g++/bin/../lib/gcc/arm-none-eabi/4.4.1/../../../../arm-none-eabi/lib/thumb2\libc.a(lib_a-mallocr.o)
                0x20000178                __malloc_av_
                0x20000580                __malloc_sbrk_base
                0x20000584                __malloc_trim_threshold
 .data          0x20000588        0x0 c:/actel/libero_v9.1/softconsole/sourcery-g++/bin/../lib/gcc/arm-none-eabi/4.4.1/../../../../arm-none-eabi/lib/thumb2\libc.a(lib_a-mbrtowc.o)
 .data          0x20000588        0x0 c:/actel/libero_v9.1/softconsole/sourcery-g++/bin/../lib/gcc/arm-none-eabi/4.4.1/../../../../arm-none-eabi/lib/thumb2\libc.a(lib_a-mbtowc_r.o)
 .data          0x20000588        0x0 c:/actel/libero_v9.1/softconsole/sourcery-g++/bin/../lib/gcc/arm-none-eabi/4.4.1/../../../../arm-none-eabi/lib/thumb2\libc.a(lib_a-memchr.o)
 .data          0x20000588        0x0 c:/actel/libero_v9.1/softconsole/sourcery-g++/bin/../lib/gcc/arm-none-eabi/4.4.1/../../../../arm-none-eabi/lib/thumb2\libc.a(lib_a-memcpy.o)
 .data          0x20000588        0x0 c:/actel/libero_v9.1/softconsole/sourcery-g++/bin/../lib/gcc/arm-none-eabi/4.4.1/../../../../arm-none-eabi/lib/thumb2\libc.a(lib_a-memmove.o)
 .data          0x20000588        0x0 c:/actel/libero_v9.1/softconsole/sourcery-g++/bin/../lib/gcc/arm-none-eabi/4.4.1/../../../../arm-none-eabi/lib/thumb2\libc.a(lib_a-memset.o)
 .data          0x20000588        0x0 c:/actel/libero_v9.1/softconsole/sourcery-g++/bin/../lib/gcc/arm-none-eabi/4.4.1/../../../../arm-none-eabi/lib/thumb2\libc.a(lib_a-mlock.o)
 .data          0x20000588        0x0 c:/actel/libero_v9.1/softconsole/sourcery-g++/bin/../lib/gcc/arm-none-eabi/4.4.1/../../../../arm-none-eabi/lib/thumb2\libc.a(lib_a-mprec.o)
 .data          0x20000588        0x0 c:/actel/libero_v9.1/softconsole/sourcery-g++/bin/../lib/gcc/arm-none-eabi/4.4.1/../../../../arm-none-eabi/lib/thumb2\libc.a(lib_a-reallocr.o)
 .data          0x20000588        0x0 c:/actel/libero_v9.1/softconsole/sourcery-g++/bin/../lib/gcc/arm-none-eabi/4.4.1/../../../../arm-none-eabi/lib/thumb2\libc.a(lib_a-s_isinfd.o)
 .data          0x20000588        0x0 c:/actel/libero_v9.1/softconsole/sourcery-g++/bin/../lib/gcc/arm-none-eabi/4.4.1/../../../../arm-none-eabi/lib/thumb2\libc.a(lib_a-s_isnand.o)
 .data          0x20000588        0x0 c:/actel/libero_v9.1/softconsole/sourcery-g++/bin/../lib/gcc/arm-none-eabi/4.4.1/../../../../arm-none-eabi/lib/thumb2\libc.a(lib_a-sbrkr.o)
 .data          0x20000588        0x0 c:/actel/libero_v9.1/softconsole/sourcery-g++/bin/../lib/gcc/arm-none-eabi/4.4.1/../../../../arm-none-eabi/lib/thumb2\libc.a(lib_a-sccl.o)
 .data          0x20000588        0x0 c:/actel/libero_v9.1/softconsole/sourcery-g++/bin/../lib/gcc/arm-none-eabi/4.4.1/../../../../arm-none-eabi/lib/thumb2\libc.a(lib_a-sf_nan.o)
 .data          0x20000588        0x0 c:/actel/libero_v9.1/softconsole/sourcery-g++/bin/../lib/gcc/arm-none-eabi/4.4.1/../../../../arm-none-eabi/lib/thumb2\libc.a(lib_a-stdio.o)
 .data          0x20000588        0x0 c:/actel/libero_v9.1/softconsole/sourcery-g++/bin/../lib/gcc/arm-none-eabi/4.4.1/../../../../arm-none-eabi/lib/thumb2\libc.a(lib_a-strcmp.o)
 .data          0x20000588       0x28 c:/actel/libero_v9.1/softconsole/sourcery-g++/bin/../lib/gcc/arm-none-eabi/4.4.1/../../../../arm-none-eabi/lib/thumb2\libc.a(lib_a-strtod.o)
 .data          0x200005b0        0x0 c:/actel/libero_v9.1/softconsole/sourcery-g++/bin/../lib/gcc/arm-none-eabi/4.4.1/../../../../arm-none-eabi/lib/thumb2\libc.a(lib_a-strtol.o)
 .data          0x200005b0        0x0 c:/actel/libero_v9.1/softconsole/sourcery-g++/bin/../lib/gcc/arm-none-eabi/4.4.1/../../../../arm-none-eabi/lib/thumb2\libc.a(lib_a-strtoll_r.o)
 .data          0x200005b0        0x0 c:/actel/libero_v9.1/softconsole/sourcery-g++/bin/../lib/gcc/arm-none-eabi/4.4.1/../../../../arm-none-eabi/lib/thumb2\libc.a(lib_a-strtoul.o)
 .data          0x200005b0        0x0 c:/actel/libero_v9.1/softconsole/sourcery-g++/bin/../lib/gcc/arm-none-eabi/4.4.1/../../../../arm-none-eabi/lib/thumb2\libc.a(lib_a-strtoull_r.o)
 .data          0x200005b0        0x0 c:/actel/libero_v9.1/softconsole/sourcery-g++/bin/../lib/gcc/arm-none-eabi/4.4.1/../../../../arm-none-eabi/lib/thumb2\libc.a(lib_a-callocr.o)
 .data          0x200005b0        0x0 c:/actel/libero_v9.1/softconsole/sourcery-g++/bin/../lib/gcc/arm-none-eabi/4.4.1/../../../../arm-none-eabi/lib/thumb2\libc.a(lib_a-closer.o)
 .data          0x200005b0        0x0 c:/actel/libero_v9.1/softconsole/sourcery-g++/bin/../lib/gcc/arm-none-eabi/4.4.1/../../../../arm-none-eabi/lib/thumb2\libc.a(lib_a-fclose.o)
 .data          0x200005b0        0x0 c:/actel/libero_v9.1/softconsole/sourcery-g++/bin/../lib/gcc/arm-none-eabi/4.4.1/../../../../arm-none-eabi/lib/thumb2\libc.a(lib_a-fstatr.o)
 .data          0x200005b0        0x0 c:/actel/libero_v9.1/softconsole/sourcery-g++/bin/../lib/gcc/arm-none-eabi/4.4.1/../../../../arm-none-eabi/lib/thumb2\libc.a(lib_a-gdtoa-gethex.o)
 .data          0x200005b0        0x0 c:/actel/libero_v9.1/softconsole/sourcery-g++/bin/../lib/gcc/arm-none-eabi/4.4.1/../../../../arm-none-eabi/lib/thumb2\libc.a(lib_a-gdtoa-hexnan.o)
 .data          0x200005b0        0x0 c:/actel/libero_v9.1/softconsole/sourcery-g++/bin/../lib/gcc/arm-none-eabi/4.4.1/../../../../arm-none-eabi/lib/thumb2\libc.a(lib_a-isattyr.o)
 .data          0x200005b0        0x0 c:/actel/libero_v9.1/softconsole/sourcery-g++/bin/../lib/gcc/arm-none-eabi/4.4.1/../../../../arm-none-eabi/lib/thumb2\libc.a(lib_a-lseekr.o)
 .data          0x200005b0        0x0 c:/actel/libero_v9.1/softconsole/sourcery-g++/bin/../lib/gcc/arm-none-eabi/4.4.1/../../../../arm-none-eabi/lib/thumb2\libc.a(lib_a-readr.o)
 .data          0x200005b0        0x0 c:/actel/libero_v9.1/softconsole/sourcery-g++/bin/../lib/gcc/arm-none-eabi/4.4.1/../../../../arm-none-eabi/lib/thumb2\libc.a(lib_a-reent.o)
 .data          0x200005b0        0x0 c:/actel/libero_v9.1/softconsole/sourcery-g++/bin/../lib/gcc/arm-none-eabi/4.4.1/thumb2\libgcc.a(_udivsi3.o)
 .data          0x200005b0        0x0 c:/actel/libero_v9.1/softconsole/sourcery-g++/bin/../lib/gcc/arm-none-eabi/4.4.1/thumb2\libgcc.a(_dvmd_tls.o)
 .data          0x200005b0        0x0 c:/actel/libero_v9.1/softconsole/sourcery-g++/bin/../lib/gcc/arm-none-eabi/4.4.1/thumb2\libgcc.a(_arm_cmpdf2.o)
 .data          0x200005b0        0x0 c:/actel/libero_v9.1/softconsole/sourcery-g++/bin/../lib/gcc/arm-none-eabi/4.4.1/thumb2\libgcc.a(_arm_fixunsdfsi.o)
 .data          0x200005b0        0x0 c:/actel/libero_v9.1/softconsole/sourcery-g++/bin/../lib/gcc/arm-none-eabi/4.4.1/thumb2\libgcc.a(_arm_truncdfsf2.o)
 .data          0x200005b0        0x0 c:/actel/libero_v9.1/softconsole/sourcery-g++/bin/../lib/gcc/arm-none-eabi/4.4.1/thumb2\libgcc.a(_arm_cmpsf2.o)
 .data          0x200005b0        0x0 c:/actel/libero_v9.1/softconsole/sourcery-g++/bin/../lib/gcc/arm-none-eabi/4.4.1/thumb2\libgcc.a(_aeabi_uldivmod.o)
 .data          0x200005b0        0x0 c:/actel/libero_v9.1/softconsole/sourcery-g++/bin/../lib/gcc/arm-none-eabi/4.4.1/thumb2\libgcc.a(bpabi.o)
 .data          0x200005b0        0x0 c:/actel/libero_v9.1/softconsole/sourcery-g++/bin/../lib/gcc/arm-none-eabi/4.4.1/thumb2\libgcc.a(_divdi3.o)
 .data          0x200005b0        0x0 c:/actel/libero_v9.1/softconsole/sourcery-g++/bin/../lib/gcc/arm-none-eabi/4.4.1/thumb2\libgcc.a(_udivdi3.o)
 .data          0x200005b0        0x0 c:/actel/libero_v9.1/softconsole/sourcery-g++/bin/../lib/gcc/arm-none-eabi/4.4.1/thumb2/crtend.o
 .data          0x200005b0        0x0 c:/actel/libero_v9.1/softconsole/sourcery-g++/bin/../lib/gcc/arm-none-eabi/4.4.1/thumb2/crtn.o
                0x200005b0                . = ALIGN (0x4)
                0x200005b0                _edata = .

.bss            0x200005b0      0x1c8 load address 0x60012f24
                0x200005b0                __bss_start__ = .
                0x200005b0                _sbss = .
 *(.shbss)
 *(.bss .bss.* .gnu.linkonce.b.*)
 .bss           0x200005b0        0x0 c:/actel/libero_v9.1/softconsole/sourcery-g++/bin/../lib/gcc/arm-none-eabi/4.4.1/thumb2/crti.o
 .bss           0x200005b0        0x1 c:/actel/libero_v9.1/softconsole/sourcery-g++/bin/../lib/gcc/arm-none-eabi/4.4.1/thumb2/crtbegin.o
 .bss           0x200005b1        0x0 ./core_pwm.o
 .bss           0x200005b1        0x0 ./main.o
 .bss           0x200005b1        0x0 ./hal/CortexM3/cortex_nvic.o
 .bss           0x200005b1        0x0 ./hal/CortexM3/GNU/hal.o
 .bss           0x200005b1        0x0 ./hal/CortexM3/GNU/hal_assert.o
 .bss           0x200005b1        0x0 ./hal/CortexM3/GNU/hw_reg_access.o
 .bss           0x200005b1        0x0 ./drivers_config/mss_ace/ace_config.o
 .bss           0x200005b1        0x0 ./drivers/mss_uart/mss_uart.o
 .bss           0x200005b1        0x0 ./drivers/mss_gpio/mss_gpio.o
 *fill*         0x200005b1        0x3 00
 .bss           0x200005b4       0x10 ./drivers/mss_ace/ace_convert.o
 .bss           0x200005c4        0x0 ./drivers/mss_ace/ace_flags.o
 .bss           0x200005c4        0x0 ./drivers/mss_ace/ace_sse.o
 .bss           0x200005c4        0x0 ./drivers/mss_ace/ace_transform.o
 .bss           0x200005c4        0x0 ./drivers/mss_ace/mss_ace.o
 .bss           0x200005c4        0x0 ./drivers/CoreUARTapb/core_uart_apb.o
 .bss           0x200005c4        0x0 ./CMSIS/brownout_isr.o
 .bss           0x200005c4        0x0 ./CMSIS/core_cm3.o
 .bss           0x200005c4        0x0 ./CMSIS/system_a2fxxxm3.o
 .bss           0x200005c4        0xc ./CMSIS/startup_gcc/newlib_stubs.o
                0x200005c8                __env
 .bss           0x200005d0        0x0 ./CMSIS/startup_gcc/startup_a2fxxxm3.o
 .bss           0x200005d0        0x0 c:/actel/libero_v9.1/softconsole/sourcery-g++/bin/../lib/gcc/arm-none-eabi/4.4.1/thumb2\libgcc.a(_arm_addsubdf3.o)
 .bss           0x200005d0        0x0 c:/actel/libero_v9.1/softconsole/sourcery-g++/bin/../lib/gcc/arm-none-eabi/4.4.1/thumb2\libgcc.a(_arm_muldivdf3.o)
 .bss           0x200005d0        0x0 c:/actel/libero_v9.1/softconsole/sourcery-g++/bin/../lib/gcc/arm-none-eabi/4.4.1/thumb2\libgcc.a(_arm_fixdfsi.o)
 .bss           0x200005d0        0x0 c:/actel/libero_v9.1/softconsole/sourcery-g++/bin/../lib/gcc/arm-none-eabi/4.4.1/../../../../arm-none-eabi/lib/thumb2\libc.a(lib_a-errno.o)
 .bss           0x200005d0        0x0 c:/actel/libero_v9.1/softconsole/sourcery-g++/bin/../lib/gcc/arm-none-eabi/4.4.1/../../../../arm-none-eabi/lib/thumb2\libc.a(lib_a-impure.o)
 .bss           0x200005d0        0x0 c:/actel/libero_v9.1/softconsole/sourcery-g++/bin/../lib/gcc/arm-none-eabi/4.4.1/../../../../arm-none-eabi/lib/thumb2\libc.a(lib_a-init.o)
 .bss           0x200005d0        0x0 c:/actel/libero_v9.1/softconsole/sourcery-g++/bin/../lib/gcc/arm-none-eabi/4.4.1/../../../../arm-none-eabi/lib/thumb2\libc.a(lib_a-printf.o)
 .bss           0x200005d0        0x0 c:/actel/libero_v9.1/softconsole/sourcery-g++/bin/../lib/gcc/arm-none-eabi/4.4.1/../../../../arm-none-eabi/lib/thumb2\libc.a(lib_a-sprintf.o)
 .bss           0x200005d0        0x0 c:/actel/libero_v9.1/softconsole/sourcery-g++/bin/../lib/gcc/arm-none-eabi/4.4.1/../../../../arm-none-eabi/lib/thumb2\libc.a(lib_a-sscanf.o)
 .bss           0x200005d0        0x0 c:/actel/libero_v9.1/softconsole/sourcery-g++/bin/../lib/gcc/arm-none-eabi/4.4.1/../../../../arm-none-eabi/lib/thumb2\libc.a(lib_a-strlen.o)
 .bss           0x200005d0        0x0 c:/actel/libero_v9.1/softconsole/sourcery-g++/bin/../lib/gcc/arm-none-eabi/4.4.1/../../../../arm-none-eabi/lib/thumb2\libc.a(lib_a-strncmp.o)
 .bss           0x200005d0        0x0 c:/actel/libero_v9.1/softconsole/sourcery-g++/bin/../lib/gcc/arm-none-eabi/4.4.1/../../../../arm-none-eabi/lib/thumb2\libc.a(lib_a-svfprintf.o)
 .bss           0x200005d0        0x0 c:/actel/libero_v9.1/softconsole/sourcery-g++/bin/../lib/gcc/arm-none-eabi/4.4.1/../../../../arm-none-eabi/lib/thumb2\libc.a(lib_a-svfscanf.o)
 .bss           0x200005d0        0x0 c:/actel/libero_v9.1/softconsole/sourcery-g++/bin/../lib/gcc/arm-none-eabi/4.4.1/../../../../arm-none-eabi/lib/thumb2\libc.a(lib_a-ungetc.o)
 .bss           0x200005d0        0x0 c:/actel/libero_v9.1/softconsole/sourcery-g++/bin/../lib/gcc/arm-none-eabi/4.4.1/../../../../arm-none-eabi/lib/thumb2\libc.a(lib_a-vfprintf.o)
 .bss           0x200005d0        0x0 c:/actel/libero_v9.1/softconsole/sourcery-g++/bin/../lib/gcc/arm-none-eabi/4.4.1/../../../../arm-none-eabi/lib/thumb2\libc.a(lib_a-wsetup.o)
 .bss           0x200005d0        0x0 c:/actel/libero_v9.1/softconsole/sourcery-g++/bin/../lib/gcc/arm-none-eabi/4.4.1/../../../../arm-none-eabi/lib/thumb2\libc.a(lib_a-ctype_.o)
 .bss           0x200005d0        0x0 c:/actel/libero_v9.1/softconsole/sourcery-g++/bin/../lib/gcc/arm-none-eabi/4.4.1/../../../../arm-none-eabi/lib/thumb2\libc.a(lib_a-dtoa.o)
 .bss           0x200005d0        0x0 c:/actel/libero_v9.1/softconsole/sourcery-g++/bin/../lib/gcc/arm-none-eabi/4.4.1/../../../../arm-none-eabi/lib/thumb2\libc.a(lib_a-fflush.o)
 .bss           0x200005d0        0x0 c:/actel/libero_v9.1/softconsole/sourcery-g++/bin/../lib/gcc/arm-none-eabi/4.4.1/../../../../arm-none-eabi/lib/thumb2\libc.a(lib_a-findfp.o)
 .bss           0x200005d0        0x0 c:/actel/libero_v9.1/softconsole/sourcery-g++/bin/../lib/gcc/arm-none-eabi/4.4.1/../../../../arm-none-eabi/lib/thumb2\libc.a(lib_a-freer.o)
 .bss           0x200005d0        0x0 c:/actel/libero_v9.1/softconsole/sourcery-g++/bin/../lib/gcc/arm-none-eabi/4.4.1/../../../../arm-none-eabi/lib/thumb2\libc.a(lib_a-fvwrite.o)
 .bss           0x200005d0        0x0 c:/actel/libero_v9.1/softconsole/sourcery-g++/bin/../lib/gcc/arm-none-eabi/4.4.1/../../../../arm-none-eabi/lib/thumb2\libc.a(lib_a-fwalk.o)
 .bss           0x200005d0        0x0 c:/actel/libero_v9.1/softconsole/sourcery-g++/bin/../lib/gcc/arm-none-eabi/4.4.1/../../../../arm-none-eabi/lib/thumb2\libc.a(lib_a-iswspace.o)
 .bss           0x200005d0        0xc c:/actel/libero_v9.1/softconsole/sourcery-g++/bin/../lib/gcc/arm-none-eabi/4.4.1/../../../../arm-none-eabi/lib/thumb2\libc.a(lib_a-locale.o)
                0x200005d0                __nlocale_changed
                0x200005d4                __mlocale_changed
                0x200005d8                _PathLocale
 .bss           0x200005dc        0x0 c:/actel/libero_v9.1/softconsole/sourcery-g++/bin/../lib/gcc/arm-none-eabi/4.4.1/../../../../arm-none-eabi/lib/thumb2\libc.a(lib_a-makebuf.o)
 .bss           0x200005dc        0x0 c:/actel/libero_v9.1/softconsole/sourcery-g++/bin/../lib/gcc/arm-none-eabi/4.4.1/../../../../arm-none-eabi/lib/thumb2\libc.a(lib_a-malloc.o)
 .bss           0x200005dc       0x34 c:/actel/libero_v9.1/softconsole/sourcery-g++/bin/../lib/gcc/arm-none-eabi/4.4.1/../../../../arm-none-eabi/lib/thumb2\libc.a(lib_a-mallocr.o)
                0x200005dc                __malloc_top_pad
                0x200005e0                __malloc_current_mallinfo
                0x20000608                __malloc_max_sbrked_mem
                0x2000060c                __malloc_max_total_mem
 .bss           0x20000610        0x0 c:/actel/libero_v9.1/softconsole/sourcery-g++/bin/../lib/gcc/arm-none-eabi/4.4.1/../../../../arm-none-eabi/lib/thumb2\libc.a(lib_a-mbrtowc.o)
 .bss           0x20000610        0x0 c:/actel/libero_v9.1/softconsole/sourcery-g++/bin/../lib/gcc/arm-none-eabi/4.4.1/../../../../arm-none-eabi/lib/thumb2\libc.a(lib_a-mbtowc_r.o)
 .bss           0x20000610        0x0 c:/actel/libero_v9.1/softconsole/sourcery-g++/bin/../lib/gcc/arm-none-eabi/4.4.1/../../../../arm-none-eabi/lib/thumb2\libc.a(lib_a-memchr.o)
 .bss           0x20000610        0x0 c:/actel/libero_v9.1/softconsole/sourcery-g++/bin/../lib/gcc/arm-none-eabi/4.4.1/../../../../arm-none-eabi/lib/thumb2\libc.a(lib_a-memcpy.o)
 .bss           0x20000610        0x0 c:/actel/libero_v9.1/softconsole/sourcery-g++/bin/../lib/gcc/arm-none-eabi/4.4.1/../../../../arm-none-eabi/lib/thumb2\libc.a(lib_a-memmove.o)
 .bss           0x20000610        0x0 c:/actel/libero_v9.1/softconsole/sourcery-g++/bin/../lib/gcc/arm-none-eabi/4.4.1/../../../../arm-none-eabi/lib/thumb2\libc.a(lib_a-memset.o)
 .bss           0x20000610        0x0 c:/actel/libero_v9.1/softconsole/sourcery-g++/bin/../lib/gcc/arm-none-eabi/4.4.1/../../../../arm-none-eabi/lib/thumb2\libc.a(lib_a-mlock.o)
 .bss           0x20000610        0x0 c:/actel/libero_v9.1/softconsole/sourcery-g++/bin/../lib/gcc/arm-none-eabi/4.4.1/../../../../arm-none-eabi/lib/thumb2\libc.a(lib_a-mprec.o)
 .bss           0x20000610        0x0 c:/actel/libero_v9.1/softconsole/sourcery-g++/bin/../lib/gcc/arm-none-eabi/4.4.1/../../../../arm-none-eabi/lib/thumb2\libc.a(lib_a-reallocr.o)
 .bss           0x20000610        0x0 c:/actel/libero_v9.1/softconsole/sourcery-g++/bin/../lib/gcc/arm-none-eabi/4.4.1/../../../../arm-none-eabi/lib/thumb2\libc.a(lib_a-s_isinfd.o)
 .bss           0x20000610        0x0 c:/actel/libero_v9.1/softconsole/sourcery-g++/bin/../lib/gcc/arm-none-eabi/4.4.1/../../../../arm-none-eabi/lib/thumb2\libc.a(lib_a-s_isnand.o)
 .bss           0x20000610        0x0 c:/actel/libero_v9.1/softconsole/sourcery-g++/bin/../lib/gcc/arm-none-eabi/4.4.1/../../../../arm-none-eabi/lib/thumb2\libc.a(lib_a-sbrkr.o)
 .bss           0x20000610        0x0 c:/actel/libero_v9.1/softconsole/sourcery-g++/bin/../lib/gcc/arm-none-eabi/4.4.1/../../../../arm-none-eabi/lib/thumb2\libc.a(lib_a-sccl.o)
 .bss           0x20000610        0x0 c:/actel/libero_v9.1/softconsole/sourcery-g++/bin/../lib/gcc/arm-none-eabi/4.4.1/../../../../arm-none-eabi/lib/thumb2\libc.a(lib_a-sf_nan.o)
 .bss           0x20000610        0x0 c:/actel/libero_v9.1/softconsole/sourcery-g++/bin/../lib/gcc/arm-none-eabi/4.4.1/../../../../arm-none-eabi/lib/thumb2\libc.a(lib_a-stdio.o)
 .bss           0x20000610        0x0 c:/actel/libero_v9.1/softconsole/sourcery-g++/bin/../lib/gcc/arm-none-eabi/4.4.1/../../../../arm-none-eabi/lib/thumb2\libc.a(lib_a-strcmp.o)
 .bss           0x20000610        0x0 c:/actel/libero_v9.1/softconsole/sourcery-g++/bin/../lib/gcc/arm-none-eabi/4.4.1/../../../../arm-none-eabi/lib/thumb2\libc.a(lib_a-strtod.o)
 .bss           0x20000610        0x0 c:/actel/libero_v9.1/softconsole/sourcery-g++/bin/../lib/gcc/arm-none-eabi/4.4.1/../../../../arm-none-eabi/lib/thumb2\libc.a(lib_a-strtol.o)
 .bss           0x20000610        0x0 c:/actel/libero_v9.1/softconsole/sourcery-g++/bin/../lib/gcc/arm-none-eabi/4.4.1/../../../../arm-none-eabi/lib/thumb2\libc.a(lib_a-strtoll_r.o)
 .bss           0x20000610        0x0 c:/actel/libero_v9.1/softconsole/sourcery-g++/bin/../lib/gcc/arm-none-eabi/4.4.1/../../../../arm-none-eabi/lib/thumb2\libc.a(lib_a-strtoul.o)
 .bss           0x20000610        0x0 c:/actel/libero_v9.1/softconsole/sourcery-g++/bin/../lib/gcc/arm-none-eabi/4.4.1/../../../../arm-none-eabi/lib/thumb2\libc.a(lib_a-strtoull_r.o)
 .bss           0x20000610        0x0 c:/actel/libero_v9.1/softconsole/sourcery-g++/bin/../lib/gcc/arm-none-eabi/4.4.1/../../../../arm-none-eabi/lib/thumb2\libc.a(lib_a-callocr.o)
 .bss           0x20000610        0x0 c:/actel/libero_v9.1/softconsole/sourcery-g++/bin/../lib/gcc/arm-none-eabi/4.4.1/../../../../arm-none-eabi/lib/thumb2\libc.a(lib_a-closer.o)
 .bss           0x20000610        0x0 c:/actel/libero_v9.1/softconsole/sourcery-g++/bin/../lib/gcc/arm-none-eabi/4.4.1/../../../../arm-none-eabi/lib/thumb2\libc.a(lib_a-fclose.o)
 .bss           0x20000610        0x0 c:/actel/libero_v9.1/softconsole/sourcery-g++/bin/../lib/gcc/arm-none-eabi/4.4.1/../../../../arm-none-eabi/lib/thumb2\libc.a(lib_a-fstatr.o)
 .bss           0x20000610        0x0 c:/actel/libero_v9.1/softconsole/sourcery-g++/bin/../lib/gcc/arm-none-eabi/4.4.1/../../../../arm-none-eabi/lib/thumb2\libc.a(lib_a-gdtoa-gethex.o)
 .bss           0x20000610        0x0 c:/actel/libero_v9.1/softconsole/sourcery-g++/bin/../lib/gcc/arm-none-eabi/4.4.1/../../../../arm-none-eabi/lib/thumb2\libc.a(lib_a-gdtoa-hexnan.o)
 .bss           0x20000610        0x0 c:/actel/libero_v9.1/softconsole/sourcery-g++/bin/../lib/gcc/arm-none-eabi/4.4.1/../../../../arm-none-eabi/lib/thumb2\libc.a(lib_a-isattyr.o)
 .bss           0x20000610        0x0 c:/actel/libero_v9.1/softconsole/sourcery-g++/bin/../lib/gcc/arm-none-eabi/4.4.1/../../../../arm-none-eabi/lib/thumb2\libc.a(lib_a-lseekr.o)
 .bss           0x20000610        0x0 c:/actel/libero_v9.1/softconsole/sourcery-g++/bin/../lib/gcc/arm-none-eabi/4.4.1/../../../../arm-none-eabi/lib/thumb2\libc.a(lib_a-readr.o)
 .bss           0x20000610        0x0 c:/actel/libero_v9.1/softconsole/sourcery-g++/bin/../lib/gcc/arm-none-eabi/4.4.1/../../../../arm-none-eabi/lib/thumb2\libc.a(lib_a-reent.o)
 .bss           0x20000610        0x0 c:/actel/libero_v9.1/softconsole/sourcery-g++/bin/../lib/gcc/arm-none-eabi/4.4.1/thumb2\libgcc.a(_udivsi3.o)
 .bss           0x20000610        0x0 c:/actel/libero_v9.1/softconsole/sourcery-g++/bin/../lib/gcc/arm-none-eabi/4.4.1/thumb2\libgcc.a(_dvmd_tls.o)
 .bss           0x20000610        0x0 c:/actel/libero_v9.1/softconsole/sourcery-g++/bin/../lib/gcc/arm-none-eabi/4.4.1/thumb2\libgcc.a(_arm_cmpdf2.o)
 .bss           0x20000610        0x0 c:/actel/libero_v9.1/softconsole/sourcery-g++/bin/../lib/gcc/arm-none-eabi/4.4.1/thumb2\libgcc.a(_arm_fixunsdfsi.o)
 .bss           0x20000610        0x0 c:/actel/libero_v9.1/softconsole/sourcery-g++/bin/../lib/gcc/arm-none-eabi/4.4.1/thumb2\libgcc.a(_arm_truncdfsf2.o)
 .bss           0x20000610        0x0 c:/actel/libero_v9.1/softconsole/sourcery-g++/bin/../lib/gcc/arm-none-eabi/4.4.1/thumb2\libgcc.a(_arm_cmpsf2.o)
 .bss           0x20000610        0x0 c:/actel/libero_v9.1/softconsole/sourcery-g++/bin/../lib/gcc/arm-none-eabi/4.4.1/thumb2\libgcc.a(_aeabi_uldivmod.o)
 .bss           0x20000610        0x0 c:/actel/libero_v9.1/softconsole/sourcery-g++/bin/../lib/gcc/arm-none-eabi/4.4.1/thumb2\libgcc.a(bpabi.o)
 .bss           0x20000610        0x0 c:/actel/libero_v9.1/softconsole/sourcery-g++/bin/../lib/gcc/arm-none-eabi/4.4.1/thumb2\libgcc.a(_divdi3.o)
 .bss           0x20000610        0x0 c:/actel/libero_v9.1/softconsole/sourcery-g++/bin/../lib/gcc/arm-none-eabi/4.4.1/thumb2\libgcc.a(_udivdi3.o)
 .bss           0x20000610        0x0 c:/actel/libero_v9.1/softconsole/sourcery-g++/bin/../lib/gcc/arm-none-eabi/4.4.1/thumb2/crtend.o
 .bss           0x20000610        0x0 c:/actel/libero_v9.1/softconsole/sourcery-g++/bin/../lib/gcc/arm-none-eabi/4.4.1/thumb2/crtn.o
 *(COMMON)
 COMMON         0x20000610       0x11 ./main.o
                0x20000610                g_uart
                0x20000618                motors
                0x2000061c                servos
                0x20000620                adc_handler
 *fill*         0x20000621        0x3 00
 COMMON         0x20000624       0x50 ./drivers/mss_uart/mss_uart.o
                0x20000624                g_mss_uart1
                0x2000064c                g_mss_uart0
 COMMON         0x20000674      0x100 c:/actel/libero_v9.1/softconsole/sourcery-g++/bin/../lib/gcc/arm-none-eabi/4.4.1/../../../../arm-none-eabi/lib/thumb2\libc.a(lib_a-gdtoa-gethex.o)
                0x20000674                __hexdig
 COMMON         0x20000774        0x4 c:/actel/libero_v9.1/softconsole/sourcery-g++/bin/../lib/gcc/arm-none-eabi/4.4.1/../../../../arm-none-eabi/lib/thumb2\libc.a(lib_a-reent.o)
                0x20000774                errno
                0x20000778                . = ALIGN (0x8)
                0x20000778                __bss_end__ = .
                0x20000778                _end = .
                0x20000778                __end = _end
                0x20000778                _ebss = .
                0x20000778                PROVIDE (end, .)

.stab
 *(.stab)

.stabstr
 *(.stabstr)

.debug
 *(.debug)

.line
 *(.line)

.debug_srcinfo
 *(.debug_srcinfo)

.debug_sfnames
 *(.debug_sfnames)

.comment        0x00000000      0x2db
 .comment       0x00000000       0x2b ./core_pwm.o
 .comment       0x0000002b       0x2b ./main.o
 .comment       0x00000056       0x2b ./hal/CortexM3/cortex_nvic.o
 .comment       0x00000081       0x2b ./hal/CortexM3/GNU/hal_assert.o
 .comment       0x000000ac       0x2b ./drivers_config/mss_ace/ace_config.o
 .comment       0x000000d7       0x2b ./drivers/mss_uart/mss_uart.o
 .comment       0x00000102       0x2b ./drivers/mss_gpio/mss_gpio.o
 .comment       0x0000012d       0x2b ./drivers/mss_ace/ace_convert.o
 .comment       0x00000158       0x2b ./drivers/mss_ace/ace_flags.o
 .comment       0x00000183       0x2b ./drivers/mss_ace/ace_sse.o
 .comment       0x000001ae       0x2b ./drivers/mss_ace/ace_transform.o
 .comment       0x000001d9       0x2b ./drivers/mss_ace/mss_ace.o
 .comment       0x00000204       0x2b ./drivers/CoreUARTapb/core_uart_apb.o
 .comment       0x0000022f       0x2b ./CMSIS/brownout_isr.o
 .comment       0x0000025a       0x2b ./CMSIS/core_cm3.o
 .comment       0x00000285       0x2b ./CMSIS/system_a2fxxxm3.o
 .comment       0x000002b0       0x2b ./CMSIS/startup_gcc/newlib_stubs.o

.debug_aranges  0x00000000      0x200
 *(.debug_aranges)
 .debug_aranges
                0x00000000       0x20 ./core_pwm.o
 .debug_aranges
                0x00000020       0x20 ./main.o
 .debug_aranges
                0x00000040       0x20 ./hal/CortexM3/cortex_nvic.o
 .debug_aranges
                0x00000060       0x20 ./hal/CortexM3/GNU/hal_assert.o
 .debug_aranges
                0x00000080       0x20 ./drivers/mss_uart/mss_uart.o
 .debug_aranges
                0x000000a0       0x20 ./drivers/mss_gpio/mss_gpio.o
 .debug_aranges
                0x000000c0       0x20 ./drivers/mss_ace/ace_convert.o
 .debug_aranges
                0x000000e0       0x20 ./drivers/mss_ace/ace_flags.o
 .debug_aranges
                0x00000100       0x20 ./drivers/mss_ace/ace_sse.o
 .debug_aranges
                0x00000120       0x20 ./drivers/mss_ace/ace_transform.o
 .debug_aranges
                0x00000140       0x20 ./drivers/mss_ace/mss_ace.o
 .debug_aranges
                0x00000160       0x20 ./drivers/CoreUARTapb/core_uart_apb.o
 .debug_aranges
                0x00000180       0x20 ./CMSIS/brownout_isr.o
 .debug_aranges
                0x000001a0       0x20 ./CMSIS/core_cm3.o
 .debug_aranges
                0x000001c0       0x20 ./CMSIS/system_a2fxxxm3.o
 .debug_aranges
                0x000001e0       0x20 ./CMSIS/startup_gcc/newlib_stubs.o

.debug_pubnames
                0x00000000     0x17ec
 *(.debug_pubnames)
 .debug_pubnames
                0x00000000      0x1e7 ./core_pwm.o
 .debug_pubnames
                0x000001e7       0xcf ./main.o
 .debug_pubnames
                0x000002b6       0x99 ./hal/CortexM3/cortex_nvic.o
 .debug_pubnames
                0x0000034f       0x26 ./hal/CortexM3/GNU/hal_assert.o
 .debug_pubnames
                0x00000375      0x14a ./drivers_config/mss_ace/ace_config.o
 .debug_pubnames
                0x000004bf      0x21c ./drivers/mss_uart/mss_uart.o
 .debug_pubnames
                0x000006db       0xb1 ./drivers/mss_gpio/mss_gpio.o
 .debug_pubnames
                0x0000078c      0x1ec ./drivers/mss_ace/ace_convert.o
 .debug_pubnames
                0x00000978      0x65f ./drivers/mss_ace/ace_flags.o
 .debug_pubnames
                0x00000fd7       0xeb ./drivers/mss_ace/ace_sse.o
 .debug_pubnames
                0x000010c2       0xec ./drivers/mss_ace/ace_transform.o
 .debug_pubnames
                0x000011ae      0x292 ./drivers/mss_ace/mss_ace.o
 .debug_pubnames
                0x00001440       0x85 ./drivers/CoreUARTapb/core_uart_apb.o
 .debug_pubnames
                0x000014c5       0x2f ./CMSIS/brownout_isr.o
 .debug_pubnames
                0x000014f4      0x159 ./CMSIS/core_cm3.o
 .debug_pubnames
                0x0000164d       0xb4 ./CMSIS/system_a2fxxxm3.o
 .debug_pubnames
                0x00001701       0xeb ./CMSIS/startup_gcc/newlib_stubs.o

.debug_info     0x00000000     0xd719